[0.479s] Invoking command in '/root/ros_ws/build/turtlebot3_gazebo': CMAKE_PREFIX_PATH=${CMAKE_PREFIX_PATH}:/root/ros_ws/install/turtlebot3_teleop:/root/ros_ws/install/turtlebot3_example:/root/ros_ws/install/tb3_multi_nav:/opt/ros/jazzy /usr/bin/cmake /root/ros_ws/src/turtlebot3_gazebo -DCMAKE_INSTALL_PREFIX=/root/ros_ws/install/turtlebot3_gazebo
[0.538s] -- The C compiler identification is GNU 13.3.0
[0.591s] -- The CXX compiler identification is GNU 13.3.0
[0.607s] -- Detecting C compiler ABI info
[0.707s] -- Detecting C compiler ABI info - done
[0.718s] -- Check for working C compiler: /usr/bin/cc - skipped
[0.718s] -- Detecting C compile features
[0.719s] -- Detecting C compile features - done
[0.727s] -- Detecting CXX compiler ABI info
[0.826s] -- Detecting CXX compiler ABI info - done
[0.832s] -- Check for working CXX compiler: /usr/bin/c++ - skipped
[0.833s] -- Detecting CXX compile features
[0.833s] -- Detecting CXX compile features - done
[0.839s] -- Found ament_cmake: 2.5.4 (/opt/ros/jazzy/share/ament_cmake/cmake)
[0.995s] -- Found Python3: /usr/bin/python3 (found version "3.12.3") found components: Interpreter 
[1.103s] -- Found ros_gz_sim: 1.0.16 (/opt/ros/jazzy/share/ros_gz_sim/cmake)
[1.160s] -- Found rosidl_generator_c: 4.6.6 (/opt/ros/jazzy/share/rosidl_generator_c/cmake)
[1.179s] -- Found rosidl_generator_cpp: 4.6.6 (/opt/ros/jazzy/share/rosidl_generator_cpp/cmake)
[1.198s] -- Using all available rosidl_typesupport_c: rosidl_typesupport_fastrtps_c;rosidl_typesupport_introspection_c
[1.219s] -- Using all available rosidl_typesupport_cpp: rosidl_typesupport_fastrtps_cpp;rosidl_typesupport_introspection_cpp
[1.302s] -- Found rmw_implementation_cmake: 7.3.2 (/opt/ros/jazzy/share/rmw_implementation_cmake/cmake)
[1.306s] -- Found rmw_fastrtps_cpp: 8.4.3 (/opt/ros/jazzy/share/rmw_fastrtps_cpp/cmake)
[1.383s] -- Found OpenSSL: /usr/lib/x86_64-linux-gnu/libcrypto.so (found version "3.0.13")  
[1.400s] -- Found FastRTPS: /opt/ros/jazzy/include (Required is at least version "2.13") 
[1.418s] -- Using RMW implementation 'rmw_fastrtps_cpp' as default
[1.722s] -- Found nav_msgs: 5.3.6 (/opt/ros/jazzy/share/nav_msgs/cmake)
[1.757s] -- Found sensor_msgs: 5.3.6 (/opt/ros/jazzy/share/sensor_msgs/cmake)
[1.791s] -- Found gz_math_vendor: 0.0.8 (/opt/ros/jazzy/share/gz_math_vendor/cmake)
[1.816s] -- Looking for gz-math7 -- found version 7.5.2
[1.842s] -- Searching for dependencies of gz-math7
[1.846s] -- Looking for gz-utils2 -- found version 2.2.1
[1.847s] -- Searching for dependencies of gz-utils2
[1.857s] -- Found gz_sim_vendor: 0.0.8 (/opt/ros/jazzy/share/gz_sim_vendor/cmake)
[2.002s] -- Looking for gz-sim8 -- found version 8.9.0
[2.002s] -- Searching for dependencies of gz-sim8
[2.005s] -- Looking for sdformat14 -- found version 14.8.0
[2.005s] -- Searching for dependencies of sdformat14
[2.011s] -- Checking for module 'tinyxml2'
[2.037s] --   Found tinyxml2, version 10.0.0
[2.093s] -- Looking for gz-math7 -- found version 7.5.2
[2.094s] -- Looking for gz-utils2 -- found version 2.2.1
[2.094s] -- Searching for dependencies of gz-utils2
[2.094s] -- Searching for <gz-utils2> component [cli]
[2.101s] -- Looking for gz-utils2-cli -- found version 2.2.1
[2.101s] -- Searching for dependencies of gz-utils2-cli
[2.109s] -- Looking for gz-plugin2 -- found version 2.0.4
[2.109s] -- Searching for dependencies of gz-plugin2
[2.110s] -- Looking for gz-utils2 -- found version 2.2.1
[2.113s] -- Searching for <gz-plugin2> component [loader]
[2.119s] -- Looking for gz-plugin2-loader -- found version 2.0.4
[2.119s] -- Searching for dependencies of gz-plugin2-loader
[2.121s] -- Searching for <gz-plugin2> component [register]
[2.127s] -- Looking for gz-plugin2-register -- found version 2.0.4
[2.127s] -- Searching for dependencies of gz-plugin2-register
[2.134s] -- Looking for gz-transport13 -- found version 13.4.1
[2.134s] -- Searching for dependencies of gz-transport13
[2.341s] -- Found Protobuf: /usr/lib/x86_64-linux-gnu/libprotobuf.so (found version "3.21.12") 
[2.363s] -- Config-file not installed for ZeroMQ -- checking for pkg-config
[2.371s] -- Checking for module 'libzmq >= 4'
[2.399s] --   Found libzmq, version 4.3.5
[2.464s] -- Found ZeroMQ: TRUE (Required is at least version "4") 
[2.475s] -- Checking for module 'uuid'
[2.500s] --   Found uuid, version 2.39.3
[2.555s] -- Found UUID: TRUE  
[2.556s] -- Looking for gz-utils2 -- found version 2.2.1
[2.562s] -- Looking for gz-msgs10 -- found version 10.3.2
[2.562s] -- Searching for dependencies of gz-msgs10
[2.592s] -- Looking for gz-utils2 -- found version 2.2.1
[2.593s] -- Looking for gz-math7 -- found version 7.5.2
[2.609s] -- Searching for <gz-transport13> component [log]
[2.614s] -- Looking for gz-transport13-log -- found version 13.4.1
[2.614s] -- Searching for dependencies of gz-transport13-log
[2.616s] -- Searching for <gz-transport13> component [parameters]
[2.621s] -- Looking for gz-transport13-parameters -- found version 13.4.1
[2.621s] -- Searching for dependencies of gz-transport13-parameters
[2.623s] -- Looking for gz-msgs10 -- found version 10.3.2
[2.626s] -- Looking for gz-common5 -- found version 5.7.1
[2.626s] -- Searching for dependencies of gz-common5
[2.627s] -- Looking for gz-utils2 -- found version 2.2.1
[2.628s] -- Looking for dlfcn.h - found
[2.629s] -- Looking for libdl - found
[2.630s] -- Found DL: TRUE  
[2.642s] -- Searching for <gz-common5> component [av]
[2.649s] -- Looking for gz-common5-av -- found version 5.7.1
[2.649s] -- Searching for dependencies of gz-common5-av
[2.659s] -- Checking for module 'libswscale'
[2.689s] --   Found libswscale, version 7.5.100
[2.746s] -- Found SWSCALE: TRUE  
[2.755s] -- Checking for module 'libavdevice >= 56.4.100'
[2.781s] --   Found libavdevice, version 60.3.100
[2.850s] -- Found AVDEVICE: TRUE (Required is at least version "56.4.100") 
[2.858s] -- Checking for module 'libavformat'
[2.886s] --   Found libavformat, version 60.16.100
[2.948s] -- Found AVFORMAT: TRUE  
[2.956s] -- Checking for module 'libavcodec'
[2.985s] --   Found libavcodec, version 60.31.102
[3.042s] -- Found AVCODEC: TRUE  
[3.050s] -- Checking for module 'libavutil'
[3.076s] --   Found libavutil, version 58.29.100
[3.134s] -- Found AVUTIL: TRUE  
[3.136s] -- Searching for <gz-common5> component [events]
[3.140s] -- Looking for gz-common5-events -- found version 5.7.1
[3.140s] -- Searching for dependencies of gz-common5-events
[3.141s] -- Looking for gz-math7 -- found version 7.5.2
[3.143s] -- Searching for <gz-common5> component [graphics]
[3.148s] -- Looking for gz-common5-graphics -- found version 5.7.1
[3.149s] -- Searching for dependencies of gz-common5-graphics
[3.149s] -- Looking for gz-math7 -- found version 7.5.2
[3.156s] -- Found GzAssimp: TRUE (found version "5.3.0") 
[3.157s] -- Searching for <gz-common5> component [io]
[3.161s] -- Looking for gz-common5-io -- found version 5.7.1
[3.161s] -- Searching for dependencies of gz-common5-io
[3.163s] -- Searching for <gz-common5> component [profiler]
[3.168s] -- Looking for gz-common5-profiler -- found version 5.7.1
[3.168s] -- Searching for dependencies of gz-common5-profiler
[3.174s] -- Looking for gz-fuel_tools9 -- found version 9.1.1
[3.174s] -- Searching for dependencies of gz-fuel_tools9
[3.321s] -- Found CURL: /usr/lib/x86_64-linux-gnu/libcurl.so (found version "8.5.0")  
[3.339s] -- Checking for module 'jsoncpp'
[3.367s] --   Found jsoncpp, version 1.9.5
[3.425s] -- Found JSONCPP: TRUE  
[3.458s] -- Checking for module 'yaml-0.1'
[3.487s] --   Found yaml-0.1, version 0.2.5
[3.546s] -- Found YAML: TRUE  
[3.554s] -- Checking for module 'libzip'
[3.583s] --   Found libzip, version 1.7.3
[3.648s] -- Found ZIP: TRUE  
[3.653s] -- Looking for gz-utils2 -- found version 2.2.1
[3.653s] -- Looking for gz-common5 -- found version 5.7.1
[3.654s] -- Searching for dependencies of gz-common5
[3.656s] -- Looking for gz-utils2 -- found version 2.2.1
[3.656s] -- Looking for dlfcn.h - found
[3.656s] -- Looking for libdl - found
[3.665s] -- Searching for <gz-common5> component [testing]
[3.671s] -- Looking for gz-common5-testing -- found version 5.7.1
[3.672s] -- Searching for dependencies of gz-common5-testing
[3.675s] -- Looking for gz-math7 -- found version 7.5.2
[3.675s] -- Looking for gz-msgs10 -- found version 10.3.2
[3.685s] -- Looking for gz-gui8 -- found version 8.4.0
[3.685s] -- Searching for dependencies of gz-gui8
[3.726s] -- Looking for gz-utils2 -- found version 2.2.1
[3.726s] -- Looking for gz-math7 -- found version 7.5.2
[3.727s] -- Looking for gz-common5 -- found version 5.7.1
[3.728s] -- Looking for gz-plugin2 -- found version 2.0.4
[3.728s] -- Looking for gz-transport13 -- found version 13.4.1
[3.733s] -- Looking for gz-rendering8 -- found version 8.2.2
[3.733s] -- Searching for dependencies of gz-rendering8
[3.734s] -- Looking for gz-math7 -- found version 7.5.2
[3.734s] -- Searching for dependencies of gz-math7
[3.735s] -- Looking for gz-utils2 -- found version 2.2.1
[3.735s] -- Searching for <gz-math7> component [eigen3]
[3.741s] -- Looking for gz-math7-eigen3 -- found version 7.5.2
[3.741s] -- Searching for dependencies of gz-math7-eigen3
[3.760s] -- Looking for gz-common5 -- found version 5.7.1
[3.760s] -- Searching for dependencies of gz-common5
[3.761s] -- Looking for gz-utils2 -- found version 2.2.1
[3.761s] -- Looking for dlfcn.h - found
[3.761s] -- Looking for libdl - found
[3.773s] -- Searching for <gz-common5> component [graphics]
[3.774s] -- Searching for <gz-common5> component [events]
[3.774s] -- Searching for <gz-common5> component [geospatial]
[3.779s] -- Looking for gz-common5-geospatial -- found version 5.7.1
[3.779s] -- Searching for dependencies of gz-common5-geospatial
[3.780s] -- Looking for gz-math7 -- found version 7.5.2
[3.780s] -- Looking for gz-common5 -- found version 5.7.1
[3.783s] -- Looking for gz-plugin2 -- found version 2.0.4
[3.783s] -- Searching for dependencies of gz-plugin2
[3.784s] -- Looking for gz-utils2 -- found version 2.2.1
[3.784s] -- Searching for <gz-plugin2> component [all]
[3.789s] -- Looking for all libraries of gz-plugin2 -- found version 2.0.4
[3.790s] -- Looking for gz-plugin2 -- found version 2.0.4
[3.792s] -- Looking for gz-utils2 -- found version 2.2.1
[3.815s] -- Found OpenGL: /usr/lib/x86_64-linux-gnu/libOpenGL.so  found components: OpenGL 
[3.818s] -- Looking for gz-msgs10 -- found version 10.3.2
[3.875s] -- Looking for gz-physics7 -- found version 7.5.0
[3.876s] -- Searching for dependencies of gz-physics7
[3.876s] -- Looking for gz-common5 -- found version 5.7.1
[3.877s] -- Looking for gz-math7 -- found version 7.5.2
[3.878s] -- Looking for gz-plugin2 -- found version 2.0.4
[3.879s] -- Looking for gz-utils2 -- found version 2.2.1
[3.886s] -- Searching for <gz-physics7> component [heightmap]
[3.891s] -- Looking for gz-physics7-heightmap -- found version 7.5.0
[3.891s] -- Searching for dependencies of gz-physics7-heightmap
[3.892s] -- Looking for gz-common5 -- found version 5.7.1
[3.894s] -- Searching for <gz-physics7> component [mesh]
[3.903s] -- Looking for gz-physics7-mesh -- found version 7.5.0
[3.904s] -- Searching for dependencies of gz-physics7-mesh
[3.905s] -- Looking for gz-common5 -- found version 5.7.1
[3.906s] -- Searching for <gz-physics7> component [sdf]
[3.910s] -- Looking for gz-physics7-sdf -- found version 7.5.0
[3.910s] -- Searching for dependencies of gz-physics7-sdf
[3.910s] -- Looking for sdformat14 -- found version 14.8.0
[3.917s] -- Looking for gz-sensors8 -- found version 8.2.2
[3.917s] -- Searching for dependencies of gz-sensors8
[3.951s] -- Looking for gz-math7 -- found version 7.5.2
[3.951s] -- Looking for gz-common5 -- found version 5.7.1
[3.952s] -- Looking for gz-transport13 -- found version 13.4.1
[3.952s] -- Looking for gz-rendering8 -- found version 8.2.2
[3.953s] -- Looking for gz-msgs10 -- found version 10.3.2
[3.954s] -- Looking for sdformat14 -- found version 14.8.0
[3.956s] -- Searching for <gz-sensors8> component [air_pressure]
[3.961s] -- Looking for gz-sensors8-air_pressure -- found version 8.2.2
[3.961s] -- Searching for dependencies of gz-sensors8-air_pressure
[3.963s] -- Searching for <gz-sensors8> component [air_speed]
[3.967s] -- Looking for gz-sensors8-air_speed -- found version 8.2.2
[3.968s] -- Searching for dependencies of gz-sensors8-air_speed
[3.969s] -- Searching for <gz-sensors8> component [altimeter]
[3.974s] -- Looking for gz-sensors8-altimeter -- found version 8.2.2
[3.974s] -- Searching for dependencies of gz-sensors8-altimeter
[3.976s] -- Searching for <gz-sensors8> component [imu]
[3.980s] -- Looking for gz-sensors8-imu -- found version 8.2.2
[3.981s] -- Searching for dependencies of gz-sensors8-imu
[3.982s] -- Searching for <gz-sensors8> component [force_torque]
[3.986s] -- Looking for gz-sensors8-force_torque -- found version 8.2.2
[3.987s] -- Searching for dependencies of gz-sensors8-force_torque
[3.989s] -- Searching for <gz-sensors8> component [logical_camera]
[3.993s] -- Looking for gz-sensors8-logical_camera -- found version 8.2.2
[3.994s] -- Searching for dependencies of gz-sensors8-logical_camera
[3.995s] -- Searching for <gz-sensors8> component [magnetometer]
[3.998s] -- Looking for gz-sensors8-magnetometer -- found version 8.2.2
[3.999s] -- Searching for dependencies of gz-sensors8-magnetometer
[4.000s] -- Searching for <gz-sensors8> component [navsat]
[4.004s] -- Looking for gz-sensors8-navsat -- found version 8.2.2
[4.005s] -- Searching for dependencies of gz-sensors8-navsat
[4.006s] -- Searching for <gz-sensors8> component [dvl]
[4.011s] -- Looking for gz-sensors8-dvl -- found version 8.2.2
[4.012s] -- Searching for dependencies of gz-sensors8-dvl
[4.012s] -- Looking for gz-sensors8 -- found version 8.2.2
[4.013s] -- Searching for dependencies of gz-sensors8
[4.050s] -- Looking for gz-math7 -- found version 7.5.2
[4.051s] -- Looking for gz-common5 -- found version 5.7.1
[4.052s] -- Looking for gz-transport13 -- found version 13.4.1
[4.052s] -- Looking for gz-rendering8 -- found version 8.2.2
[4.053s] -- Looking for gz-msgs10 -- found version 10.3.2
[4.054s] -- Looking for sdformat14 -- found version 14.8.0
[4.054s] -- Searching for <gz-sensors8> component [rendering]
[4.058s] -- Looking for gz-sensors8-rendering -- found version 8.2.2
[4.058s] -- Searching for dependencies of gz-sensors8-rendering
[4.062s] -- Searching for <gz-sensors8> component [rendering]
[4.063s] -- Searching for <gz-sensors8> component [lidar]
[4.067s] -- Looking for gz-sensors8-lidar -- found version 8.2.2
[4.067s] -- Searching for dependencies of gz-sensors8-lidar
[4.068s] -- Looking for gz-sensors8 -- found version 8.2.2
[4.071s] -- Searching for <gz-sensors8> component [gpu_lidar]
[4.076s] -- Looking for gz-sensors8-gpu_lidar -- found version 8.2.2
[4.076s] -- Searching for dependencies of gz-sensors8-gpu_lidar
[4.077s] -- Looking for gz-sensors8 -- found version 8.2.2
[4.079s] -- Searching for <gz-sensors8> component [camera]
[4.082s] -- Looking for gz-sensors8-camera -- found version 8.2.2
[4.082s] -- Searching for dependencies of gz-sensors8-camera
[4.082s] -- Looking for gz-sensors8 -- found version 8.2.2
[4.084s] -- Searching for <gz-sensors8> component [boundingbox_camera]
[4.088s] -- Looking for gz-sensors8-boundingbox_camera -- found version 8.2.2
[4.089s] -- Searching for dependencies of gz-sensors8-boundingbox_camera
[4.091s] -- Searching for <gz-sensors8> component [segmentation_camera]
[4.096s] -- Looking for gz-sensors8-segmentation_camera -- found version 8.2.2
[4.096s] -- Searching for dependencies of gz-sensors8-segmentation_camera
[4.098s] -- Searching for <gz-sensors8> component [depth_camera]
[4.103s] -- Looking for gz-sensors8-depth_camera -- found version 8.2.2
[4.103s] -- Searching for dependencies of gz-sensors8-depth_camera
[4.104s] -- Looking for gz-sensors8 -- found version 8.2.2
[4.106s] -- Searching for <gz-sensors8> component [rgbd_camera]
[4.110s] -- Looking for gz-sensors8-rgbd_camera -- found version 8.2.2
[4.111s] -- Searching for dependencies of gz-sensors8-rgbd_camera
[4.111s] -- Looking for gz-sensors8 -- found version 8.2.2
[4.113s] -- Searching for <gz-sensors8> component [thermal_camera]
[4.117s] -- Looking for gz-sensors8-thermal_camera -- found version 8.2.2
[4.118s] -- Searching for dependencies of gz-sensors8-thermal_camera
[4.118s] -- Looking for gz-sensors8 -- found version 8.2.2
[4.120s] -- Searching for <gz-sensors8> component [wide_angle_camera]
[4.125s] -- Looking for gz-sensors8-wide_angle_camera -- found version 8.2.2
[4.125s] -- Searching for dependencies of gz-sensors8-wide_angle_camera
[4.127s] -- Looking for gz-rendering8 -- found version 8.2.2
[4.127s] -- Looking for gz-math7 -- found version 7.5.2
[4.127s] -- Looking for gz-utils2 -- found version 2.2.1
[4.162s] -- Looking for gz-plugin2 -- found version 2.0.4
[4.282s] -- Configuring done (3.8s)
[4.341s] -- Generating done (0.0s)
[4.354s] -- Build files have been written to: /root/ros_ws/build/turtlebot3_gazebo
[4.381s] Invoked command in '/root/ros_ws/build/turtlebot3_gazebo' returned '0': CMAKE_PREFIX_PATH=${CMAKE_PREFIX_PATH}:/root/ros_ws/install/turtlebot3_teleop:/root/ros_ws/install/turtlebot3_example:/root/ros_ws/install/tb3_multi_nav:/opt/ros/jazzy /usr/bin/cmake /root/ros_ws/src/turtlebot3_gazebo -DCMAKE_INSTALL_PREFIX=/root/ros_ws/install/turtlebot3_gazebo
[4.382s] Invoking command in '/root/ros_ws/build/turtlebot3_gazebo': CMAKE_PREFIX_PATH=${CMAKE_PREFIX_PATH}:/root/ros_ws/install/turtlebot3_teleop:/root/ros_ws/install/turtlebot3_example:/root/ros_ws/install/tb3_multi_nav:/opt/ros/jazzy /usr/bin/cmake --build /root/ros_ws/build/turtlebot3_gazebo -- -j16 -l16
[4.462s] [ 12%] [32mBuilding CXX object CMakeFiles/obstacles.dir/src/obstacles.cpp.o[0m
[4.466s] [ 25%] [32mBuilding CXX object CMakeFiles/turtlebot3_drive.dir/src/turtlebot3_drive.cpp.o[0m
[4.466s] [ 37%] [32mBuilding CXX object CMakeFiles/obstacle1.dir/src/obstacle1.cpp.o[0m
[4.466s] [ 50%] [32mBuilding CXX object CMakeFiles/obstacle2.dir/src/obstacle2.cpp.o[0m
[7.851s] [ 62%] [32m[1mLinking CXX shared library libobstacle2.so[0m
[8.025s] [ 75%] [32m[1mLinking CXX shared library libobstacle1.so[0m
[8.072s] [ 75%] Built target obstacle2
[8.212s] [ 75%] Built target obstacle1
[8.269s] [ 87%] [32m[1mLinking CXX shared library libobstacles.so[0m
[8.440s] [ 87%] Built target obstacles
[14.099s] [100%] [32m[1mLinking CXX executable turtlebot3_drive[0m
[14.424s] [100%] Built target turtlebot3_drive
[14.435s] Invoked command in '/root/ros_ws/build/turtlebot3_gazebo' returned '0': CMAKE_PREFIX_PATH=${CMAKE_PREFIX_PATH}:/root/ros_ws/install/turtlebot3_teleop:/root/ros_ws/install/turtlebot3_example:/root/ros_ws/install/tb3_multi_nav:/opt/ros/jazzy /usr/bin/cmake --build /root/ros_ws/build/turtlebot3_gazebo -- -j16 -l16
[14.436s] Invoking command in '/root/ros_ws/build/turtlebot3_gazebo': CMAKE_PREFIX_PATH=${CMAKE_PREFIX_PATH}:/root/ros_ws/install/turtlebot3_teleop:/root/ros_ws/install/turtlebot3_example:/root/ros_ws/install/tb3_multi_nav:/opt/ros/jazzy /usr/bin/cmake --install /root/ros_ws/build/turtlebot3_gazebo
[14.443s] -- Install configuration: ""
[14.443s] -- Installing: /root/ros_ws/install/turtlebot3_gazebo/lib/turtlebot3_gazebo/turtlebot3_drive
[14.449s] -- Set non-toolchain portion of runtime path of "/root/ros_ws/install/turtlebot3_gazebo/lib/turtlebot3_gazebo/turtlebot3_drive" to ""
[14.449s] -- Installing: /root/ros_ws/install/turtlebot3_gazebo/lib/turtlebot3_gazebo/libobstacles.so
[14.450s] -- Set non-toolchain portion of runtime path of "/root/ros_ws/install/turtlebot3_gazebo/lib/turtlebot3_gazebo/libobstacles.so" to ""
[14.451s] -- Installing: /root/ros_ws/install/turtlebot3_gazebo/lib/turtlebot3_gazebo/libobstacle1.so
[14.451s] -- Set non-toolchain portion of runtime path of "/root/ros_ws/install/turtlebot3_gazebo/lib/turtlebot3_gazebo/libobstacle1.so" to ""
[14.451s] -- Installing: /root/ros_ws/install/turtlebot3_gazebo/lib/turtlebot3_gazebo/libobstacle2.so
[14.452s] -- Set non-toolchain portion of runtime path of "/root/ros_ws/install/turtlebot3_gazebo/lib/turtlebot3_gazebo/libobstacle2.so" to ""
[14.452s] -- Installing: /root/ros_ws/install/turtlebot3_gazebo/share/turtlebot3_gazebo//launch
[14.452s] -- Installing: /root/ros_ws/install/turtlebot3_gazebo/share/turtlebot3_gazebo//launch/turtlebot3_dqn_stage2.launch.py
[14.453s] -- Installing: /root/ros_ws/install/turtlebot3_gazebo/share/turtlebot3_gazebo//launch/turtlebot3_dqn_stage1.launch.py
[14.453s] -- Installing: /root/ros_ws/install/turtlebot3_gazebo/share/turtlebot3_gazebo//launch/turtlebot3_house.launch.py
[14.454s] -- Installing: /root/ros_ws/install/turtlebot3_gazebo/share/turtlebot3_gazebo//launch/turtlebot3_world.launch.py
[14.454s] -- Installing: /root/ros_ws/install/turtlebot3_gazebo/share/turtlebot3_gazebo//launch/robot_state_publisher.launch.py
[14.455s] -- Installing: /root/ros_ws/install/turtlebot3_gazebo/share/turtlebot3_gazebo//launch/spawn_turtlebot3.launch.py
[14.455s] -- Installing: /root/ros_ws/install/turtlebot3_gazebo/share/turtlebot3_gazebo//launch/turtlebot3_dqn_stage3.launch.py
[14.456s] -- Installing: /root/ros_ws/install/turtlebot3_gazebo/share/turtlebot3_gazebo//launch/empty_world.launch.py
[14.456s] -- Installing: /root/ros_ws/install/turtlebot3_gazebo/share/turtlebot3_gazebo//launch/turtlebot3_dqn_stage4.launch.py
[14.457s] -- Installing: /root/ros_ws/install/turtlebot3_gazebo/share/turtlebot3_gazebo//models
[14.457s] -- Installing: /root/ros_ws/install/turtlebot3_gazebo/share/turtlebot3_gazebo//models/turtlebot3_world
[14.457s] -- Installing: /root/ros_ws/install/turtlebot3_gazebo/share/turtlebot3_gazebo//models/turtlebot3_world/meshes
[14.457s] -- Installing: /root/ros_ws/install/turtlebot3_gazebo/share/turtlebot3_gazebo//models/turtlebot3_world/meshes/wall.dae
[14.458s] -- Installing: /root/ros_ws/install/turtlebot3_gazebo/share/turtlebot3_gazebo//models/turtlebot3_world/meshes/hexagon.dae
[14.458s] -- Installing: /root/ros_ws/install/turtlebot3_gazebo/share/turtlebot3_gazebo//models/turtlebot3_world/model.config
[14.458s] -- Installing: /root/ros_ws/install/turtlebot3_gazebo/share/turtlebot3_gazebo//models/turtlebot3_world/model-1_4.sdf
[14.459s] -- Installing: /root/ros_ws/install/turtlebot3_gazebo/share/turtlebot3_gazebo//models/turtlebot3_world/model.sdf
[14.459s] -- Installing: /root/ros_ws/install/turtlebot3_gazebo/share/turtlebot3_gazebo//models/turtlebot3_waffle
[14.459s] -- Installing: /root/ros_ws/install/turtlebot3_gazebo/share/turtlebot3_gazebo//models/turtlebot3_waffle/model.config
[14.460s] -- Installing: /root/ros_ws/install/turtlebot3_gazebo/share/turtlebot3_gazebo//models/turtlebot3_waffle/model-1_4.sdf
[14.460s] -- Installing: /root/ros_ws/install/turtlebot3_gazebo/share/turtlebot3_gazebo//models/turtlebot3_waffle/model.sdf
[14.460s] -- Installing: /root/ros_ws/install/turtlebot3_gazebo/share/turtlebot3_gazebo//models/turtlebot3_waffle_pi
[14.461s] -- Installing: /root/ros_ws/install/turtlebot3_gazebo/share/turtlebot3_gazebo//models/turtlebot3_waffle_pi/model.config
[14.461s] -- Installing: /root/ros_ws/install/turtlebot3_gazebo/share/turtlebot3_gazebo//models/turtlebot3_waffle_pi/model-1_4_.sdf
[14.461s] -- Installing: /root/ros_ws/install/turtlebot3_gazebo/share/turtlebot3_gazebo//models/turtlebot3_waffle_pi/model.sdf
[14.461s] -- Installing: /root/ros_ws/install/turtlebot3_gazebo/share/turtlebot3_gazebo//models/turtlebot3_common
[14.462s] -- Installing: /root/ros_ws/install/turtlebot3_gazebo/share/turtlebot3_gazebo//models/turtlebot3_common/meshes
[14.462s] -- Installing: /root/ros_ws/install/turtlebot3_gazebo/share/turtlebot3_gazebo//models/turtlebot3_common/meshes/waffle_pi_base.dae
[14.462s] -- Installing: /root/ros_ws/install/turtlebot3_gazebo/share/turtlebot3_gazebo//models/turtlebot3_common/meshes/bases
[14.462s] -- Installing: /root/ros_ws/install/turtlebot3_gazebo/share/turtlebot3_gazebo//models/turtlebot3_common/meshes/bases/waffle_pi_base.stl
[14.522s] -- Installing: /root/ros_ws/install/turtlebot3_gazebo/share/turtlebot3_gazebo//models/turtlebot3_common/meshes/bases/waffle_base.stl
[14.620s] -- Installing: /root/ros_ws/install/turtlebot3_gazebo/share/turtlebot3_gazebo//models/turtlebot3_common/meshes/bases/burger_base.stl
[14.644s] -- Installing: /root/ros_ws/install/turtlebot3_gazebo/share/turtlebot3_gazebo//models/turtlebot3_common/meshes/burger_base.dae
[14.644s] -- Installing: /root/ros_ws/install/turtlebot3_gazebo/share/turtlebot3_gazebo//models/turtlebot3_common/meshes/r200.dae
[14.646s] -- Installing: /root/ros_ws/install/turtlebot3_gazebo/share/turtlebot3_gazebo//models/turtlebot3_common/meshes/waffle_base.dae
[14.647s] -- Installing: /root/ros_ws/install/turtlebot3_gazebo/share/turtlebot3_gazebo//models/turtlebot3_common/meshes/sensors
[14.647s] -- Installing: /root/ros_ws/install/turtlebot3_gazebo/share/turtlebot3_gazebo//models/turtlebot3_common/meshes/sensors/r200.jpg
[14.647s] -- Installing: /root/ros_ws/install/turtlebot3_gazebo/share/turtlebot3_gazebo//models/turtlebot3_common/meshes/sensors/r200.dae
[14.650s] -- Installing: /root/ros_ws/install/turtlebot3_gazebo/share/turtlebot3_gazebo//models/turtlebot3_common/meshes/sensors/lds.stl
[14.655s] -- Installing: /root/ros_ws/install/turtlebot3_gazebo/share/turtlebot3_gazebo//models/turtlebot3_common/meshes/sensors/astra.jpg
[14.656s] -- Installing: /root/ros_ws/install/turtlebot3_gazebo/share/turtlebot3_gazebo//models/turtlebot3_common/meshes/sensors/astra.dae
[14.700s] -- Installing: /root/ros_ws/install/turtlebot3_gazebo/share/turtlebot3_gazebo//models/turtlebot3_common/meshes/wheels
[14.700s] -- Installing: /root/ros_ws/install/turtlebot3_gazebo/share/turtlebot3_gazebo//models/turtlebot3_common/meshes/wheels/right_tire.stl
[14.707s] -- Installing: /root/ros_ws/install/turtlebot3_gazebo/share/turtlebot3_gazebo//models/turtlebot3_common/meshes/wheels/left_tire.stl
[14.713s] -- Installing: /root/ros_ws/install/turtlebot3_gazebo/share/turtlebot3_gazebo//models/turtlebot3_common/meshes/lds.dae
[14.714s] -- Installing: /root/ros_ws/install/turtlebot3_gazebo/share/turtlebot3_gazebo//models/turtlebot3_common/meshes/tire.dae
[14.715s] -- Installing: /root/ros_ws/install/turtlebot3_gazebo/share/turtlebot3_gazebo//models/turtlebot3_common/model.config
[14.715s] -- Installing: /root/ros_ws/install/turtlebot3_gazebo/share/turtlebot3_gazebo//models/turtlebot3_house
[14.715s] -- Installing: /root/ros_ws/install/turtlebot3_gazebo/share/turtlebot3_gazebo//models/turtlebot3_house/mailbox
[14.716s] -- Installing: /root/ros_ws/install/turtlebot3_gazebo/share/turtlebot3_gazebo//models/turtlebot3_house/mailbox/model-1_3.sdf
[14.716s] -- Installing: /root/ros_ws/install/turtlebot3_gazebo/share/turtlebot3_gazebo//models/turtlebot3_house/mailbox/meshes
[14.716s] -- Installing: /root/ros_ws/install/turtlebot3_gazebo/share/turtlebot3_gazebo//models/turtlebot3_house/mailbox/meshes/mailbox.dae
[14.717s] -- Installing: /root/ros_ws/install/turtlebot3_gazebo/share/turtlebot3_gazebo//models/turtlebot3_house/mailbox/model.config
[14.717s] -- Installing: /root/ros_ws/install/turtlebot3_gazebo/share/turtlebot3_gazebo//models/turtlebot3_house/mailbox/model-1_4.sdf
[14.717s] -- Installing: /root/ros_ws/install/turtlebot3_gazebo/share/turtlebot3_gazebo//models/turtlebot3_house/mailbox/model.sdf
[14.717s] -- Installing: /root/ros_ws/install/turtlebot3_gazebo/share/turtlebot3_gazebo//models/turtlebot3_house/mailbox/materials
[14.718s] -- Installing: /root/ros_ws/install/turtlebot3_gazebo/share/turtlebot3_gazebo//models/turtlebot3_house/mailbox/materials/scripts
[14.718s] -- Installing: /root/ros_ws/install/turtlebot3_gazebo/share/turtlebot3_gazebo//models/turtlebot3_house/mailbox/materials/scripts/mailbox.material
[14.718s] -- Installing: /root/ros_ws/install/turtlebot3_gazebo/share/turtlebot3_gazebo//models/turtlebot3_house/mailbox/materials/textures
[14.718s] -- Installing: /root/ros_ws/install/turtlebot3_gazebo/share/turtlebot3_gazebo//models/turtlebot3_house/mailbox/materials/textures/Mailbox_Diffuse.png
[14.719s] -- Installing: /root/ros_ws/install/turtlebot3_gazebo/share/turtlebot3_gazebo//models/turtlebot3_house/mailbox/materials/textures/Mailbox_Diffuse.tga.orig
[14.724s] -- Installing: /root/ros_ws/install/turtlebot3_gazebo/share/turtlebot3_gazebo//models/turtlebot3_house/mailbox/materials/textures/Mailbox_Spec.png
[14.726s] -- Installing: /root/ros_ws/install/turtlebot3_gazebo/share/turtlebot3_gazebo//models/turtlebot3_house/model.config
[14.726s] -- Installing: /root/ros_ws/install/turtlebot3_gazebo/share/turtlebot3_gazebo//models/turtlebot3_house/textures
[14.726s] -- Installing: /root/ros_ws/install/turtlebot3_gazebo/share/turtlebot3_gazebo//models/turtlebot3_house/textures/wood.png
[14.727s] -- Installing: /root/ros_ws/install/turtlebot3_gazebo/share/turtlebot3_gazebo//models/turtlebot3_house/textures/bricks.png
[14.735s] -- Installing: /root/ros_ws/install/turtlebot3_gazebo/share/turtlebot3_gazebo//models/turtlebot3_house/first_2015_trash_can
[14.735s] -- Installing: /root/ros_ws/install/turtlebot3_gazebo/share/turtlebot3_gazebo//models/turtlebot3_house/first_2015_trash_can/meshes
[14.735s] -- Installing: /root/ros_ws/install/turtlebot3_gazebo/share/turtlebot3_gazebo//models/turtlebot3_house/first_2015_trash_can/meshes/trash_can.dae
[14.740s] -- Installing: /root/ros_ws/install/turtlebot3_gazebo/share/turtlebot3_gazebo//models/turtlebot3_house/first_2015_trash_can/model.config
[14.740s] -- Installing: /root/ros_ws/install/turtlebot3_gazebo/share/turtlebot3_gazebo//models/turtlebot3_house/first_2015_trash_can/model.sdf
[14.740s] -- Installing: /root/ros_ws/install/turtlebot3_gazebo/share/turtlebot3_gazebo//models/turtlebot3_house/model.sdf
[14.741s] -- Installing: /root/ros_ws/install/turtlebot3_gazebo/share/turtlebot3_gazebo//models/turtlebot3_house/table_marble
[14.742s] -- Installing: /root/ros_ws/install/turtlebot3_gazebo/share/turtlebot3_gazebo//models/turtlebot3_house/table_marble/meshes
[14.742s] -- Installing: /root/ros_ws/install/turtlebot3_gazebo/share/turtlebot3_gazebo//models/turtlebot3_house/table_marble/meshes/table_lightmap.dae
[14.744s] -- Installing: /root/ros_ws/install/turtlebot3_gazebo/share/turtlebot3_gazebo//models/turtlebot3_house/table_marble/model.config
[14.744s] -- Installing: /root/ros_ws/install/turtlebot3_gazebo/share/turtlebot3_gazebo//models/turtlebot3_house/table_marble/model-1_4.sdf
[14.744s] -- Installing: /root/ros_ws/install/turtlebot3_gazebo/share/turtlebot3_gazebo//models/turtlebot3_house/table_marble/model.sdf
[14.744s] -- Installing: /root/ros_ws/install/turtlebot3_gazebo/share/turtlebot3_gazebo//models/turtlebot3_house/table_marble/materials
[14.745s] -- Installing: /root/ros_ws/install/turtlebot3_gazebo/share/turtlebot3_gazebo//models/turtlebot3_house/table_marble/materials/scripts
[14.745s] -- Installing: /root/ros_ws/install/turtlebot3_gazebo/share/turtlebot3_gazebo//models/turtlebot3_house/table_marble/materials/scripts/table_lightmap.material
[14.745s] -- Installing: /root/ros_ws/install/turtlebot3_gazebo/share/turtlebot3_gazebo//models/turtlebot3_house/table_marble/materials/textures
[14.745s] -- Installing: /root/ros_ws/install/turtlebot3_gazebo/share/turtlebot3_gazebo//models/turtlebot3_house/table_marble/materials/textures/table_lightmap.png
[14.747s] -- Installing: /root/ros_ws/install/turtlebot3_gazebo/share/turtlebot3_gazebo//models/turtlebot3_house/table_marble/materials/textures/marble.png
[14.749s] -- Installing: /root/ros_ws/install/turtlebot3_gazebo/share/turtlebot3_gazebo//models/turtlebot3_house/cafe_table
[14.749s] -- Installing: /root/ros_ws/install/turtlebot3_gazebo/share/turtlebot3_gazebo//models/turtlebot3_house/cafe_table/meshes
[14.749s] -- Installing: /root/ros_ws/install/turtlebot3_gazebo/share/turtlebot3_gazebo//models/turtlebot3_house/cafe_table/meshes/cafe_table.dae
[14.750s] -- Installing: /root/ros_ws/install/turtlebot3_gazebo/share/turtlebot3_gazebo//models/turtlebot3_house/cafe_table/model.config
[14.750s] -- Installing: /root/ros_ws/install/turtlebot3_gazebo/share/turtlebot3_gazebo//models/turtlebot3_house/cafe_table/model-1_4.sdf
[14.750s] -- Installing: /root/ros_ws/install/turtlebot3_gazebo/share/turtlebot3_gazebo//models/turtlebot3_house/cafe_table/model.sdf
[14.750s] -- Installing: /root/ros_ws/install/turtlebot3_gazebo/share/turtlebot3_gazebo//models/turtlebot3_house/cafe_table/materials
[14.750s] -- Installing: /root/ros_ws/install/turtlebot3_gazebo/share/turtlebot3_gazebo//models/turtlebot3_house/cafe_table/materials/textures
[14.750s] -- Installing: /root/ros_ws/install/turtlebot3_gazebo/share/turtlebot3_gazebo//models/turtlebot3_house/cafe_table/materials/textures/Wood_Floor_Dark.jpg
[14.751s] -- Installing: /root/ros_ws/install/turtlebot3_gazebo/share/turtlebot3_gazebo//models/turtlebot3_house/cafe_table/materials/textures/Maple.jpg
[14.752s] -- Installing: /root/ros_ws/install/turtlebot3_gazebo/share/turtlebot3_gazebo//models/turtlebot3_burger_cam
[14.752s] -- Installing: /root/ros_ws/install/turtlebot3_gazebo/share/turtlebot3_gazebo//models/turtlebot3_burger_cam/model.config
[14.753s] -- Installing: /root/ros_ws/install/turtlebot3_gazebo/share/turtlebot3_gazebo//models/turtlebot3_burger_cam/model-1_4.sdf
[14.753s] -- Installing: /root/ros_ws/install/turtlebot3_gazebo/share/turtlebot3_gazebo//models/turtlebot3_burger_cam/model.sdf
[14.754s] -- Installing: /root/ros_ws/install/turtlebot3_gazebo/share/turtlebot3_gazebo//models/turtlebot3_dqn_world
[14.754s] -- Installing: /root/ros_ws/install/turtlebot3_gazebo/share/turtlebot3_gazebo//models/turtlebot3_dqn_world/obstacles
[14.754s] -- Installing: /root/ros_ws/install/turtlebot3_gazebo/share/turtlebot3_gazebo//models/turtlebot3_dqn_world/obstacles/model.config
[14.754s] -- Installing: /root/ros_ws/install/turtlebot3_gazebo/share/turtlebot3_gazebo//models/turtlebot3_dqn_world/obstacles/model.sdf
[14.755s] -- Installing: /root/ros_ws/install/turtlebot3_gazebo/share/turtlebot3_gazebo//models/turtlebot3_dqn_world/inner_walls
[14.755s] -- Installing: /root/ros_ws/install/turtlebot3_gazebo/share/turtlebot3_gazebo//models/turtlebot3_dqn_world/inner_walls/model.config
[14.755s] -- Installing: /root/ros_ws/install/turtlebot3_gazebo/share/turtlebot3_gazebo//models/turtlebot3_dqn_world/inner_walls/textures
[14.756s] -- Installing: /root/ros_ws/install/turtlebot3_gazebo/share/turtlebot3_gazebo//models/turtlebot3_dqn_world/inner_walls/textures/wood.png
[14.758s] -- Installing: /root/ros_ws/install/turtlebot3_gazebo/share/turtlebot3_gazebo//models/turtlebot3_dqn_world/inner_walls/model.sdf
[14.758s] -- Installing: /root/ros_ws/install/turtlebot3_gazebo/share/turtlebot3_gazebo//models/turtlebot3_dqn_world/obstacle2
[14.758s] -- Installing: /root/ros_ws/install/turtlebot3_gazebo/share/turtlebot3_gazebo//models/turtlebot3_dqn_world/obstacle2/model.config
[14.758s] -- Installing: /root/ros_ws/install/turtlebot3_gazebo/share/turtlebot3_gazebo//models/turtlebot3_dqn_world/obstacle2/model.sdf
[14.758s] -- Installing: /root/ros_ws/install/turtlebot3_gazebo/share/turtlebot3_gazebo//models/turtlebot3_dqn_world/model.config
[14.759s] -- Installing: /root/ros_ws/install/turtlebot3_gazebo/share/turtlebot3_gazebo//models/turtlebot3_dqn_world/textures
[14.759s] -- Installing: /root/ros_ws/install/turtlebot3_gazebo/share/turtlebot3_gazebo//models/turtlebot3_dqn_world/textures/wood.png
[14.760s] -- Installing: /root/ros_ws/install/turtlebot3_gazebo/share/turtlebot3_gazebo//models/turtlebot3_dqn_world/obstacle1
[14.760s] -- Installing: /root/ros_ws/install/turtlebot3_gazebo/share/turtlebot3_gazebo//models/turtlebot3_dqn_world/obstacle1/model.config
[14.761s] -- Installing: /root/ros_ws/install/turtlebot3_gazebo/share/turtlebot3_gazebo//models/turtlebot3_dqn_world/obstacle1/model.sdf
[14.762s] -- Installing: /root/ros_ws/install/turtlebot3_gazebo/share/turtlebot3_gazebo//models/turtlebot3_dqn_world/model.sdf
[14.762s] -- Installing: /root/ros_ws/install/turtlebot3_gazebo/share/turtlebot3_gazebo//models/turtlebot3_dqn_world/goal_box
[14.762s] -- Installing: /root/ros_ws/install/turtlebot3_gazebo/share/turtlebot3_gazebo//models/turtlebot3_dqn_world/goal_box/model.config
[14.763s] -- Installing: /root/ros_ws/install/turtlebot3_gazebo/share/turtlebot3_gazebo//models/turtlebot3_dqn_world/goal_box/model.sdf
[14.763s] -- Installing: /root/ros_ws/install/turtlebot3_gazebo/share/turtlebot3_gazebo//models/turtlebot3_burger
[14.763s] -- Installing: /root/ros_ws/install/turtlebot3_gazebo/share/turtlebot3_gazebo//models/turtlebot3_burger/model.config
[14.763s] -- Installing: /root/ros_ws/install/turtlebot3_gazebo/share/turtlebot3_gazebo//models/turtlebot3_burger/model-1_4.sdf
[14.764s] -- Installing: /root/ros_ws/install/turtlebot3_gazebo/share/turtlebot3_gazebo//models/turtlebot3_burger/model.sdf
[14.764s] -- Installing: /root/ros_ws/install/turtlebot3_gazebo/share/turtlebot3_gazebo//params
[14.764s] -- Installing: /root/ros_ws/install/turtlebot3_gazebo/share/turtlebot3_gazebo//params/turtlebot3_waffle_pi_bridge.yaml
[14.765s] -- Installing: /root/ros_ws/install/turtlebot3_gazebo/share/turtlebot3_gazebo//params/turtlebot3_burger_bridge.yaml
[14.765s] -- Installing: /root/ros_ws/install/turtlebot3_gazebo/share/turtlebot3_gazebo//params/turtlebot3_waffle_bridge.yaml
[14.765s] -- Installing: /root/ros_ws/install/turtlebot3_gazebo/share/turtlebot3_gazebo//params/turtlebot3_burger_cam_bridge.yaml
[14.765s] -- Installing: /root/ros_ws/install/turtlebot3_gazebo/share/turtlebot3_gazebo//rviz
[14.765s] -- Installing: /root/ros_ws/install/turtlebot3_gazebo/share/turtlebot3_gazebo//rviz/tb3_gazebo.rviz
[14.766s] -- Installing: /root/ros_ws/install/turtlebot3_gazebo/share/turtlebot3_gazebo//urdf
[14.766s] -- Installing: /root/ros_ws/install/turtlebot3_gazebo/share/turtlebot3_gazebo//urdf/turtlebot3_waffle.urdf
[14.766s] -- Installing: /root/ros_ws/install/turtlebot3_gazebo/share/turtlebot3_gazebo//urdf/turtlebot3_burger.urdf
[14.766s] -- Installing: /root/ros_ws/install/turtlebot3_gazebo/share/turtlebot3_gazebo//urdf/turtlebot3_waffle_pi.urdf
[14.766s] -- Installing: /root/ros_ws/install/turtlebot3_gazebo/share/turtlebot3_gazebo//urdf/common_properties.urdf
[14.766s] -- Installing: /root/ros_ws/install/turtlebot3_gazebo/share/turtlebot3_gazebo//urdf/turtlebot3_burger_cam.urdf
[14.767s] -- Installing: /root/ros_ws/install/turtlebot3_gazebo/share/turtlebot3_gazebo//worlds
[14.767s] -- Installing: /root/ros_ws/install/turtlebot3_gazebo/share/turtlebot3_gazebo//worlds/empty_world.world
[14.767s] -- Installing: /root/ros_ws/install/turtlebot3_gazebo/share/turtlebot3_gazebo//worlds/turtlebot3_dqn_stage2.world
[14.767s] -- Installing: /root/ros_ws/install/turtlebot3_gazebo/share/turtlebot3_gazebo//worlds/turtlebot3_house.world
[14.767s] -- Installing: /root/ros_ws/install/turtlebot3_gazebo/share/turtlebot3_gazebo//worlds/turtlebot3_world.world
[14.768s] -- Installing: /root/ros_ws/install/turtlebot3_gazebo/share/turtlebot3_gazebo//worlds/turtlebot3_dqn_stage4.world
[14.768s] -- Installing: /root/ros_ws/install/turtlebot3_gazebo/share/turtlebot3_gazebo//worlds/turtlebot3_autorace_2020.world
[14.769s] -- Installing: /root/ros_ws/install/turtlebot3_gazebo/share/turtlebot3_gazebo//worlds/turtlebot3_dqn_stage3.world
[14.769s] -- Installing: /root/ros_ws/install/turtlebot3_gazebo/share/turtlebot3_gazebo//worlds/turtlebot3_dqn_stage1.world
[14.769s] -- Installing: /root/ros_ws/install/turtlebot3_gazebo/include/
[14.770s] -- Installing: /root/ros_ws/install/turtlebot3_gazebo/include//turtlebot3_gazebo
[14.770s] -- Installing: /root/ros_ws/install/turtlebot3_gazebo/include//turtlebot3_gazebo/turtlebot3_drive.hpp
[14.770s] -- Installing: /root/ros_ws/install/turtlebot3_gazebo/include//turtlebot3_gazebo/traffic_light_plugin.hpp
[14.770s] -- Installing: /root/ros_ws/install/turtlebot3_gazebo/include//turtlebot3_gazebo/traffic_bar_plugin.hpp
[14.770s] -- Installing: /root/ros_ws/install/turtlebot3_gazebo/include//turtlebot3_gazebo/obstacles.hpp
[14.770s] -- Installing: /root/ros_ws/install/turtlebot3_gazebo/include//turtlebot3_gazebo/obstacle2.hpp
[14.771s] -- Installing: /root/ros_ws/install/turtlebot3_gazebo/include//turtlebot3_gazebo/obstacle1.hpp
[14.771s] -- Installing: /root/ros_ws/install/turtlebot3_gazebo/share/ament_index/resource_index/package_run_dependencies/turtlebot3_gazebo
[14.771s] -- Installing: /root/ros_ws/install/turtlebot3_gazebo/share/ament_index/resource_index/parent_prefix_path/turtlebot3_gazebo
[14.771s] -- Installing: /root/ros_ws/install/turtlebot3_gazebo/share/turtlebot3_gazebo/environment/ament_prefix_path.sh
[14.771s] -- Installing: /root/ros_ws/install/turtlebot3_gazebo/share/turtlebot3_gazebo/environment/ament_prefix_path.dsv
[14.772s] -- Installing: /root/ros_ws/install/turtlebot3_gazebo/share/turtlebot3_gazebo/environment/path.sh
[14.772s] -- Installing: /root/ros_ws/install/turtlebot3_gazebo/share/turtlebot3_gazebo/environment/path.dsv
[14.772s] -- Installing: /root/ros_ws/install/turtlebot3_gazebo/share/turtlebot3_gazebo/local_setup.bash
[14.772s] -- Installing: /root/ros_ws/install/turtlebot3_gazebo/share/turtlebot3_gazebo/local_setup.sh
[14.772s] -- Installing: /root/ros_ws/install/turtlebot3_gazebo/share/turtlebot3_gazebo/local_setup.zsh
[14.772s] -- Installing: /root/ros_ws/install/turtlebot3_gazebo/share/turtlebot3_gazebo/local_setup.dsv
[14.772s] -- Installing: /root/ros_ws/install/turtlebot3_gazebo/share/turtlebot3_gazebo/package.dsv
[14.772s] -- Installing: /root/ros_ws/install/turtlebot3_gazebo/share/ament_index/resource_index/packages/turtlebot3_gazebo
[14.773s] -- Installing: /root/ros_ws/install/turtlebot3_gazebo/share/turtlebot3_gazebo/cmake/ament_cmake_export_include_directories-extras.cmake
[14.773s] -- Installing: /root/ros_ws/install/turtlebot3_gazebo/share/turtlebot3_gazebo/cmake/ament_cmake_export_dependencies-extras.cmake
[14.773s] -- Installing: /root/ros_ws/install/turtlebot3_gazebo/share/turtlebot3_gazebo/cmake/turtlebot3_gazeboConfig.cmake
[14.773s] -- Installing: /root/ros_ws/install/turtlebot3_gazebo/share/turtlebot3_gazebo/cmake/turtlebot3_gazeboConfig-version.cmake
[14.773s] -- Installing: /root/ros_ws/install/turtlebot3_gazebo/share/turtlebot3_gazebo/package.xml
[14.774s] Invoked command in '/root/ros_ws/build/turtlebot3_gazebo' returned '0': CMAKE_PREFIX_PATH=${CMAKE_PREFIX_PATH}:/root/ros_ws/install/turtlebot3_teleop:/root/ros_ws/install/turtlebot3_example:/root/ros_ws/install/tb3_multi_nav:/opt/ros/jazzy /usr/bin/cmake --install /root/ros_ws/build/turtlebot3_gazebo
