[0.949s] Invoking command in '/root/ros_ws/src/tb3_multi_nav': PYTHONPATH=/root/ros_ws/build/tb3_multi_nav/prefix_override:/usr/lib/python3/dist-packages/colcon_core/task/python/colcon_distutils_commands:/root/ros_ws/install/tb3_multi_nav/lib/python3.12/site-packages:${PYTHONPATH} /usr/bin/python3 -W ignore:setup.py install is deprecated -W ignore:easy_install command is deprecated setup.py egg_info --egg-base ../../build/tb3_multi_nav build --build-base /root/ros_ws/build/tb3_multi_nav/build install --record /root/ros_ws/build/tb3_multi_nav/install.log --single-version-externally-managed install_data
[1.110s] running egg_info
[1.111s] creating ../../build/tb3_multi_nav/tb3_multi_nav.egg-info
[1.120s] writing ../../build/tb3_multi_nav/tb3_multi_nav.egg-info/PKG-INFO
[1.120s] writing dependency_links to ../../build/tb3_multi_nav/tb3_multi_nav.egg-info/dependency_links.txt
[1.120s] writing entry points to ../../build/tb3_multi_nav/tb3_multi_nav.egg-info/entry_points.txt
[1.120s] writing requirements to ../../build/tb3_multi_nav/tb3_multi_nav.egg-info/requires.txt
[1.120s] writing top-level names to ../../build/tb3_multi_nav/tb3_multi_nav.egg-info/top_level.txt
[1.121s] writing manifest file '../../build/tb3_multi_nav/tb3_multi_nav.egg-info/SOURCES.txt'
[1.138s] reading manifest file '../../build/tb3_multi_nav/tb3_multi_nav.egg-info/SOURCES.txt'
[1.139s] writing manifest file '../../build/tb3_multi_nav/tb3_multi_nav.egg-info/SOURCES.txt'
[1.140s] running build
[1.140s] running build_py
[1.140s] creating /root/ros_ws/build/tb3_multi_nav/build
[1.140s] creating /root/ros_ws/build/tb3_multi_nav/build/lib
[1.141s] creating /root/ros_ws/build/tb3_multi_nav/build/lib/tb3_multi_nav
[1.141s] copying tb3_multi_nav/robot1_publisher_node.py -> /root/ros_ws/build/tb3_multi_nav/build/lib/tb3_multi_nav
[1.141s] copying tb3_multi_nav/robot2_publisher_node.py -> /root/ros_ws/build/tb3_multi_nav/build/lib/tb3_multi_nav
[1.141s] copying tb3_multi_nav/orchestrator_node_4.py -> /root/ros_ws/build/tb3_multi_nav/build/lib/tb3_multi_nav
[1.142s] copying tb3_multi_nav/orchestrator_node_1.py -> /root/ros_ws/build/tb3_multi_nav/build/lib/tb3_multi_nav
[1.142s] copying tb3_multi_nav/orchestrator_node_5.py -> /root/ros_ws/build/tb3_multi_nav/build/lib/tb3_multi_nav
[1.143s] copying tb3_multi_nav/orchestrator_node_3.py -> /root/ros_ws/build/tb3_multi_nav/build/lib/tb3_multi_nav
[1.144s] copying tb3_multi_nav/__init__.py -> /root/ros_ws/build/tb3_multi_nav/build/lib/tb3_multi_nav
[1.145s] running install
[1.148s] running install_lib
[1.160s] creating /root/ros_ws/install/tb3_multi_nav/lib/python3.12/site-packages/tb3_multi_nav
[1.160s] copying /root/ros_ws/build/tb3_multi_nav/build/lib/tb3_multi_nav/robot1_publisher_node.py -> /root/ros_ws/install/tb3_multi_nav/lib/python3.12/site-packages/tb3_multi_nav
[1.160s] copying /root/ros_ws/build/tb3_multi_nav/build/lib/tb3_multi_nav/robot2_publisher_node.py -> /root/ros_ws/install/tb3_multi_nav/lib/python3.12/site-packages/tb3_multi_nav
[1.161s] copying /root/ros_ws/build/tb3_multi_nav/build/lib/tb3_multi_nav/orchestrator_node_4.py -> /root/ros_ws/install/tb3_multi_nav/lib/python3.12/site-packages/tb3_multi_nav
[1.161s] copying /root/ros_ws/build/tb3_multi_nav/build/lib/tb3_multi_nav/orchestrator_node_1.py -> /root/ros_ws/install/tb3_multi_nav/lib/python3.12/site-packages/tb3_multi_nav
[1.161s] copying /root/ros_ws/build/tb3_multi_nav/build/lib/tb3_multi_nav/orchestrator_node_5.py -> /root/ros_ws/install/tb3_multi_nav/lib/python3.12/site-packages/tb3_multi_nav
[1.161s] copying /root/ros_ws/build/tb3_multi_nav/build/lib/tb3_multi_nav/orchestrator_node_3.py -> /root/ros_ws/install/tb3_multi_nav/lib/python3.12/site-packages/tb3_multi_nav
[1.161s] copying /root/ros_ws/build/tb3_multi_nav/build/lib/tb3_multi_nav/__init__.py -> /root/ros_ws/install/tb3_multi_nav/lib/python3.12/site-packages/tb3_multi_nav
[1.162s] byte-compiling /root/ros_ws/install/tb3_multi_nav/lib/python3.12/site-packages/tb3_multi_nav/robot1_publisher_node.py to robot1_publisher_node.cpython-312.pyc
[1.163s] byte-compiling /root/ros_ws/install/tb3_multi_nav/lib/python3.12/site-packages/tb3_multi_nav/robot2_publisher_node.py to robot2_publisher_node.cpython-312.pyc
[1.163s] byte-compiling /root/ros_ws/install/tb3_multi_nav/lib/python3.12/site-packages/tb3_multi_nav/orchestrator_node_4.py to orchestrator_node_4.cpython-312.pyc
[1.166s] byte-compiling /root/ros_ws/install/tb3_multi_nav/lib/python3.12/site-packages/tb3_multi_nav/orchestrator_node_1.py to orchestrator_node_1.cpython-312.pyc
[1.168s] byte-compiling /root/ros_ws/install/tb3_multi_nav/lib/python3.12/site-packages/tb3_multi_nav/orchestrator_node_5.py to orchestrator_node_5.cpython-312.pyc
[1.172s] byte-compiling /root/ros_ws/install/tb3_multi_nav/lib/python3.12/site-packages/tb3_multi_nav/orchestrator_node_3.py to orchestrator_node_3.cpython-312.pyc
[1.176s] byte-compiling /root/ros_ws/install/tb3_multi_nav/lib/python3.12/site-packages/tb3_multi_nav/__init__.py to __init__.cpython-312.pyc
[1.177s] running install_data
[1.177s] creating /root/ros_ws/install/tb3_multi_nav/share/ament_index
[1.177s] creating /root/ros_ws/install/tb3_multi_nav/share/ament_index/resource_index
[1.177s] creating /root/ros_ws/install/tb3_multi_nav/share/ament_index/resource_index/packages
[1.177s] copying resource/tb3_multi_nav -> /root/ros_ws/install/tb3_multi_nav/share/ament_index/resource_index/packages
[1.177s] copying package.xml -> /root/ros_ws/install/tb3_multi_nav/share/tb3_multi_nav
[1.177s] creating /root/ros_ws/install/tb3_multi_nav/share/tb3_multi_nav/launch
[1.177s] copying launch/multi_tb3.launch.py -> /root/ros_ws/install/tb3_multi_nav/share/tb3_multi_nav/launch
[1.178s] running install_egg_info
[1.188s] Copying ../../build/tb3_multi_nav/tb3_multi_nav.egg-info to /root/ros_ws/install/tb3_multi_nav/lib/python3.12/site-packages/tb3_multi_nav-0.0.0-py3.12.egg-info
[1.189s] running install_scripts
[1.273s] Installing orchestrator_node script to /root/ros_ws/install/tb3_multi_nav/lib/tb3_multi_nav
[1.273s] Installing robot1_publisher_node script to /root/ros_ws/install/tb3_multi_nav/lib/tb3_multi_nav
[1.274s] Installing robot2_publisher_node script to /root/ros_ws/install/tb3_multi_nav/lib/tb3_multi_nav
[1.274s] writing list of installed files to '/root/ros_ws/build/tb3_multi_nav/install.log'
[1.302s] Invoked command in '/root/ros_ws/src/tb3_multi_nav' returned '0': PYTHONPATH=/root/ros_ws/build/tb3_multi_nav/prefix_override:/usr/lib/python3/dist-packages/colcon_core/task/python/colcon_distutils_commands:/root/ros_ws/install/tb3_multi_nav/lib/python3.12/site-packages:${PYTHONPATH} /usr/bin/python3 -W ignore:setup.py install is deprecated -W ignore:easy_install command is deprecated setup.py egg_info --egg-base ../../build/tb3_multi_nav build --build-base /root/ros_ws/build/tb3_multi_nav/build install --record /root/ros_ws/build/tb3_multi_nav/install.log --single-version-externally-managed install_data
