[0.034s] Invoking command in '/root/ros_ws/build/turtlebot3_cartographer': CMAKE_PREFIX_PATH=${CMAKE_PREFIX_PATH}:/root/ros_ws/install/turtlebot3_teleop:/root/ros_ws/install/turtlebot3_example:/root/ros_ws/install/tb3_multi_nav:/opt/ros/jazzy /usr/bin/cmake /root/ros_ws/src/turtlebot3-jazzy/turtlebot3_cartographer -DCMAKE_INSTALL_PREFIX=/root/ros_ws/install/turtlebot3_cartographer
[0.491s] -- The C compiler identification is GNU 13.3.0
[0.491s] -- The CXX compiler identification is GNU 13.3.0
[0.491s] -- Detecting C compiler ABI info
[0.491s] -- Detecting C compiler ABI info - done
[0.492s] -- Check for working C compiler: /usr/bin/cc - skipped
[0.492s] -- Detecting C compile features
[0.492s] -- Detecting C compile features - done
[0.492s] -- Detecting CXX compiler ABI info
[0.492s] -- Detecting CXX compiler ABI info - done
[0.492s] -- Check for working CXX compiler: /usr/bin/c++ - skipped
[0.492s] -- Detecting CXX compile features
[0.492s] -- Detecting CXX compile features - done
[0.492s] -- Found ament_cmake: 2.5.4 (/opt/ros/jazzy/share/ament_cmake/cmake)
[0.492s] -- Found Python3: /usr/bin/python3 (found version "3.12.3") found components: Interpreter 
[0.705s] -- Configuring done (0.7s)
[0.708s] -- Generating done (0.0s)
[0.710s] -- Build files have been written to: /root/ros_ws/build/turtlebot3_cartographer
[0.715s] Invoked command in '/root/ros_ws/build/turtlebot3_cartographer' returned '0': CMAKE_PREFIX_PATH=${CMAKE_PREFIX_PATH}:/root/ros_ws/install/turtlebot3_teleop:/root/ros_ws/install/turtlebot3_example:/root/ros_ws/install/tb3_multi_nav:/opt/ros/jazzy /usr/bin/cmake /root/ros_ws/src/turtlebot3-jazzy/turtlebot3_cartographer -DCMAKE_INSTALL_PREFIX=/root/ros_ws/install/turtlebot3_cartographer
[0.716s] Invoking command in '/root/ros_ws/build/turtlebot3_cartographer': CMAKE_PREFIX_PATH=${CMAKE_PREFIX_PATH}:/root/ros_ws/install/turtlebot3_teleop:/root/ros_ws/install/turtlebot3_example:/root/ros_ws/install/tb3_multi_nav:/opt/ros/jazzy /usr/bin/cmake --build /root/ros_ws/build/turtlebot3_cartographer -- -j16 -l16
[0.762s] Invoked command in '/root/ros_ws/build/turtlebot3_cartographer' returned '0': CMAKE_PREFIX_PATH=${CMAKE_PREFIX_PATH}:/root/ros_ws/install/turtlebot3_teleop:/root/ros_ws/install/turtlebot3_example:/root/ros_ws/install/tb3_multi_nav:/opt/ros/jazzy /usr/bin/cmake --build /root/ros_ws/build/turtlebot3_cartographer -- -j16 -l16
[0.771s] Invoking command in '/root/ros_ws/build/turtlebot3_cartographer': CMAKE_PREFIX_PATH=${CMAKE_PREFIX_PATH}:/root/ros_ws/install/turtlebot3_teleop:/root/ros_ws/install/turtlebot3_example:/root/ros_ws/install/tb3_multi_nav:/opt/ros/jazzy /usr/bin/cmake --install /root/ros_ws/build/turtlebot3_cartographer
[0.779s] -- Install configuration: ""
[0.779s] -- Installing: /root/ros_ws/install/turtlebot3_cartographer/share/turtlebot3_cartographer/config
[0.780s] -- Installing: /root/ros_ws/install/turtlebot3_cartographer/share/turtlebot3_cartographer/config/turtlebot3_lds_2d.lua
[0.780s] -- Installing: /root/ros_ws/install/turtlebot3_cartographer/share/turtlebot3_cartographer/launch
[0.781s] -- Installing: /root/ros_ws/install/turtlebot3_cartographer/share/turtlebot3_cartographer/launch/cartographer.launch.py
[0.781s] -- Installing: /root/ros_ws/install/turtlebot3_cartographer/share/turtlebot3_cartographer/launch/occupancy_grid.launch.py
[0.781s] -- Installing: /root/ros_ws/install/turtlebot3_cartographer/share/turtlebot3_cartographer/rviz
[0.782s] -- Installing: /root/ros_ws/install/turtlebot3_cartographer/share/turtlebot3_cartographer/rviz/tb3_cartographer.rviz:Zone.Identifier
[0.782s] -- Installing: /root/ros_ws/install/turtlebot3_cartographer/share/turtlebot3_cartographer/rviz/tb3_cartographer.rviz
[0.783s] -- Installing: /root/ros_ws/install/turtlebot3_cartographer/share/ament_index/resource_index/package_run_dependencies/turtlebot3_cartographer
[0.783s] -- Installing: /root/ros_ws/install/turtlebot3_cartographer/share/ament_index/resource_index/parent_prefix_path/turtlebot3_cartographer
[0.783s] -- Installing: /root/ros_ws/install/turtlebot3_cartographer/share/turtlebot3_cartographer/environment/ament_prefix_path.sh
[0.784s] -- Installing: /root/ros_ws/install/turtlebot3_cartographer/share/turtlebot3_cartographer/environment/ament_prefix_path.dsv
[0.784s] -- Installing: /root/ros_ws/install/turtlebot3_cartographer/share/turtlebot3_cartographer/environment/path.sh
[0.784s] -- Installing: /root/ros_ws/install/turtlebot3_cartographer/share/turtlebot3_cartographer/environment/path.dsv
[0.784s] -- Installing: /root/ros_ws/install/turtlebot3_cartographer/share/turtlebot3_cartographer/local_setup.bash
[0.784s] -- Installing: /root/ros_ws/install/turtlebot3_cartographer/share/turtlebot3_cartographer/local_setup.sh
[0.785s] -- Installing: /root/ros_ws/install/turtlebot3_cartographer/share/turtlebot3_cartographer/local_setup.zsh
[0.785s] -- Installing: /root/ros_ws/install/turtlebot3_cartographer/share/turtlebot3_cartographer/local_setup.dsv
[0.785s] -- Installing: /root/ros_ws/install/turtlebot3_cartographer/share/turtlebot3_cartographer/package.dsv
[0.785s] -- Installing: /root/ros_ws/install/turtlebot3_cartographer/share/ament_index/resource_index/packages/turtlebot3_cartographer
[0.785s] -- Installing: /root/ros_ws/install/turtlebot3_cartographer/share/turtlebot3_cartographer/cmake/turtlebot3_cartographerConfig.cmake
[0.785s] -- Installing: /root/ros_ws/install/turtlebot3_cartographer/share/turtlebot3_cartographer/cmake/turtlebot3_cartographerConfig-version.cmake
[0.785s] -- Installing: /root/ros_ws/install/turtlebot3_cartographer/share/turtlebot3_cartographer/package.xml
[0.786s] Invoked command in '/root/ros_ws/build/turtlebot3_cartographer' returned '0': CMAKE_PREFIX_PATH=${CMAKE_PREFIX_PATH}:/root/ros_ws/install/turtlebot3_teleop:/root/ros_ws/install/turtlebot3_example:/root/ros_ws/install/tb3_multi_nav:/opt/ros/jazzy /usr/bin/cmake --install /root/ros_ws/build/turtlebot3_cartographer
