[0.036s] Invoking command in '/root/ros_ws/build/turtlebot3_node': CMAKE_PREFIX_PATH=${CMAKE_PREFIX_PATH}:/root/ros_ws/install/turtlebot3_teleop:/root/ros_ws/install/turtlebot3_example:/root/ros_ws/install/tb3_multi_nav:/opt/ros/jazzy /usr/bin/cmake /root/ros_ws/src/turtlebot3-jazzy/turtlebot3_node -DCMAKE_INSTALL_PREFIX=/root/ros_ws/install/turtlebot3_node
[0.492s] -- The C compiler identification is GNU 13.3.0
[0.492s] -- The CXX compiler identification is GNU 13.3.0
[0.492s] -- Detecting C compiler ABI info
[0.492s] -- Detecting C compiler ABI info - done
[0.492s] -- Check for working C compiler: /usr/bin/cc - skipped
[0.492s] -- Detecting C compile features
[0.492s] -- Detecting C compile features - done
[0.492s] -- Detecting CXX compiler ABI info
[0.492s] -- Detecting CXX compiler ABI info - done
[0.493s] -- Check for working CXX compiler: /usr/bin/c++ - skipped
[0.493s] -- Detecting CXX compile features
[0.493s] -- Detecting CXX compile features - done
[0.493s] -- Found ament_cmake: 2.5.4 (/opt/ros/jazzy/share/ament_cmake/cmake)
[0.493s] -- Found Python3: /usr/bin/python3 (found version "3.12.3") found components: Interpreter 
[0.629s] -- Found dynamixel_sdk: 3.8.4 (/opt/ros/jazzy/share/dynamixel_sdk/cmake)
[0.636s] -- Found geometry_msgs: 5.3.6 (/opt/ros/jazzy/share/geometry_msgs/cmake)
[0.694s] -- Found rosidl_generator_c: 4.6.6 (/opt/ros/jazzy/share/rosidl_generator_c/cmake)
[0.714s] -- Found rosidl_generator_cpp: 4.6.6 (/opt/ros/jazzy/share/rosidl_generator_cpp/cmake)
[0.740s] -- Using all available rosidl_typesupport_c: rosidl_typesupport_fastrtps_c;rosidl_typesupport_introspection_c
[0.761s] -- Using all available rosidl_typesupport_cpp: rosidl_typesupport_fastrtps_cpp;rosidl_typesupport_introspection_cpp
[0.818s] -- Found message_filters: 4.11.8 (/opt/ros/jazzy/share/message_filters/cmake)
[0.906s] -- Found rmw_implementation_cmake: 7.3.2 (/opt/ros/jazzy/share/rmw_implementation_cmake/cmake)
[0.910s] -- Found rmw_fastrtps_cpp: 8.4.3 (/opt/ros/jazzy/share/rmw_fastrtps_cpp/cmake)
[1.006s] -- Found OpenSSL: /usr/lib/x86_64-linux-gnu/libcrypto.so (found version "3.0.13")  
[1.024s] -- Found FastRTPS: /opt/ros/jazzy/include (Required is at least version "2.13") 
[1.045s] -- Using RMW implementation 'rmw_fastrtps_cpp' as default
[1.115s] -- Found nav_msgs: 5.3.6 (/opt/ros/jazzy/share/nav_msgs/cmake)
[1.139s] -- Found sensor_msgs: 5.3.6 (/opt/ros/jazzy/share/sensor_msgs/cmake)
[1.165s] -- Found std_srvs: 5.3.6 (/opt/ros/jazzy/share/std_srvs/cmake)
[1.188s] -- Found tf2: 0.36.14 (/opt/ros/jazzy/share/tf2/cmake)
[1.195s] -- Found tf2_ros: 0.36.14 (/opt/ros/jazzy/share/tf2_ros/cmake)
[1.338s] -- Found turtlebot3_msgs: 2.4.0 (/opt/ros/jazzy/share/turtlebot3_msgs/cmake)
[1.442s] -- Configuring done (1.4s)
[1.460s] -- Generating done (0.0s)
[1.464s] -- Build files have been written to: /root/ros_ws/build/turtlebot3_node
[1.473s] Invoked command in '/root/ros_ws/build/turtlebot3_node' returned '0': CMAKE_PREFIX_PATH=${CMAKE_PREFIX_PATH}:/root/ros_ws/install/turtlebot3_teleop:/root/ros_ws/install/turtlebot3_example:/root/ros_ws/install/tb3_multi_nav:/opt/ros/jazzy /usr/bin/cmake /root/ros_ws/src/turtlebot3-jazzy/turtlebot3_node -DCMAKE_INSTALL_PREFIX=/root/ros_ws/install/turtlebot3_node
[1.474s] Invoking command in '/root/ros_ws/build/turtlebot3_node': CMAKE_PREFIX_PATH=${CMAKE_PREFIX_PATH}:/root/ros_ws/install/turtlebot3_teleop:/root/ros_ws/install/turtlebot3_example:/root/ros_ws/install/tb3_multi_nav:/opt/ros/jazzy /usr/bin/cmake --build /root/ros_ws/build/turtlebot3_node -- -j16 -l16
[1.519s] [  7%] [32mBuilding CXX object CMakeFiles/turtlebot3_node_lib.dir/src/devices/sound.cpp.o[0m
[1.519s] [ 28%] [32mBuilding CXX object CMakeFiles/turtlebot3_node_lib.dir/src/diff_drive_controller.cpp.o[0m
[1.519s] [ 28%] [32mBuilding CXX object CMakeFiles/turtlebot3_node_lib.dir/src/dynamixel_sdk_wrapper.cpp.o[0m
[1.520s] [ 28%] [32mBuilding CXX object CMakeFiles/turtlebot3_node_lib.dir/src/devices/reset.cpp.o[0m
[1.524s] [ 35%] [32mBuilding CXX object CMakeFiles/turtlebot3_node_lib.dir/src/turtlebot3.cpp.o[0m
[1.525s] [ 42%] [32mBuilding CXX object CMakeFiles/turtlebot3_node_lib.dir/src/devices/motor_power.cpp.o[0m
[1.526s] [ 50%] [32mBuilding CXX object CMakeFiles/turtlebot3_node_lib.dir/src/odometry.cpp.o[0m
[1.529s] [ 64%] [32mBuilding CXX object CMakeFiles/turtlebot3_node_lib.dir/src/sensors/battery_state.cpp.o[0m
[1.529s] [ 64%] [32mBuilding CXX object CMakeFiles/turtlebot3_node_lib.dir/src/sensors/joint_state.cpp.o[0m
[1.529s] [ 71%] [32mBuilding CXX object CMakeFiles/turtlebot3_node_lib.dir/src/sensors/imu.cpp.o[0m
[1.532s] [ 78%] [32mBuilding CXX object CMakeFiles/turtlebot3_node_lib.dir/src/sensors/sensor_state.cpp.o[0m
[15.293s] [ 85%] [32m[1mLinking CXX static library libturtlebot3_node_lib.a[0m
[16.518s] [ 85%] Built target turtlebot3_node_lib
[16.536s] [ 92%] [32mBuilding CXX object CMakeFiles/turtlebot3_ros.dir/src/node_main.cpp.o[0m
[18.784s] [100%] [32m[1mLinking CXX executable turtlebot3_ros[0m
[19.684s] [100%] Built target turtlebot3_ros
[19.704s] Invoked command in '/root/ros_ws/build/turtlebot3_node' returned '0': CMAKE_PREFIX_PATH=${CMAKE_PREFIX_PATH}:/root/ros_ws/install/turtlebot3_teleop:/root/ros_ws/install/turtlebot3_example:/root/ros_ws/install/tb3_multi_nav:/opt/ros/jazzy /usr/bin/cmake --build /root/ros_ws/build/turtlebot3_node -- -j16 -l16
[19.705s] Invoking command in '/root/ros_ws/build/turtlebot3_node': CMAKE_PREFIX_PATH=${CMAKE_PREFIX_PATH}:/root/ros_ws/install/turtlebot3_teleop:/root/ros_ws/install/turtlebot3_example:/root/ros_ws/install/tb3_multi_nav:/opt/ros/jazzy /usr/bin/cmake --install /root/ros_ws/build/turtlebot3_node
[19.705s] -- Install configuration: ""
[19.705s] -- Installing: /root/ros_ws/install/turtlebot3_node/share/turtlebot3_node/param
[19.705s] -- Installing: /root/ros_ws/install/turtlebot3_node/share/turtlebot3_node/param/waffle_pi.yaml
[19.705s] -- Installing: /root/ros_ws/install/turtlebot3_node/share/turtlebot3_node/param/waffle.yaml
[19.706s] -- Installing: /root/ros_ws/install/turtlebot3_node/share/turtlebot3_node/param/waffle_pi.yaml:Zone.Identifier
[19.706s] -- Installing: /root/ros_ws/install/turtlebot3_node/share/turtlebot3_node/param/burger.yaml
[19.706s] -- Installing: /root/ros_ws/install/turtlebot3_node/share/turtlebot3_node/param/waffle.yaml:Zone.Identifier
[19.708s] -- Installing: /root/ros_ws/install/turtlebot3_node/share/turtlebot3_node/param/burger.yaml:Zone.Identifier
[19.712s] -- Installing: /root/ros_ws/install/turtlebot3_node/lib/turtlebot3_node/turtlebot3_ros
[19.736s] -- Set non-toolchain portion of runtime path of "/root/ros_ws/install/turtlebot3_node/lib/turtlebot3_node/turtlebot3_ros" to ""
[19.737s] -- Installing: /root/ros_ws/install/turtlebot3_node/share/ament_index/resource_index/package_run_dependencies/turtlebot3_node
[19.737s] -- Installing: /root/ros_ws/install/turtlebot3_node/share/ament_index/resource_index/parent_prefix_path/turtlebot3_node
[19.737s] -- Installing: /root/ros_ws/install/turtlebot3_node/share/turtlebot3_node/environment/ament_prefix_path.sh
[19.738s] -- Installing: /root/ros_ws/install/turtlebot3_node/share/turtlebot3_node/environment/ament_prefix_path.dsv
[19.738s] -- Installing: /root/ros_ws/install/turtlebot3_node/share/turtlebot3_node/environment/path.sh
[19.738s] -- Installing: /root/ros_ws/install/turtlebot3_node/share/turtlebot3_node/environment/path.dsv
[19.738s] -- Installing: /root/ros_ws/install/turtlebot3_node/share/turtlebot3_node/local_setup.bash
[19.738s] -- Installing: /root/ros_ws/install/turtlebot3_node/share/turtlebot3_node/local_setup.sh
[19.738s] -- Installing: /root/ros_ws/install/turtlebot3_node/share/turtlebot3_node/local_setup.zsh
[19.738s] -- Installing: /root/ros_ws/install/turtlebot3_node/share/turtlebot3_node/local_setup.dsv
[19.739s] -- Installing: /root/ros_ws/install/turtlebot3_node/share/turtlebot3_node/package.dsv
[19.739s] -- Installing: /root/ros_ws/install/turtlebot3_node/share/ament_index/resource_index/packages/turtlebot3_node
[19.739s] -- Installing: /root/ros_ws/install/turtlebot3_node/share/turtlebot3_node/cmake/ament_cmake_export_dependencies-extras.cmake
[19.739s] -- Installing: /root/ros_ws/install/turtlebot3_node/share/turtlebot3_node/cmake/ament_cmake_export_include_directories-extras.cmake
[19.739s] -- Installing: /root/ros_ws/install/turtlebot3_node/share/turtlebot3_node/cmake/turtlebot3_nodeConfig.cmake
[19.739s] -- Installing: /root/ros_ws/install/turtlebot3_node/share/turtlebot3_node/cmake/turtlebot3_nodeConfig-version.cmake
[19.739s] -- Installing: /root/ros_ws/install/turtlebot3_node/share/turtlebot3_node/package.xml
[19.740s] Invoked command in '/root/ros_ws/build/turtlebot3_node' returned '0': CMAKE_PREFIX_PATH=${CMAKE_PREFIX_PATH}:/root/ros_ws/install/turtlebot3_teleop:/root/ros_ws/install/turtlebot3_example:/root/ros_ws/install/tb3_multi_nav:/opt/ros/jazzy /usr/bin/cmake --install /root/ros_ws/build/turtlebot3_node
