[0.940s] Invoking command in '/root/ros_ws/src/turtlebot3-jazzy/turtlebot3_example': PYTHONPATH=/root/ros_ws/build/turtlebot3_example/prefix_override:/usr/lib/python3/dist-packages/colcon_core/task/python/colcon_distutils_commands:/root/ros_ws/install/turtlebot3_example/lib/python3.12/site-packages:${PYTHONPATH} /usr/bin/python3 -W ignore:setup.py install is deprecated -W ignore:easy_install command is deprecated setup.py egg_info --egg-base ../../../build/turtlebot3_example build --build-base /root/ros_ws/build/turtlebot3_example/build install --record /root/ros_ws/build/turtlebot3_example/install.log --single-version-externally-managed install_data
[1.118s] running egg_info
[1.118s] creating ../../../build/turtlebot3_example/turtlebot3_example.egg-info
[1.128s] writing ../../../build/turtlebot3_example/turtlebot3_example.egg-info/PKG-INFO
[1.128s] writing dependency_links to ../../../build/turtlebot3_example/turtlebot3_example.egg-info/dependency_links.txt
[1.129s] writing entry points to ../../../build/turtlebot3_example/turtlebot3_example.egg-info/entry_points.txt
[1.129s] writing requirements to ../../../build/turtlebot3_example/turtlebot3_example.egg-info/requires.txt
[1.129s] writing top-level names to ../../../build/turtlebot3_example/turtlebot3_example.egg-info/top_level.txt
[1.129s] writing manifest file '../../../build/turtlebot3_example/turtlebot3_example.egg-info/SOURCES.txt'
[1.151s] reading manifest file '../../../build/turtlebot3_example/turtlebot3_example.egg-info/SOURCES.txt'
[1.151s] writing manifest file '../../../build/turtlebot3_example/turtlebot3_example.egg-info/SOURCES.txt'
[1.153s] running build
[1.153s] running build_py
[1.153s] creating /root/ros_ws/build/turtlebot3_example/build
[1.153s] creating /root/ros_ws/build/turtlebot3_example/build/lib
[1.153s] creating /root/ros_ws/build/turtlebot3_example/build/lib/turtlebot3_example
[1.154s] copying turtlebot3_example/__init__.py -> /root/ros_ws/build/turtlebot3_example/build/lib/turtlebot3_example
[1.154s] creating /root/ros_ws/build/turtlebot3_example/build/lib/turtlebot3_example/turtlebot3_obstacle_detection
[1.154s] copying turtlebot3_example/turtlebot3_obstacle_detection/turtlebot3_obstacle_detection.py -> /root/ros_ws/build/turtlebot3_example/build/lib/turtlebot3_example/turtlebot3_obstacle_detection
[1.154s] copying turtlebot3_example/turtlebot3_obstacle_detection/__init__.py -> /root/ros_ws/build/turtlebot3_example/build/lib/turtlebot3_example/turtlebot3_obstacle_detection
[1.155s] creating /root/ros_ws/build/turtlebot3_example/build/lib/turtlebot3_example/turtlebot3_patrol
[1.155s] copying turtlebot3_example/turtlebot3_patrol/turtlebot3_patrol_server.py -> /root/ros_ws/build/turtlebot3_example/build/lib/turtlebot3_example/turtlebot3_patrol
[1.155s] copying turtlebot3_example/turtlebot3_patrol/turtlebot3_patrol_client.py -> /root/ros_ws/build/turtlebot3_example/build/lib/turtlebot3_example/turtlebot3_patrol
[1.155s] copying turtlebot3_example/turtlebot3_patrol/__init__.py -> /root/ros_ws/build/turtlebot3_example/build/lib/turtlebot3_example/turtlebot3_patrol
[1.156s] creating /root/ros_ws/build/turtlebot3_example/build/lib/turtlebot3_example/turtlebot3_interactive_marker
[1.156s] copying turtlebot3_example/turtlebot3_interactive_marker/turtlebot3_interactive_marker.py -> /root/ros_ws/build/turtlebot3_example/build/lib/turtlebot3_example/turtlebot3_interactive_marker
[1.156s] copying turtlebot3_example/turtlebot3_interactive_marker/__init__.py -> /root/ros_ws/build/turtlebot3_example/build/lib/turtlebot3_example/turtlebot3_interactive_marker
[1.157s] creating /root/ros_ws/build/turtlebot3_example/build/lib/turtlebot3_example/turtlebot3_absolute_move
[1.157s] copying turtlebot3_example/turtlebot3_absolute_move/turtlebot3_absolute_move.py -> /root/ros_ws/build/turtlebot3_example/build/lib/turtlebot3_example/turtlebot3_absolute_move
[1.157s] copying turtlebot3_example/turtlebot3_absolute_move/__init__.py -> /root/ros_ws/build/turtlebot3_example/build/lib/turtlebot3_example/turtlebot3_absolute_move
[1.157s] creating /root/ros_ws/build/turtlebot3_example/build/lib/turtlebot3_example/turtlebot3_relative_move
[1.158s] copying turtlebot3_example/turtlebot3_relative_move/turtlebot3_relative_move.py -> /root/ros_ws/build/turtlebot3_example/build/lib/turtlebot3_example/turtlebot3_relative_move
[1.158s] copying turtlebot3_example/turtlebot3_relative_move/__init__.py -> /root/ros_ws/build/turtlebot3_example/build/lib/turtlebot3_example/turtlebot3_relative_move
[1.158s] running install
[1.163s] running install_lib
[1.174s] creating /root/ros_ws/install/turtlebot3_example/lib/python3.12/site-packages/turtlebot3_example
[1.174s] creating /root/ros_ws/install/turtlebot3_example/lib/python3.12/site-packages/turtlebot3_example/turtlebot3_obstacle_detection
[1.175s] copying /root/ros_ws/build/turtlebot3_example/build/lib/turtlebot3_example/turtlebot3_obstacle_detection/turtlebot3_obstacle_detection.py -> /root/ros_ws/install/turtlebot3_example/lib/python3.12/site-packages/turtlebot3_example/turtlebot3_obstacle_detection
[1.175s] copying /root/ros_ws/build/turtlebot3_example/build/lib/turtlebot3_example/turtlebot3_obstacle_detection/__init__.py -> /root/ros_ws/install/turtlebot3_example/lib/python3.12/site-packages/turtlebot3_example/turtlebot3_obstacle_detection
[1.175s] creating /root/ros_ws/install/turtlebot3_example/lib/python3.12/site-packages/turtlebot3_example/turtlebot3_patrol
[1.175s] copying /root/ros_ws/build/turtlebot3_example/build/lib/turtlebot3_example/turtlebot3_patrol/turtlebot3_patrol_server.py -> /root/ros_ws/install/turtlebot3_example/lib/python3.12/site-packages/turtlebot3_example/turtlebot3_patrol
[1.175s] copying /root/ros_ws/build/turtlebot3_example/build/lib/turtlebot3_example/turtlebot3_patrol/turtlebot3_patrol_client.py -> /root/ros_ws/install/turtlebot3_example/lib/python3.12/site-packages/turtlebot3_example/turtlebot3_patrol
[1.176s] copying /root/ros_ws/build/turtlebot3_example/build/lib/turtlebot3_example/turtlebot3_patrol/__init__.py -> /root/ros_ws/install/turtlebot3_example/lib/python3.12/site-packages/turtlebot3_example/turtlebot3_patrol
[1.176s] creating /root/ros_ws/install/turtlebot3_example/lib/python3.12/site-packages/turtlebot3_example/turtlebot3_interactive_marker
[1.176s] copying /root/ros_ws/build/turtlebot3_example/build/lib/turtlebot3_example/turtlebot3_interactive_marker/turtlebot3_interactive_marker.py -> /root/ros_ws/install/turtlebot3_example/lib/python3.12/site-packages/turtlebot3_example/turtlebot3_interactive_marker
[1.176s] copying /root/ros_ws/build/turtlebot3_example/build/lib/turtlebot3_example/turtlebot3_interactive_marker/__init__.py -> /root/ros_ws/install/turtlebot3_example/lib/python3.12/site-packages/turtlebot3_example/turtlebot3_interactive_marker
[1.176s] creating /root/ros_ws/install/turtlebot3_example/lib/python3.12/site-packages/turtlebot3_example/turtlebot3_absolute_move
[1.176s] copying /root/ros_ws/build/turtlebot3_example/build/lib/turtlebot3_example/turtlebot3_absolute_move/turtlebot3_absolute_move.py -> /root/ros_ws/install/turtlebot3_example/lib/python3.12/site-packages/turtlebot3_example/turtlebot3_absolute_move
[1.177s] copying /root/ros_ws/build/turtlebot3_example/build/lib/turtlebot3_example/turtlebot3_absolute_move/__init__.py -> /root/ros_ws/install/turtlebot3_example/lib/python3.12/site-packages/turtlebot3_example/turtlebot3_absolute_move
[1.177s] creating /root/ros_ws/install/turtlebot3_example/lib/python3.12/site-packages/turtlebot3_example/turtlebot3_relative_move
[1.178s] copying /root/ros_ws/build/turtlebot3_example/build/lib/turtlebot3_example/turtlebot3_relative_move/turtlebot3_relative_move.py -> /root/ros_ws/install/turtlebot3_example/lib/python3.12/site-packages/turtlebot3_example/turtlebot3_relative_move
[1.178s] copying /root/ros_ws/build/turtlebot3_example/build/lib/turtlebot3_example/turtlebot3_relative_move/__init__.py -> /root/ros_ws/install/turtlebot3_example/lib/python3.12/site-packages/turtlebot3_example/turtlebot3_relative_move
[1.178s] copying /root/ros_ws/build/turtlebot3_example/build/lib/turtlebot3_example/__init__.py -> /root/ros_ws/install/turtlebot3_example/lib/python3.12/site-packages/turtlebot3_example
[1.179s] byte-compiling /root/ros_ws/install/turtlebot3_example/lib/python3.12/site-packages/turtlebot3_example/turtlebot3_obstacle_detection/turtlebot3_obstacle_detection.py to turtlebot3_obstacle_detection.cpython-312.pyc
[1.180s] byte-compiling /root/ros_ws/install/turtlebot3_example/lib/python3.12/site-packages/turtlebot3_example/turtlebot3_obstacle_detection/__init__.py to __init__.cpython-312.pyc
[1.180s] byte-compiling /root/ros_ws/install/turtlebot3_example/lib/python3.12/site-packages/turtlebot3_example/turtlebot3_patrol/turtlebot3_patrol_server.py to turtlebot3_patrol_server.cpython-312.pyc
[1.182s] byte-compiling /root/ros_ws/install/turtlebot3_example/lib/python3.12/site-packages/turtlebot3_example/turtlebot3_patrol/turtlebot3_patrol_client.py to turtlebot3_patrol_client.cpython-312.pyc
[1.182s] byte-compiling /root/ros_ws/install/turtlebot3_example/lib/python3.12/site-packages/turtlebot3_example/turtlebot3_patrol/__init__.py to __init__.cpython-312.pyc
[1.183s] byte-compiling /root/ros_ws/install/turtlebot3_example/lib/python3.12/site-packages/turtlebot3_example/turtlebot3_interactive_marker/turtlebot3_interactive_marker.py to turtlebot3_interactive_marker.cpython-312.pyc
[1.184s] byte-compiling /root/ros_ws/install/turtlebot3_example/lib/python3.12/site-packages/turtlebot3_example/turtlebot3_interactive_marker/__init__.py to __init__.cpython-312.pyc
[1.184s] byte-compiling /root/ros_ws/install/turtlebot3_example/lib/python3.12/site-packages/turtlebot3_example/turtlebot3_absolute_move/turtlebot3_absolute_move.py to turtlebot3_absolute_move.cpython-312.pyc
[1.186s] byte-compiling /root/ros_ws/install/turtlebot3_example/lib/python3.12/site-packages/turtlebot3_example/turtlebot3_absolute_move/__init__.py to __init__.cpython-312.pyc
[1.187s] byte-compiling /root/ros_ws/install/turtlebot3_example/lib/python3.12/site-packages/turtlebot3_example/turtlebot3_relative_move/turtlebot3_relative_move.py to turtlebot3_relative_move.cpython-312.pyc
[1.187s] byte-compiling /root/ros_ws/install/turtlebot3_example/lib/python3.12/site-packages/turtlebot3_example/turtlebot3_relative_move/__init__.py to __init__.cpython-312.pyc
[1.188s] byte-compiling /root/ros_ws/install/turtlebot3_example/lib/python3.12/site-packages/turtlebot3_example/__init__.py to __init__.cpython-312.pyc
[1.188s] running install_data
[1.188s] creating /root/ros_ws/install/turtlebot3_example/share/ament_index
[1.189s] creating /root/ros_ws/install/turtlebot3_example/share/ament_index/resource_index
[1.189s] creating /root/ros_ws/install/turtlebot3_example/share/ament_index/resource_index/packages
[1.189s] copying resource/turtlebot3_example -> /root/ros_ws/install/turtlebot3_example/share/ament_index/resource_index/packages
[1.189s] copying package.xml -> /root/ros_ws/install/turtlebot3_example/share/turtlebot3_example
[1.189s] running install_egg_info
[1.200s] Copying ../../../build/turtlebot3_example/turtlebot3_example.egg-info to /root/ros_ws/install/turtlebot3_example/lib/python3.12/site-packages/turtlebot3_example-2.3.3-py3.12.egg-info
[1.201s] running install_scripts
[1.284s] Installing turtlebot3_absolute_move script to /root/ros_ws/install/turtlebot3_example/lib/turtlebot3_example
[1.284s] Installing turtlebot3_interactive_marker script to /root/ros_ws/install/turtlebot3_example/lib/turtlebot3_example
[1.284s] Installing turtlebot3_obstacle_detection script to /root/ros_ws/install/turtlebot3_example/lib/turtlebot3_example
[1.284s] Installing turtlebot3_patrol_client script to /root/ros_ws/install/turtlebot3_example/lib/turtlebot3_example
[1.285s] Installing turtlebot3_patrol_server script to /root/ros_ws/install/turtlebot3_example/lib/turtlebot3_example
[1.285s] Installing turtlebot3_relative_move script to /root/ros_ws/install/turtlebot3_example/lib/turtlebot3_example
[1.285s] writing list of installed files to '/root/ros_ws/build/turtlebot3_example/install.log'
[1.321s] Invoked command in '/root/ros_ws/src/turtlebot3-jazzy/turtlebot3_example' returned '0': PYTHONPATH=/root/ros_ws/build/turtlebot3_example/prefix_override:/usr/lib/python3/dist-packages/colcon_core/task/python/colcon_distutils_commands:/root/ros_ws/install/turtlebot3_example/lib/python3.12/site-packages:${PYTHONPATH} /usr/bin/python3 -W ignore:setup.py install is deprecated -W ignore:easy_install command is deprecated setup.py egg_info --egg-base ../../../build/turtlebot3_example build --build-base /root/ros_ws/build/turtlebot3_example/build install --record /root/ros_ws/build/turtlebot3_example/install.log --single-version-externally-managed install_data
