/root/ros_ws/install/tb3_multi_nav/lib/python3.12/site-packages/tb3_multi_nav/robot1_publisher_node.py
/root/ros_ws/install/tb3_multi_nav/lib/python3.12/site-packages/tb3_multi_nav/robot2_publisher_node.py
/root/ros_ws/install/tb3_multi_nav/lib/python3.12/site-packages/tb3_multi_nav/orchestrator_node_4.py
/root/ros_ws/install/tb3_multi_nav/lib/python3.12/site-packages/tb3_multi_nav/orchestrator_node_1.py
/root/ros_ws/install/tb3_multi_nav/lib/python3.12/site-packages/tb3_multi_nav/orchestrator_node_5.py
/root/ros_ws/install/tb3_multi_nav/lib/python3.12/site-packages/tb3_multi_nav/orchestrator_node_3.py
/root/ros_ws/install/tb3_multi_nav/lib/python3.12/site-packages/tb3_multi_nav/__init__.py
/root/ros_ws/install/tb3_multi_nav/lib/python3.12/site-packages/tb3_multi_nav/__pycache__/robot1_publisher_node.cpython-312.pyc
/root/ros_ws/install/tb3_multi_nav/lib/python3.12/site-packages/tb3_multi_nav/__pycache__/robot2_publisher_node.cpython-312.pyc
/root/ros_ws/install/tb3_multi_nav/lib/python3.12/site-packages/tb3_multi_nav/__pycache__/orchestrator_node_4.cpython-312.pyc
/root/ros_ws/install/tb3_multi_nav/lib/python3.12/site-packages/tb3_multi_nav/__pycache__/orchestrator_node_1.cpython-312.pyc
/root/ros_ws/install/tb3_multi_nav/lib/python3.12/site-packages/tb3_multi_nav/__pycache__/orchestrator_node_5.cpython-312.pyc
/root/ros_ws/install/tb3_multi_nav/lib/python3.12/site-packages/tb3_multi_nav/__pycache__/orchestrator_node_3.cpython-312.pyc
/root/ros_ws/install/tb3_multi_nav/lib/python3.12/site-packages/tb3_multi_nav/__pycache__/__init__.cpython-312.pyc
/root/ros_ws/install/tb3_multi_nav/share/ament_index/resource_index/packages/tb3_multi_nav
/root/ros_ws/install/tb3_multi_nav/share/tb3_multi_nav/package.xml
/root/ros_ws/install/tb3_multi_nav/share/tb3_multi_nav/launch/multi_tb3.launch.py
/root/ros_ws/install/tb3_multi_nav/lib/python3.12/site-packages/tb3_multi_nav-0.0.0-py3.12.egg-info/top_level.txt
/root/ros_ws/install/tb3_multi_nav/lib/python3.12/site-packages/tb3_multi_nav-0.0.0-py3.12.egg-info/SOURCES.txt
/root/ros_ws/install/tb3_multi_nav/lib/python3.12/site-packages/tb3_multi_nav-0.0.0-py3.12.egg-info/PKG-INFO
/root/ros_ws/install/tb3_multi_nav/lib/python3.12/site-packages/tb3_multi_nav-0.0.0-py3.12.egg-info/zip-safe
/root/ros_ws/install/tb3_multi_nav/lib/python3.12/site-packages/tb3_multi_nav-0.0.0-py3.12.egg-info/entry_points.txt
/root/ros_ws/install/tb3_multi_nav/lib/python3.12/site-packages/tb3_multi_nav-0.0.0-py3.12.egg-info/dependency_links.txt
/root/ros_ws/install/tb3_multi_nav/lib/python3.12/site-packages/tb3_multi_nav-0.0.0-py3.12.egg-info/requires.txt
/root/ros_ws/install/tb3_multi_nav/lib/tb3_multi_nav/orchestrator_node
/root/ros_ws/install/tb3_multi_nav/lib/tb3_multi_nav/robot1_publisher_node
/root/ros_ws/install/tb3_multi_nav/lib/tb3_multi_nav/robot2_publisher_node
