[INFO] [launch]: All log files can be found below /root/.ros/log/2025-09-20-16-53-04-375275-docker-desktop-27713
[INFO] [launch]: Default logging verbosity is set to INFO
[INFO] [gazebo-1]: process started with pid [27729]
[INFO] [create-2]: process started with pid [27730]
[INFO] [create-3]: process started with pid [27732]
[INFO] [parameter_bridge-4]: process started with pid [27733]
[INFO] [parameter_bridge-5]: process started with pid [27734]
[INFO] [map_server-6]: process started with pid [27735]
[INFO] [map_server-7]: process started with pid [27736]
[INFO] [map_server-8]: process started with pid [27737]
[INFO] [lifecycle_manager-9]: process started with pid [27764]
[create-2] [INFO] [1758387184.694704967] [ros_gz_sim]: Requesting list of world names.
[create-3] [INFO] [1758387184.707996451] [ros_gz_sim]: Requesting list of world names.
[map_server-6] [INFO] [1758387184.724053347] [map_server]: 
[map_server-6] 	map_server lifecycle node launched. 
[map_server-6] 	Waiting on external lifecycle transitions to activate
[map_server-6] 	See https://design.ros2.org/articles/node_lifecycle.html for more information.
[map_server-6] [INFO] [1758387184.724322749] [map_server]: Creating
[map_server-8] [INFO] [1758387184.724559661] [robot2.map_server]: 
[map_server-8] 	map_server lifecycle node launched. 
[map_server-8] 	Waiting on external lifecycle transitions to activate
[map_server-8] 	See https://design.ros2.org/articles/node_lifecycle.html for more information.
[map_server-8] [INFO] [1758387184.724637858] [robot2.map_server]: Creating
[map_server-7] [INFO] [1758387184.727043306] [robot1.map_server]: 
[map_server-7] 	map_server lifecycle node launched. 
[map_server-7] 	Waiting on external lifecycle transitions to activate
[map_server-7] 	See https://design.ros2.org/articles/node_lifecycle.html for more information.
[map_server-7] [INFO] [1758387184.727132250] [robot1.map_server]: Creating
[lifecycle_manager-9] [INFO] [1758387184.734243614] [lifecycle_manager_localization]: Creating
[lifecycle_manager-9] [INFO] [1758387184.737009429] [lifecycle_manager_localization]: [34m[1mCreating and initializing lifecycle service clients[0m[0m
[lifecycle_manager-9] [INFO] [1758387184.834117347] [lifecycle_manager_localization]: [34m[1mStarting managed nodes bringup...[0m[0m
[lifecycle_manager-9] [INFO] [1758387184.834234256] [lifecycle_manager_localization]: [34m[1mConfiguring map_server[0m[0m
[map_server-6] [INFO] [1758387184.834878989] [map_server]: Configuring
[map_server-6] [INFO] [1758387184.834968898] [map_io]: Loading yaml file: /root/ros_ws/install/turtlebot3_navigation2/share/turtlebot3_navigation2/map/map.yaml
[map_server-6] [INFO] [1758387184.835490517] [map_io]: resolution: 0.05
[map_server-6] [INFO] [1758387184.835510426] [map_io]: origin[0]: -10
[map_server-6] [INFO] [1758387184.835515003] [map_io]: origin[1]: -10
[map_server-6] [INFO] [1758387184.835518993] [map_io]: origin[2]: 0
[map_server-6] [INFO] [1758387184.835523231] [map_io]: free_thresh: 0.196
[map_server-6] [INFO] [1758387184.835527144] [map_io]: occupied_thresh: 0.65
[map_server-6] [INFO] [1758387184.835532350] [map_io]: mode: trinary
[map_server-6] [INFO] [1758387184.835537307] [map_io]: negate: 0
[map_server-6] [INFO] [1758387184.835783072] [map_io]: Loading image_file: /root/ros_ws/install/turtlebot3_navigation2/share/turtlebot3_navigation2/map/map.pgm
[map_server-6] [INFO] [1758387184.840753392] [map_io]: Read map /root/ros_ws/install/turtlebot3_navigation2/share/turtlebot3_navigation2/map/map.pgm: 384 X 384 map @ 0.05 m/cell
[lifecycle_manager-9] [INFO] [1758387184.848773156] [lifecycle_manager_localization]: [34m[1mActivating map_server[0m[0m
[map_server-6] [INFO] [1758387184.849244793] [map_server]: Activating
[map_server-6] [INFO] [1758387184.849458031] [map_server]: Creating bond (map_server) to lifecycle manager.
[gazebo-1] QStandardPaths: XDG_RUNTIME_DIR not set, defaulting to '/tmp/runtime-root'
[lifecycle_manager-9] [INFO] [1758387184.954814212] [lifecycle_manager_localization]: Server map_server connected with bond.
[lifecycle_manager-9] [INFO] [1758387184.954860657] [lifecycle_manager_localization]: [34m[1mManaged nodes are active[0m[0m
[lifecycle_manager-9] [INFO] [1758387184.954866025] [lifecycle_manager_localization]: [34m[1mCreating bond timer...[0m[0m
[create-2] [INFO] [1758387185.516890593] [ros_gz_sim]: Entity creation successful.
[create-3] [INFO] [1758387185.521299047] [ros_gz_sim]: Entity creation successful.
[INFO] [create-3]: process has finished cleanly [pid 27732]
[INFO] [create-2]: process has finished cleanly [pid 27730]
[parameter_bridge-4] [INFO] [1758387185.723092143] [robot1.ros_gz_bridge1]: Creating GZ->ROS Bridge: [/robot1/odom (gz.msgs.Odometry) -> /robot1/odom (nav_msgs/msg/Odometry)] (Lazy 0)
[parameter_bridge-5] [INFO] [1758387185.725022111] [robot2.ros_gz_bridge2]: Creating GZ->ROS Bridge: [/robot2/odom (gz.msgs.Odometry) -> /robot2/odom (nav_msgs/msg/Odometry)] (Lazy 0)
[parameter_bridge-4] [INFO] [1758387185.726536164] [robot1.ros_gz_bridge1]: Creating ROS->GZ Bridge: [/robot1/odom (nav_msgs/msg/Odometry) -> /robot1/odom (gz.msgs.Odometry)] (Lazy 0)
[parameter_bridge-4] [INFO] [1758387185.727666754] [robot1.ros_gz_bridge1]: Creating GZ->ROS Bridge: [/robot1/scan (gz.msgs.LaserScan) -> /robot1/scan (sensor_msgs/msg/LaserScan)] (Lazy 0)
[parameter_bridge-5] [INFO] [1758387185.727902056] [robot2.ros_gz_bridge2]: Creating ROS->GZ Bridge: [/robot2/odom (nav_msgs/msg/Odometry) -> /robot2/odom (gz.msgs.Odometry)] (Lazy 0)
[parameter_bridge-5] [INFO] [1758387185.728823430] [robot2.ros_gz_bridge2]: Creating GZ->ROS Bridge: [/robot2/scan (gz.msgs.LaserScan) -> /robot2/scan (sensor_msgs/msg/LaserScan)] (Lazy 0)
[parameter_bridge-4] [INFO] [1758387185.729278400] [robot1.ros_gz_bridge1]: Creating ROS->GZ Bridge: [/robot1/scan (sensor_msgs/msg/LaserScan) -> /robot1/scan (gz.msgs.LaserScan)] (Lazy 0)
[parameter_bridge-4] [INFO] [1758387185.730104174] [robot1.ros_gz_bridge1]: Creating GZ->ROS Bridge: [/robot1/joint_states (gz.msgs.Model) -> /robot1/joint_states (sensor_msgs/msg/JointState)] (Lazy 0)
[parameter_bridge-5] [INFO] [1758387185.730221503] [robot2.ros_gz_bridge2]: Creating ROS->GZ Bridge: [/robot2/scan (sensor_msgs/msg/LaserScan) -> /robot2/scan (gz.msgs.LaserScan)] (Lazy 0)
[parameter_bridge-4] [INFO] [1758387185.731016492] [robot1.ros_gz_bridge1]: Creating ROS->GZ Bridge: [/robot1/joint_states (sensor_msgs/msg/JointState) -> /robot1/joint_states (gz.msgs.Model)] (Lazy 0)
[parameter_bridge-5] [INFO] [1758387185.731094844] [robot2.ros_gz_bridge2]: Creating GZ->ROS Bridge: [/robot2/joint_states (gz.msgs.Model) -> /robot2/joint_states (sensor_msgs/msg/JointState)] (Lazy 0)
[parameter_bridge-4] [INFO] [1758387185.731691009] [robot1.ros_gz_bridge1]: Creating GZ->ROS Bridge: [/robot1/camera/image_raw (gz.msgs.Image) -> /robot1/camera/image_raw (sensor_msgs/msg/Image)] (Lazy 0)
[parameter_bridge-4] [INFO] [1758387185.732519757] [robot1.ros_gz_bridge1]: Creating ROS->GZ Bridge: [/robot1/camera/image_raw (sensor_msgs/msg/Image) -> /robot1/camera/image_raw (gz.msgs.Image)] (Lazy 0)
[parameter_bridge-5] [INFO] [1758387185.732522662] [robot2.ros_gz_bridge2]: Creating ROS->GZ Bridge: [/robot2/joint_states (sensor_msgs/msg/JointState) -> /robot2/joint_states (gz.msgs.Model)] (Lazy 0)
[parameter_bridge-5] [INFO] [1758387185.734163338] [robot2.ros_gz_bridge2]: Creating GZ->ROS Bridge: [/robot2/camera/image_raw (gz.msgs.Image) -> /robot2/camera/image_raw (sensor_msgs/msg/Image)] (Lazy 0)
[parameter_bridge-4] [INFO] [1758387185.735752440] [robot1.ros_gz_bridge1]: Creating GZ->ROS Bridge: [/robot1/cmd_vel (gz.msgs.Twist) -> /robot1/cmd_vel (geometry_msgs/msg/Twist)] (Lazy 0)
[parameter_bridge-5] [INFO] [1758387185.736206220] [robot2.ros_gz_bridge2]: Creating ROS->GZ Bridge: [/robot2/camera/image_raw (sensor_msgs/msg/Image) -> /robot2/camera/image_raw (gz.msgs.Image)] (Lazy 0)
[parameter_bridge-5] [INFO] [1758387185.737897712] [robot2.ros_gz_bridge2]: Creating GZ->ROS Bridge: [/robot2/cmd_vel (gz.msgs.Twist) -> /robot2/cmd_vel (geometry_msgs/msg/Twist)] (Lazy 0)
[parameter_bridge-4] [INFO] [1758387185.738519217] [robot1.ros_gz_bridge1]: Creating ROS->GZ Bridge: [/robot1/cmd_vel (geometry_msgs/msg/Twist) -> /robot1/cmd_vel (gz.msgs.Twist)] (Lazy 0)
[parameter_bridge-4] [INFO] [1758387185.740994909] [robot1.ros_gz_bridge1]: Creating GZ->ROS Bridge: [/robot1/imu (gz.msgs.IMU) -> /robot1/imu (sensor_msgs/msg/Imu)] (Lazy 0)
[parameter_bridge-5] [INFO] [1758387185.741104122] [robot2.ros_gz_bridge2]: Creating ROS->GZ Bridge: [/robot2/cmd_vel (geometry_msgs/msg/Twist) -> /robot2/cmd_vel (gz.msgs.Twist)] (Lazy 0)
[parameter_bridge-5] [INFO] [1758387185.742707189] [robot2.ros_gz_bridge2]: Creating GZ->ROS Bridge: [/robot2/imu (gz.msgs.IMU) -> /robot2/imu (sensor_msgs/msg/Imu)] (Lazy 0)
[parameter_bridge-4] [INFO] [1758387185.742833572] [robot1.ros_gz_bridge1]: Creating ROS->GZ Bridge: [/robot1/imu (sensor_msgs/msg/Imu) -> /robot1/imu (gz.msgs.IMU)] (Lazy 0)
[parameter_bridge-4] [INFO] [1758387185.743703596] [robot1.ros_gz_bridge1]: Creating GZ->ROS Bridge: [/tf (gz.msgs.Pose_V) -> /tf (tf2_msgs/msg/TFMessage)] (Lazy 0)
[parameter_bridge-5] [INFO] [1758387185.743822770] [robot2.ros_gz_bridge2]: Creating ROS->GZ Bridge: [/robot2/imu (sensor_msgs/msg/Imu) -> /robot2/imu (gz.msgs.IMU)] (Lazy 0)
[parameter_bridge-5] [INFO] [1758387185.744782006] [robot2.ros_gz_bridge2]: Creating GZ->ROS Bridge: [/robot2/initialpose (gz.msgs.PoseWithCovariance) -> /robot2/initialpose (geometry_msgs/msg/PoseWithCovarianceStamped)] (Lazy 0)
[parameter_bridge-4] [INFO] [1758387185.745715110] [robot1.ros_gz_bridge1]: Creating ROS->GZ Bridge: [/tf (tf2_msgs/msg/TFMessage) -> /tf (gz.msgs.Pose_V)] (Lazy 0)
[parameter_bridge-4] [INFO] [1758387185.746737959] [robot1.ros_gz_bridge1]: Creating GZ->ROS Bridge: [/tf_static (gz.msgs.Pose_V) -> /tf_static (tf2_msgs/msg/TFMessage)] (Lazy 0)
[parameter_bridge-5] [INFO] [1758387185.747403938] [robot2.ros_gz_bridge2]: Creating ROS->GZ Bridge: [/robot2/initialpose (geometry_msgs/msg/PoseWithCovarianceStamped) -> /robot2/initialpose (gz.msgs.PoseWithCovariance)] (Lazy 0)
[parameter_bridge-4] [INFO] [1758387185.747742700] [robot1.ros_gz_bridge1]: Creating ROS->GZ Bridge: [/tf_static (tf2_msgs/msg/TFMessage) -> /tf_static (gz.msgs.Pose_V)] (Lazy 0)
[parameter_bridge-4] [INFO] [1758387185.748606600] [robot1.ros_gz_bridge1]: Creating GZ->ROS Bridge: [/robot1/initialpose (gz.msgs.PoseWithCovariance) -> /robot1/initialpose (geometry_msgs/msg/PoseWithCovarianceStamped)] (Lazy 0)
[parameter_bridge-5] [INFO] [1758387185.748789456] [robot2.ros_gz_bridge2]: Creating GZ->ROS Bridge: [/robot2/goal_pose (gz.msgs.Pose) -> /robot2/goal_pose (geometry_msgs/msg/PoseStamped)] (Lazy 0)
[parameter_bridge-4] [INFO] [1758387185.749582661] [robot1.ros_gz_bridge1]: Creating ROS->GZ Bridge: [/robot1/initialpose (geometry_msgs/msg/PoseWithCovarianceStamped) -> /robot1/initialpose (gz.msgs.PoseWithCovariance)] (Lazy 0)
[parameter_bridge-5] [INFO] [1758387185.749582772] [robot2.ros_gz_bridge2]: Creating ROS->GZ Bridge: [/robot2/goal_pose (geometry_msgs/msg/PoseStamped) -> /robot2/goal_pose (gz.msgs.Pose)] (Lazy 0)
[parameter_bridge-4] [INFO] [1758387185.750442722] [robot1.ros_gz_bridge1]: Creating GZ->ROS Bridge: [/robot1/goal_pose (gz.msgs.Pose) -> /robot1/goal_pose (geometry_msgs/msg/PoseStamped)] (Lazy 0)
[parameter_bridge-4] [INFO] [1758387185.751496586] [robot1.ros_gz_bridge1]: Creating ROS->GZ Bridge: [/robot1/goal_pose (geometry_msgs/msg/PoseStamped) -> /robot1/goal_pose (gz.msgs.Pose)] (Lazy 0)
[parameter_bridge-4] [INFO] [1758387185.752353432] [robot1.ros_gz_bridge1]: Creating GZ->ROS Bridge: [/clock (gz.msgs.Clock) -> /clock (rosgraph_msgs/msg/Clock)] (Lazy 0)
[INFO] [robot_state_publisher-10]: process started with pid [28035]
[INFO] [robot_state_publisher-11]: process started with pid [28052]
[INFO] [component_container_isolated-12]: process started with pid [28177]
[INFO] [component_container_isolated-13]: process started with pid [28202]
[INFO] [ros2-14]: process started with pid [28203]
[gazebo-1] [1;33mWarning [Utils.cc:132][0m [/sdf/model[@name="turtlebot3_waffle"]/link[@name="base_scan"]/sensor[@name="hls_lfcd_lds"]/gz_frame_id:/root/ros_ws/src/tb3_multi_nav/config/model_robot1.sdf:L141]: XML Element[gz_frame_id], child of element[sensor], not defined in SDF. Copying[gz_frame_id] as children of [sensor].
[gazebo-1] [1;33mWarning [Utils.cc:132][0m [/sdf/model[@name="turtlebot3_waffle"]/link[@name="camera_rgb_frame"]/sensor[@name="camera"]/gz_frame_id:/root/ros_ws/src/tb3_multi_nav/config/model_robot1.sdf:L379]: XML Element[gz_frame_id], child of element[sensor], not defined in SDF. Copying[gz_frame_id] as children of [sensor].
[gazebo-1] [1;33mWarning [Utils.cc:132][0m [/sdf/model[@name="turtlebot3_waffle"]/link[@name="base_scan"]/sensor[@name="hls_lfcd_lds"]/gz_frame_id:/root/ros_ws/src/tb3_multi_nav/config/model_robot2.sdf:L141]: XML Element[gz_frame_id], child of element[sensor], not defined in SDF. Copying[gz_frame_id] as children of [sensor].
[INFO] [ros2-15]: process started with pid [28204]
[gazebo-1] [1;33mWarning [Utils.cc:132][0m [/sdf/model[@name="turtlebot3_waffle"]/link[@name="camera_rgb_frame"]/sensor[@name="camera"]/gz_frame_id:/root/ros_ws/src/tb3_multi_nav/config/model_robot2.sdf:L379]: XML Element[gz_frame_id], child of element[sensor], not defined in SDF. Copying[gz_frame_id] as children of [sensor].
[gazebo-1] [1;33mWarning [Utils.cc:132][0m [/sdf/model[@name="turtlebot3_waffle"]/link[@name="base_scan"]/sensor[@name="hls_lfcd_lds"]/gz_frame_id:<data-string>:L163]: XML Element[gz_frame_id], child of element[sensor], not defined in SDF. Copying[gz_frame_id] as children of [sensor].
[gazebo-1] [1;33mWarning [Utils.cc:132][0m [/sdf/model[@name="turtlebot3_waffle"]/link[@name="camera_rgb_frame"]/sensor[@name="camera"]/gz_frame_id:<data-string>:L394]: XML Element[gz_frame_id], child of element[sensor], not defined in SDF. Copying[gz_frame_id] as children of [sensor].
[gazebo-1] [1;33mWarning [Utils.cc:132][0m [/sdf/model[@name="turtlebot3_waffle"]/link[@name="base_scan"]/sensor[@name="hls_lfcd_lds"]/gz_frame_id:<data-string>:L163]: XML Element[gz_frame_id], child of element[sensor], not defined in SDF. Copying[gz_frame_id] as children of [sensor].
[gazebo-1] [1;33mWarning [Utils.cc:132][0m [/sdf/model[@name="turtlebot3_waffle"]/link[@name="camera_rgb_frame"]/sensor[@name="camera"]/gz_frame_id:<data-string>:L394]: XML Element[gz_frame_id], child of element[sensor], not defined in SDF. Copying[gz_frame_id] as children of [sensor].
[gazebo-1] [1;33mWarning [Utils.cc:132][0m [/sdf/model[@name="turtlebot3_waffle"]/link[@name="base_scan"]/sensor[@name="hls_lfcd_lds"]/gz_frame_id:<data-string>:L163]: XML Element[gz_frame_id], child of element[sensor], not defined in SDF. Copying[gz_frame_id] as children of [sensor].
[gazebo-1] [1;33mWarning [Utils.cc:132][0m [/sdf/model[@name="turtlebot3_waffle"]/link[@name="camera_rgb_frame"]/sensor[@name="camera"]/gz_frame_id:<data-string>:L394]: XML Element[gz_frame_id], child of element[sensor], not defined in SDF. Copying[gz_frame_id] as children of [sensor].
[INFO] [rviz2-16]: process started with pid [28205]
[robot_state_publisher-10] [INFO] [1758387186.833932935] [robot1.robot_state_publisher]: Robot initialized
[gazebo-1] [1;33mWarning [Utils.cc:132][0m [/sdf/model[@name="turtlebot3_waffle"]/link[@name="base_scan"]/sensor[@name="hls_lfcd_lds"]/gz_frame_id:<data-string>:L163]: XML Element[gz_frame_id], child of element[sensor], not defined in SDF. Copying[gz_frame_id] as children of [sensor].
[gazebo-1] [1;33mWarning [Utils.cc:132][0m [/sdf/model[@name="turtlebot3_waffle"]/link[@name="camera_rgb_frame"]/sensor[@name="camera"]/gz_frame_id:<data-string>:L394]: XML Element[gz_frame_id], child of element[sensor], not defined in SDF. Copying[gz_frame_id] as children of [sensor].
[robot_state_publisher-11] [INFO] [1758387186.942127298] [robot2.robot_state_publisher]: Robot initialized
[component_container_isolated-12] [INFO] [1758387187.610275033] [robot1.nav2_container]: Load Library: /opt/ros/jazzy/lib/libcontroller_server_core.so
[component_container_isolated-12] [INFO] [1758387187.620645236] [robot1.nav2_container]: Found class: rclcpp_components::NodeFactoryTemplate<nav2_controller::ControllerServer>
[component_container_isolated-12] [INFO] [1758387187.620681257] [robot1.nav2_container]: Instantiate class: rclcpp_components::NodeFactoryTemplate<nav2_controller::ControllerServer>
[component_container_isolated-12] [INFO] [1758387187.645985778] [robot1.controller_server]: 
[component_container_isolated-12] 	controller_server lifecycle node launched. 
[component_container_isolated-12] 	Waiting on external lifecycle transitions to activate
[component_container_isolated-12] 	See https://design.ros2.org/articles/node_lifecycle.html for more information.
[component_container_isolated-12] [INFO] [1758387187.650209864] [robot1.controller_server]: Creating controller server
[component_container_isolated-12] [INFO] [1758387187.673102578] [robot1.local_costmap.local_costmap]: 
[component_container_isolated-12] 	local_costmap lifecycle node launched. 
[component_container_isolated-12] 	Waiting on external lifecycle transitions to activate
[component_container_isolated-12] 	See https://design.ros2.org/articles/node_lifecycle.html for more information.
[component_container_isolated-12] [INFO] [1758387187.673963215] [robot1.local_costmap.local_costmap]: Creating Costmap
[component_container_isolated-12] [WARN] [1758387187.776743084] [robot1.nav2_container.rclcpp]: failed to send response to /robot1/nav2_container/_container/load_node (timeout): client will not receive response, at ./src/rmw_response.cpp:153, at ./src/rcl/service.c:400
[component_container_isolated-12] [INFO] [1758387187.776971351] [robot1.nav2_container]: Load Library: /opt/ros/jazzy/lib/libmap_server_core.so
[component_container_isolated-12] [INFO] [1758387187.785256048] [robot1.nav2_container]: Found class: rclcpp_components::NodeFactoryTemplate<nav2_map_server::CostmapFilterInfoServer>
[component_container_isolated-12] [INFO] [1758387187.785287441] [robot1.nav2_container]: Found class: rclcpp_components::NodeFactoryTemplate<nav2_map_server::MapSaver>
[component_container_isolated-12] [INFO] [1758387187.785290006] [robot1.nav2_container]: Found class: rclcpp_components::NodeFactoryTemplate<nav2_map_server::MapServer>
[component_container_isolated-12] [INFO] [1758387187.785297788] [robot1.nav2_container]: Instantiate class: rclcpp_components::NodeFactoryTemplate<nav2_map_server::MapServer>
[component_container_isolated-12] [INFO] [1758387187.806217242] [robot1.map_server]: 
[component_container_isolated-12] 	map_server lifecycle node launched. 
[component_container_isolated-12] 	Waiting on external lifecycle transitions to activate
[component_container_isolated-12] 	See https://design.ros2.org/articles/node_lifecycle.html for more information.
[component_container_isolated-12] [INFO] [1758387187.806282673] [robot1.map_server]: Creating
[rviz2-16] QStandardPaths: XDG_RUNTIME_DIR not set, defaulting to '/tmp/runtime-root'
[component_container_isolated-12] [WARN] [1758387187.907380008] [robot1.nav2_container.rclcpp]: failed to send response to /robot1/nav2_container/_container/load_node (timeout): client will not receive response, at ./src/rmw_response.cpp:153, at ./src/rcl/service.c:400
[component_container_isolated-12] [INFO] [1758387187.907614697] [robot1.nav2_container]: Load Library: /opt/ros/jazzy/lib/libamcl_core.so
[component_container_isolated-12] [INFO] [1758387187.909387175] [robot1.nav2_container]: Found class: rclcpp_components::NodeFactoryTemplate<nav2_amcl::AmclNode>
[component_container_isolated-12] [INFO] [1758387187.909433885] [robot1.nav2_container]: Instantiate class: rclcpp_components::NodeFactoryTemplate<nav2_amcl::AmclNode>
[component_container_isolated-12] [INFO] [1758387187.937134755] [robot1.amcl]: 
[component_container_isolated-12] 	amcl lifecycle node launched. 
[component_container_isolated-12] 	Waiting on external lifecycle transitions to activate
[component_container_isolated-12] 	See https://design.ros2.org/articles/node_lifecycle.html for more information.
[component_container_isolated-12] [INFO] [1758387187.937782191] [robot1.amcl]: Creating
[INFO] [launch_ros.actions.load_composable_nodes]: Loaded node '/robot1/amcl' in container 'robot1/nav2_container'
[component_container_isolated-12] [INFO] [1758387187.950498542] [robot1.nav2_container]: Load Library: /opt/ros/jazzy/lib/libnav2_lifecycle_manager_core.so
[component_container_isolated-12] [INFO] [1758387187.951597676] [robot1.nav2_container]: Found class: rclcpp_components::NodeFactoryTemplate<nav2_lifecycle_manager::LifecycleManager>
[component_container_isolated-12] [INFO] [1758387187.951676407] [robot1.nav2_container]: Instantiate class: rclcpp_components::NodeFactoryTemplate<nav2_lifecycle_manager::LifecycleManager>
[component_container_isolated-12] [INFO] [1758387187.974379769] [robot1.lifecycle_manager_localization]: Creating
[component_container_isolated-12] [INFO] [1758387187.989505728] [robot1.lifecycle_manager_localization]: [34m[1mCreating and initializing lifecycle service clients[0m[0m
[INFO] [launch_ros.actions.load_composable_nodes]: Loaded node '/robot1/lifecycle_manager_localization' in container 'robot1/nav2_container'
[component_container_isolated-12] [INFO] [1758387187.996467222] [robot1.lifecycle_manager_localization]: [34m[1mStarting managed nodes bringup...[0m[0m
[component_container_isolated-12] [INFO] [1758387187.996564549] [robot1.lifecycle_manager_localization]: [34m[1mConfiguring map_server[0m[0m
[component_container_isolated-12] [INFO] [1758387187.996871718] [robot1.map_server]: Configuring
[component_container_isolated-12] [INFO] [1758387187.996942367] [map_io]: Loading yaml file: /root/ros_ws/install/nav2_bringup/share/nav2_bringup/maps/turtlebot3_world.yaml
[map_server-7] [INFO] [1758387187.997113630] [robot1.map_server]: Configuring
[map_server-7] [INFO] [1758387187.997233618] [map_io]: Loading yaml file: /root/ros_ws/install/turtlebot3_navigation2/share/turtlebot3_navigation2/map/map.yaml
[map_server-7] [INFO] [1758387187.997506901] [map_io]: resolution: 0.05
[map_server-7] [INFO] [1758387187.997550024] [map_io]: origin[0]: -10
[map_server-7] [INFO] [1758387187.997555529] [map_io]: origin[1]: -10
[map_server-7] [INFO] [1758387187.997557603] [map_io]: origin[2]: 0
[map_server-7] [INFO] [1758387187.997559797] [map_io]: free_thresh: 0.196
[map_server-7] [INFO] [1758387187.997561617] [map_io]: occupied_thresh: 0.65
[map_server-7] [INFO] [1758387187.997563987] [map_io]: mode: trinary
[map_server-7] [INFO] [1758387187.997566012] [map_io]: negate: 0
[map_server-7] [INFO] [1758387187.997720812] [map_io]: Loading image_file: /root/ros_ws/install/turtlebot3_navigation2/share/turtlebot3_navigation2/map/map.pgm
[component_container_isolated-12] [INFO] [1758387187.997240980] [map_io]: resolution: 0.05
[component_container_isolated-12] [INFO] [1758387187.997252800] [map_io]: origin[0]: -10
[component_container_isolated-12] [INFO] [1758387187.997254838] [map_io]: origin[1]: -10
[component_container_isolated-12] [INFO] [1758387187.997256607] [map_io]: origin[2]: 0
[component_container_isolated-12] [INFO] [1758387187.997258490] [map_io]: free_thresh: 0.196
[component_container_isolated-12] [INFO] [1758387187.997260276] [map_io]: occupied_thresh: 0.65
[component_container_isolated-12] [INFO] [1758387187.997262883] [map_io]: mode: trinary
[component_container_isolated-12] [INFO] [1758387187.997265386] [map_io]: negate: 0
[component_container_isolated-12] [INFO] [1758387187.997454436] [map_io]: Loading image_file: /root/ros_ws/install/nav2_bringup/share/nav2_bringup/maps/turtlebot3_world.pgm
[map_server-7] [INFO] [1758387187.999895580] [map_io]: Read map /root/ros_ws/install/turtlebot3_navigation2/share/turtlebot3_navigation2/map/map.pgm: 384 X 384 map @ 0.05 m/cell
[component_container_isolated-12] [INFO] [1758387188.000124074] [map_io]: Read map /root/ros_ws/install/nav2_bringup/share/nav2_bringup/maps/turtlebot3_world.pgm: 384 X 384 map @ 0.05 m/cell
[component_container_isolated-12] [INFO] [1758387188.005581218] [robot1.lifecycle_manager_localization]: [34m[1mConfiguring amcl[0m[0m
[component_container_isolated-12] [INFO] [1758387188.006027528] [robot1.amcl]: Configuring
[component_container_isolated-12] [INFO] [1758387188.006152846] [robot1.amcl]: initTransforms
[component_container_isolated-12] [INFO] [1758387188.023340981] [robot1.amcl]: initPubSub
[component_container_isolated-12] [INFO] [1758387188.032301298] [robot1.amcl]: Subscribed to map topic.
[component_container_isolated-12] [INFO] [1758387188.039599061] [robot1.lifecycle_manager_localization]: [34m[1mActivating map_server[0m[0m
[component_container_isolated-12] [INFO] [1758387188.040320373] [robot1.map_server]: Activating
[map_server-7] [INFO] [1758387188.040485787] [robot1.map_server]: Activating
[map_server-7] [INFO] [1758387188.040756083] [robot1.map_server]: Creating bond (map_server) to lifecycle manager.
[component_container_isolated-12] [INFO] [1758387188.040585584] [robot1.map_server]: Creating bond (map_server) to lifecycle manager.
[component_container_isolated-12] [INFO] [1758387188.044997895] [robot1.amcl]: Received a 384 X 384 map @ 0.050 m/pix
[rviz2-16] [INFO] [1758387188.113093289] [rviz2]: Stereo is NOT SUPPORTED
[rviz2-16] [INFO] [1758387188.113332873] [rviz2]: OpenGl version: 4.5 (GLSL 4.5)
[component_container_isolated-12] [INFO] [1758387188.148276095] [robot1.lifecycle_manager_localization]: Server map_server connected with bond.
[component_container_isolated-12] [INFO] [1758387188.148348539] [robot1.lifecycle_manager_localization]: [34m[1mActivating amcl[0m[0m
[component_container_isolated-12] [INFO] [1758387188.148800501] [robot1.amcl]: Activating
[component_container_isolated-12] [INFO] [1758387188.148849984] [robot1.amcl]: initialPoseReceived
[component_container_isolated-12] [INFO] [1758387188.148953598] [robot1.amcl]: Setting pose (0.000000): -0.500 0.000 0.000
[component_container_isolated-12] [INFO] [1758387188.149723301] [robot1.amcl]: Creating bond (amcl) to lifecycle manager.
[rviz2-16] [INFO] [1758387188.167211310] [rviz2]: Stereo is NOT SUPPORTED
[component_container_isolated-13] [INFO] [1758387188.181321392] [robot2.nav2_container]: Load Library: /opt/ros/jazzy/lib/libmap_server_core.so
[component_container_isolated-13] [INFO] [1758387188.198410154] [robot2.nav2_container]: Found class: rclcpp_components::NodeFactoryTemplate<nav2_map_server::CostmapFilterInfoServer>
[component_container_isolated-13] [INFO] [1758387188.198477084] [robot2.nav2_container]: Found class: rclcpp_components::NodeFactoryTemplate<nav2_map_server::MapSaver>
[component_container_isolated-13] [INFO] [1758387188.198480858] [robot2.nav2_container]: Found class: rclcpp_components::NodeFactoryTemplate<nav2_map_server::MapServer>
[component_container_isolated-13] [INFO] [1758387188.198482889] [robot2.nav2_container]: Instantiate class: rclcpp_components::NodeFactoryTemplate<nav2_map_server::MapServer>
[component_container_isolated-13] [INFO] [1758387188.238316015] [robot2.map_server]: 
[component_container_isolated-13] 	map_server lifecycle node launched. 
[component_container_isolated-13] 	Waiting on external lifecycle transitions to activate
[component_container_isolated-13] 	See https://design.ros2.org/articles/node_lifecycle.html for more information.
[component_container_isolated-13] [INFO] [1758387188.238387123] [robot2.map_server]: Creating
[component_container_isolated-13] [INFO] [1758387188.239228112] [robot2.nav2_container]: Load Library: /opt/ros/jazzy/lib/libamcl_core.so
[WARNING] [robot2/nav2_container]: there are now at least 2 nodes with the name /robot2/map_server created within this launch context
[INFO] [launch_ros.actions.load_composable_nodes]: Loaded node '/robot2/map_server' in container 'robot2/nav2_container'
[component_container_isolated-13] [INFO] [1758387188.244087551] [robot2.nav2_container]: Found class: rclcpp_components::NodeFactoryTemplate<nav2_amcl::AmclNode>
[component_container_isolated-13] [INFO] [1758387188.244209837] [robot2.nav2_container]: Instantiate class: rclcpp_components::NodeFactoryTemplate<nav2_amcl::AmclNode>
[component_container_isolated-12] [INFO] [1758387188.256178052] [robot1.lifecycle_manager_localization]: Server amcl connected with bond.
[component_container_isolated-12] [INFO] [1758387188.256277371] [robot1.lifecycle_manager_localization]: [34m[1mManaged nodes are active[0m[0m
[component_container_isolated-12] [INFO] [1758387188.256298317] [robot1.lifecycle_manager_localization]: [34m[1mCreating bond timer...[0m[0m
[component_container_isolated-13] [INFO] [1758387188.275975667] [robot2.amcl]: 
[component_container_isolated-13] 	amcl lifecycle node launched. 
[component_container_isolated-13] 	Waiting on external lifecycle transitions to activate
[component_container_isolated-13] 	See https://design.ros2.org/articles/node_lifecycle.html for more information.
[component_container_isolated-13] [INFO] [1758387188.276527145] [robot2.amcl]: Creating
[INFO] [launch_ros.actions.load_composable_nodes]: Loaded node '/robot2/amcl' in container 'robot2/nav2_container'
[component_container_isolated-13] [INFO] [1758387188.283502846] [robot2.nav2_container]: Load Library: /opt/ros/jazzy/lib/libcontroller_server_core.so
[rviz2-16] [INFO] [1758387188.283567222] [rviz]: Subscribing to: /mobile_base/sensors/bumper_pointcloud
[rviz2-16] 
[rviz2-16] [INFO] [1758387188.286096351] [rviz]: Subscribing to: /mobile_base/sensors/bumper_pointcloud
[rviz2-16] 
[component_container_isolated-13] [INFO] [1758387188.288275980] [robot2.nav2_container]: Found class: rclcpp_components::NodeFactoryTemplate<nav2_controller::ControllerServer>
[component_container_isolated-13] [INFO] [1758387188.288327272] [robot2.nav2_container]: Instantiate class: rclcpp_components::NodeFactoryTemplate<nav2_controller::ControllerServer>
[component_container_isolated-13] [INFO] [1758387188.317978587] [robot2.controller_server]: 
[component_container_isolated-13] 	controller_server lifecycle node launched. 
[component_container_isolated-13] 	Waiting on external lifecycle transitions to activate
[component_container_isolated-13] 	See https://design.ros2.org/articles/node_lifecycle.html for more information.
[parameter_bridge-4] [WARN] [1758387188.319650230] [robot1.ros_gz_bridge1]: New subscription discovered on topic '/tf_static', requesting incompatible QoS. No messages will be sent to it. Last incompatible policy: DURABILITY_QOS_POLICY
[component_container_isolated-13] [INFO] [1758387188.324081706] [robot2.controller_server]: Creating controller server
[rviz2-16] [WARN] [1758387188.325416269] [transform_listener_impl_5b91c69338e0]: New publisher discovered on topic '/tf_static', offering incompatible QoS. No messages will be sent to it. Last incompatible policy: DURABILITY_QOS_POLICY
[component_container_isolated-13] [INFO] [1758387188.379434622] [robot2.local_costmap.local_costmap]: 
[component_container_isolated-13] 	local_costmap lifecycle node launched. 
[component_container_isolated-13] 	Waiting on external lifecycle transitions to activate
[component_container_isolated-13] 	See https://design.ros2.org/articles/node_lifecycle.html for more information.
[component_container_isolated-13] [INFO] [1758387188.381880124] [robot2.local_costmap.local_costmap]: Creating Costmap
[rviz2-16] [INFO] [1758387188.382917471] [rviz]: Subscribing to: /global_costmap/voxel_marked_cloud
[rviz2-16] 
[INFO] [launch_ros.actions.load_composable_nodes]: Loaded node '/robot2/controller_server' in container 'robot2/nav2_container'
[component_container_isolated-13] [INFO] [1758387188.387650501] [robot2.nav2_container]: Load Library: /opt/ros/jazzy/lib/libnav2_lifecycle_manager_core.so
[component_container_isolated-13] [INFO] [1758387188.389125694] [robot2.nav2_container]: Found class: rclcpp_components::NodeFactoryTemplate<nav2_lifecycle_manager::LifecycleManager>
[component_container_isolated-13] [INFO] [1758387188.389187364] [robot2.nav2_container]: Instantiate class: rclcpp_components::NodeFactoryTemplate<nav2_lifecycle_manager::LifecycleManager>
[rviz2-16] [INFO] [1758387188.398400756] [rviz]: Subscribing to: /local_costmap/voxel_marked_cloud
[rviz2-16] 
[component_container_isolated-13] [INFO] [1758387188.413713785] [robot2.lifecycle_manager_localization]: Creating
[INFO] [launch_ros.actions.load_composable_nodes]: Loaded node '/robot2/lifecycle_manager_localization' in container 'robot2/nav2_container'
[component_container_isolated-13] [INFO] [1758387188.421506478] [robot2.lifecycle_manager_localization]: [34m[1mCreating and initializing lifecycle service clients[0m[0m
[component_container_isolated-13] [INFO] [1758387188.421770247] [robot2.nav2_container]: Load Library: /opt/ros/jazzy/lib/libsmoother_server_core.so
[component_container_isolated-13] [INFO] [1758387188.424066066] [robot2.nav2_container]: Found class: rclcpp_components::NodeFactoryTemplate<nav2_smoother::SmootherServer>
[component_container_isolated-13] [INFO] [1758387188.424107140] [robot2.nav2_container]: Instantiate class: rclcpp_components::NodeFactoryTemplate<nav2_smoother::SmootherServer>
[parameter_bridge-4] [WARN] [1758387188.425804904] [robot1.ros_gz_bridge1]: New subscription discovered on topic '/tf_static', requesting incompatible QoS. No messages will be sent to it. Last incompatible policy: DURABILITY_QOS_POLICY
[rviz2-16] [WARN] [1758387188.426346143] [transform_listener_impl_5b91c6886940]: New publisher discovered on topic '/tf_static', offering incompatible QoS. No messages will be sent to it. Last incompatible policy: DURABILITY_QOS_POLICY
[component_container_isolated-13] [INFO] [1758387188.433455216] [robot2.lifecycle_manager_localization]: [34m[1mStarting managed nodes bringup...[0m[0m
[component_container_isolated-13] [INFO] [1758387188.433515022] [robot2.lifecycle_manager_localization]: [34m[1mConfiguring map_server[0m[0m
[map_server-8] [INFO] [1758387188.434069175] [robot2.map_server]: Configuring
[map_server-8] [INFO] [1758387188.434149733] [map_io]: Loading yaml file: /root/ros_ws/install/turtlebot3_navigation2/share/turtlebot3_navigation2/map/map.yaml
[map_server-8] [INFO] [1758387188.434473867] [map_io]: resolution: 0.05
[map_server-8] [INFO] [1758387188.434487129] [map_io]: origin[0]: -10
[map_server-8] [INFO] [1758387188.434489575] [map_io]: origin[1]: -10
[map_server-8] [INFO] [1758387188.434491500] [map_io]: origin[2]: 0
[map_server-8] [INFO] [1758387188.434493539] [map_io]: free_thresh: 0.196
[map_server-8] [INFO] [1758387188.434495291] [map_io]: occupied_thresh: 0.65
[map_server-8] [INFO] [1758387188.434497910] [map_io]: mode: trinary
[map_server-8] [INFO] [1758387188.434500382] [map_io]: negate: 0
[map_server-8] [INFO] [1758387188.434667272] [map_io]: Loading image_file: /root/ros_ws/install/turtlebot3_navigation2/share/turtlebot3_navigation2/map/map.pgm
[component_container_isolated-13] [INFO] [1758387188.437083356] [robot2.map_server]: Configuring
[component_container_isolated-13] [INFO] [1758387188.437225710] [map_io]: Loading yaml file: /root/ros_ws/install/nav2_bringup/share/nav2_bringup/maps/turtlebot3_world.yaml
[component_container_isolated-13] [INFO] [1758387188.437623023] [map_io]: resolution: 0.05
[component_container_isolated-13] [INFO] [1758387188.437652631] [map_io]: origin[0]: -10
[component_container_isolated-13] [INFO] [1758387188.437660830] [map_io]: origin[1]: -10
[component_container_isolated-13] [INFO] [1758387188.437671702] [map_io]: origin[2]: 0
[component_container_isolated-13] [INFO] [1758387188.437677557] [map_io]: free_thresh: 0.196
[component_container_isolated-13] [INFO] [1758387188.437682612] [map_io]: occupied_thresh: 0.65
[component_container_isolated-13] [INFO] [1758387188.437690427] [map_io]: mode: trinary
[component_container_isolated-13] [INFO] [1758387188.437702069] [map_io]: negate: 0
[component_container_isolated-13] [INFO] [1758387188.437946102] [map_io]: Loading image_file: /root/ros_ws/install/nav2_bringup/share/nav2_bringup/maps/turtlebot3_world.pgm
[map_server-8] [INFO] [1758387188.437600204] [map_io]: Read map /root/ros_ws/install/turtlebot3_navigation2/share/turtlebot3_navigation2/map/map.pgm: 384 X 384 map @ 0.05 m/cell
[rviz2-16] [INFO] [1758387188.439077710] [rviz]: Subscribing to: /mobile_base/sensors/bumper_pointcloud
[rviz2-16] 
[component_container_isolated-13] [INFO] [1758387188.440376270] [map_io]: Read map /root/ros_ws/install/nav2_bringup/share/nav2_bringup/maps/turtlebot3_world.pgm: 384 X 384 map @ 0.05 m/cell
[component_container_isolated-13] [INFO] [1758387188.450293636] [robot2.lifecycle_manager_localization]: [34m[1mConfiguring amcl[0m[0m
[component_container_isolated-13] [INFO] [1758387188.450851502] [robot2.amcl]: Configuring
[component_container_isolated-13] [INFO] [1758387188.451053161] [robot2.amcl]: initTransforms
[rviz2-16] [INFO] [1758387188.461231839] [rviz]: Subscribing to: /global_costmap/voxel_marked_cloud
[rviz2-16] 
[rviz2-16] [INFO] [1758387188.468000713] [rviz]: Subscribing to: /local_costmap/voxel_marked_cloud
[rviz2-16] 
[component_container_isolated-13] [INFO] [1758387188.483546518] [robot2.amcl]: initPubSub
[component_container_isolated-13] [INFO] [1758387188.489752090] [robot2.smoother_server]: 
[component_container_isolated-13] 	smoother_server lifecycle node launched. 
[component_container_isolated-13] 	Waiting on external lifecycle transitions to activate
[component_container_isolated-13] 	See https://design.ros2.org/articles/node_lifecycle.html for more information.
[component_container_isolated-13] [INFO] [1758387188.491607528] [robot2.smoother_server]: Creating smoother server
[INFO] [launch_ros.actions.load_composable_nodes]: Loaded node '/robot2/smoother_server' in container 'robot2/nav2_container'
[component_container_isolated-13] [INFO] [1758387188.496503047] [robot2.nav2_container]: Load Library: /opt/ros/jazzy/lib/libplanner_server_core.so
[component_container_isolated-13] [INFO] [1758387188.496597996] [robot2.amcl]: Subscribed to map topic.
[component_container_isolated-13] [INFO] [1758387188.498145307] [robot2.nav2_container]: Found class: rclcpp_components::NodeFactoryTemplate<nav2_planner::PlannerServer>
[component_container_isolated-13] [INFO] [1758387188.498187697] [robot2.nav2_container]: Instantiate class: rclcpp_components::NodeFactoryTemplate<nav2_planner::PlannerServer>
[component_container_isolated-13] [INFO] [1758387188.507290405] [robot2.lifecycle_manager_localization]: [34m[1mActivating map_server[0m[0m
[component_container_isolated-13] [INFO] [1758387188.508080287] [robot2.map_server]: Activating
[component_container_isolated-13] [INFO] [1758387188.508495022] [robot2.map_server]: Creating bond (map_server) to lifecycle manager.
[map_server-8] [INFO] [1758387188.508889353] [robot2.map_server]: Activating
[map_server-8] [INFO] [1758387188.509426417] [robot2.map_server]: Creating bond (map_server) to lifecycle manager.
[component_container_isolated-13] [INFO] [1758387188.509648420] [robot2.amcl]: Received a 384 X 384 map @ 0.050 m/pix
[parameter_bridge-4] [WARN] [1758387188.538121000] [robot1.ros_gz_bridge1]: New subscription discovered on topic '/tf_static', requesting incompatible QoS. No messages will be sent to it. Last incompatible policy: DURABILITY_QOS_POLICY
[rviz2-16] [WARN] [1758387188.538476365] [transform_listener_impl_5b91c7135150]: New publisher discovered on topic '/tf_static', offering incompatible QoS. No messages will be sent to it. Last incompatible policy: DURABILITY_QOS_POLICY
[component_container_isolated-13] [INFO] [1758387188.562399874] [robot2.planner_server]: 
[component_container_isolated-13] 	planner_server lifecycle node launched. 
[component_container_isolated-13] 	Waiting on external lifecycle transitions to activate
[component_container_isolated-13] 	See https://design.ros2.org/articles/node_lifecycle.html for more information.
[component_container_isolated-13] [INFO] [1758387188.566368896] [robot2.planner_server]: Creating
[component_container_isolated-13] [INFO] [1758387188.597717308] [robot2.global_costmap.global_costmap]: 
[component_container_isolated-13] 	global_costmap lifecycle node launched. 
[component_container_isolated-13] 	Waiting on external lifecycle transitions to activate
[component_container_isolated-13] 	See https://design.ros2.org/articles/node_lifecycle.html for more information.
[component_container_isolated-13] [INFO] [1758387188.598507860] [robot2.global_costmap.global_costmap]: Creating Costmap
[INFO] [launch_ros.actions.load_composable_nodes]: Loaded node '/robot2/planner_server' in container 'robot2/nav2_container'
[component_container_isolated-13] [INFO] [1758387188.608956815] [robot2.nav2_container]: Load Library: /opt/ros/jazzy/lib/libbehavior_server_core.so
[component_container_isolated-13] [INFO] [1758387188.610278603] [robot2.nav2_container]: Found class: rclcpp_components::NodeFactoryTemplate<behavior_server::BehaviorServer>
[component_container_isolated-13] [INFO] [1758387188.610406829] [robot2.nav2_container]: Instantiate class: rclcpp_components::NodeFactoryTemplate<behavior_server::BehaviorServer>
[component_container_isolated-13] [INFO] [1758387188.616010270] [robot2.lifecycle_manager_localization]: Server map_server connected with bond.
[component_container_isolated-13] [INFO] [1758387188.616096786] [robot2.lifecycle_manager_localization]: [34m[1mActivating amcl[0m[0m
[component_container_isolated-13] [INFO] [1758387188.616526711] [robot2.amcl]: Activating
[component_container_isolated-13] [INFO] [1758387188.616763430] [robot2.amcl]: initialPoseReceived
[component_container_isolated-13] [INFO] [1758387188.617310593] [robot2.amcl]: Setting pose (0.000000): -0.500 1.000 0.000
[component_container_isolated-13] [INFO] [1758387188.617789042] [robot2.amcl]: Creating bond (amcl) to lifecycle manager.
[component_container_isolated-13] [INFO] [1758387188.660382631] [robot2.behavior_server]: 
[component_container_isolated-13] 	behavior_server lifecycle node launched. 
[component_container_isolated-13] 	Waiting on external lifecycle transitions to activate
[component_container_isolated-13] 	See https://design.ros2.org/articles/node_lifecycle.html for more information.
[INFO] [launch_ros.actions.load_composable_nodes]: Loaded node '/robot2/behavior_server' in container 'robot2/nav2_container'
[component_container_isolated-13] [INFO] [1758387188.668346941] [robot2.nav2_container]: Load Library: /opt/ros/jazzy/lib/libbt_navigator_core.so
[component_container_isolated-13] [INFO] [1758387188.669647331] [robot2.nav2_container]: Found class: rclcpp_components::NodeFactoryTemplate<nav2_bt_navigator::BtNavigator>
[component_container_isolated-13] [INFO] [1758387188.669755648] [robot2.nav2_container]: Instantiate class: rclcpp_components::NodeFactoryTemplate<nav2_bt_navigator::BtNavigator>
[component_container_isolated-13] [INFO] [1758387188.717467574] [robot2.bt_navigator]: 
[component_container_isolated-13] 	bt_navigator lifecycle node launched. 
[component_container_isolated-13] 	Waiting on external lifecycle transitions to activate
[component_container_isolated-13] 	See https://design.ros2.org/articles/node_lifecycle.html for more information.
[component_container_isolated-13] [INFO] [1758387188.720138342] [robot2.bt_navigator]: Creating
[INFO] [launch_ros.actions.load_composable_nodes]: Loaded node '/robot2/bt_navigator' in container 'robot2/nav2_container'
[component_container_isolated-13] [INFO] [1758387188.724221786] [robot2.nav2_container]: Load Library: /opt/ros/jazzy/lib/libwaypoint_follower_core.so
[component_container_isolated-13] [INFO] [1758387188.725893085] [robot2.nav2_container]: Found class: rclcpp_components::NodeFactoryTemplate<nav2_waypoint_follower::WaypointFollower>
[component_container_isolated-13] [INFO] [1758387188.725942364] [robot2.nav2_container]: Instantiate class: rclcpp_components::NodeFactoryTemplate<nav2_waypoint_follower::WaypointFollower>
[component_container_isolated-13] [INFO] [1758387188.732041841] [robot2.lifecycle_manager_localization]: Server amcl connected with bond.
[component_container_isolated-13] [INFO] [1758387188.732129405] [robot2.lifecycle_manager_localization]: [34m[1mManaged nodes are active[0m[0m
[component_container_isolated-13] [INFO] [1758387188.732155335] [robot2.lifecycle_manager_localization]: [34m[1mCreating bond timer...[0m[0m
[component_container_isolated-13] [INFO] [1758387188.777524646] [robot2.waypoint_follower]: 
[component_container_isolated-13] 	waypoint_follower lifecycle node launched. 
[component_container_isolated-13] 	Waiting on external lifecycle transitions to activate
[component_container_isolated-13] 	See https://design.ros2.org/articles/node_lifecycle.html for more information.
[component_container_isolated-13] [INFO] [1758387188.778200493] [robot2.waypoint_follower]: Creating
[INFO] [launch_ros.actions.load_composable_nodes]: Loaded node '/robot2/waypoint_follower' in container 'robot2/nav2_container'
[component_container_isolated-13] [INFO] [1758387188.785006828] [robot2.nav2_container]: Load Library: /opt/ros/jazzy/lib/libvelocity_smoother_core.so
[component_container_isolated-13] [INFO] [1758387188.786163328] [robot2.nav2_container]: Found class: rclcpp_components::NodeFactoryTemplate<nav2_velocity_smoother::VelocitySmoother>
[component_container_isolated-13] [INFO] [1758387188.786232771] [robot2.nav2_container]: Instantiate class: rclcpp_components::NodeFactoryTemplate<nav2_velocity_smoother::VelocitySmoother>
[ros2-15] publisher: beginning loop
[ros2-15] publishing #1: geometry_msgs.msg.PoseWithCovarianceStamped(header=std_msgs.msg.Header(stamp=builtin_interfaces.msg.Time(sec=0, nanosec=0), frame_id='map'), pose=geometry_msgs.msg.PoseWithCovariance(pose=geometry_msgs.msg.Pose(position=geometry_msgs.msg.Point(x=-0.5, y=1.0, z=0.01), orientation=geometry_msgs.msg.Quaternion(x=0.0, y=0.0, z=0.0, w=1.0)), covariance=array([0., 0., 0., 0., 0., 0., 0., 0., 0., 0., 0., 0., 0., 0., 0., 0., 0.,
[ros2-15]        0., 0., 0., 0., 0., 0., 0., 0., 0., 0., 0., 0., 0., 0., 0., 0., 0.,
[ros2-15]        0., 0.])))
[ros2-15] 
[component_container_isolated-13] [INFO] [1758387188.795802755] [robot2.amcl]: initialPoseReceived
[component_container_isolated-13] [INFO] [1758387188.795888915] [robot2.amcl]: Setting pose (0.000000): -0.500 1.000 0.000
[parameter_bridge-5] [INFO] [1758387188.796212049] [robot2.ros_gz_bridge2]: Passing message from ROS geometry_msgs/msg/PoseWithCovarianceStamped to Gazebo gz.msgs.PoseWithCovariance (showing msg only once per type)
[ros2-14] Waiting for at least 1 matching subscription(s)...
[component_container_isolated-13] [INFO] [1758387188.832504313] [robot2.velocity_smoother]: 
[component_container_isolated-13] 	velocity_smoother lifecycle node launched. 
[component_container_isolated-13] 	Waiting on external lifecycle transitions to activate
[component_container_isolated-13] 	See https://design.ros2.org/articles/node_lifecycle.html for more information.
[INFO] [launch_ros.actions.load_composable_nodes]: Loaded node '/robot2/velocity_smoother' in container 'robot2/nav2_container'
[component_container_isolated-13] [INFO] [1758387188.836078061] [robot2.nav2_container]: Found class: rclcpp_components::NodeFactoryTemplate<nav2_lifecycle_manager::LifecycleManager>
[component_container_isolated-13] [INFO] [1758387188.836121668] [robot2.nav2_container]: Instantiate class: rclcpp_components::NodeFactoryTemplate<nav2_lifecycle_manager::LifecycleManager>
[component_container_isolated-13] [INFO] [1758387188.870950607] [robot2.lifecycle_manager_navigation]: Creating
[INFO] [launch_ros.actions.load_composable_nodes]: Loaded node '/robot2/lifecycle_manager_navigation' in container 'robot2/nav2_container'
[component_container_isolated-13] [INFO] [1758387188.877931152] [robot2.lifecycle_manager_navigation]: [34m[1mCreating and initializing lifecycle service clients[0m[0m
[component_container_isolated-13] [INFO] [1758387188.919750293] [robot2.lifecycle_manager_navigation]: [34m[1mStarting managed nodes bringup...[0m[0m
[component_container_isolated-13] [INFO] [1758387188.919872939] [robot2.lifecycle_manager_navigation]: [34m[1mConfiguring controller_server[0m[0m
[component_container_isolated-13] [INFO] [1758387188.920328991] [robot2.controller_server]: Configuring controller interface
[component_container_isolated-13] [INFO] [1758387188.920375540] [robot2.controller_server]: getting progress checker plugins..
[component_container_isolated-13] [INFO] [1758387188.921431972] [robot2.controller_server]: getting goal checker plugins..
[component_container_isolated-13] [INFO] [1758387188.921994887] [robot2.controller_server]: Controller frequency set to 10.0000Hz
[component_container_isolated-13] [INFO] [1758387188.922065040] [robot2.local_costmap.local_costmap]: Configuring
[component_container_isolated-13] [INFO] [1758387188.936431740] [robot2.local_costmap.local_costmap]: Using plugin "obstacle_layer"
[component_container_isolated-13] [INFO] [1758387188.943625028] [robot2.local_costmap.local_costmap]: Subscribed to Topics: scan
[component_container_isolated-13] [INFO] [1758387188.953271843] [robot2.local_costmap.local_costmap]: Initialized plugin "obstacle_layer"
[component_container_isolated-13] [INFO] [1758387188.953340624] [robot2.local_costmap.local_costmap]: Using plugin "voxel_layer"
[component_container_isolated-13] [INFO] [1758387188.957721333] [robot2.local_costmap.local_costmap]: Subscribed to Topics: scan
[component_container_isolated-13] [INFO] [1758387188.971753784] [robot2.local_costmap.local_costmap]: Initialized plugin "voxel_layer"
