[INFO] [launch]: All log files can be found below /root/.ros/log/2025-09-20-16-58-01-422186-docker-desktop-29134
[INFO] [launch]: Default logging verbosity is set to INFO
[INFO] [gazebo-1]: process started with pid [29150]
[INFO] [create-2]: process started with pid [29151]
[INFO] [create-3]: process started with pid [29153]
[INFO] [parameter_bridge-4]: process started with pid [29154]
[INFO] [parameter_bridge-5]: process started with pid [29155]
[INFO] [map_server-6]: process started with pid [29156]
[INFO] [map_server-7]: process started with pid [29157]
[INFO] [map_server-8]: process started with pid [29158]
[INFO] [lifecycle_manager-9]: process started with pid [29176]
[create-2] [INFO] [1758387481.744586094] [ros_gz_sim]: Requesting list of world names.
[create-3] [INFO] [1758387481.747964956] [ros_gz_sim]: Requesting list of world names.
[map_server-6] [INFO] [1758387481.758239181] [map_server]: 
[map_server-6] 	map_server lifecycle node launched. 
[map_server-6] 	Waiting on external lifecycle transitions to activate
[map_server-6] 	See https://design.ros2.org/articles/node_lifecycle.html for more information.
[map_server-6] [INFO] [1758387481.758306650] [map_server]: Creating
[map_server-8] [INFO] [1758387481.761352163] [robot2.map_server]: 
[map_server-8] 	map_server lifecycle node launched. 
[map_server-8] 	Waiting on external lifecycle transitions to activate
[map_server-8] 	See https://design.ros2.org/articles/node_lifecycle.html for more information.
[map_server-8] [INFO] [1758387481.761495186] [robot2.map_server]: Creating
[lifecycle_manager-9] [INFO] [1758387481.763463461] [lifecycle_manager_localization]: Creating
[lifecycle_manager-9] [INFO] [1758387481.766443204] [lifecycle_manager_localization]: [34m[1mCreating and initializing lifecycle service clients[0m[0m
[map_server-7] [INFO] [1758387481.767481063] [robot1.map_server]: 
[map_server-7] 	map_server lifecycle node launched. 
[map_server-7] 	Waiting on external lifecycle transitions to activate
[map_server-7] 	See https://design.ros2.org/articles/node_lifecycle.html for more information.
[map_server-7] [INFO] [1758387481.767564546] [robot1.map_server]: Creating
[gazebo-1] QStandardPaths: XDG_RUNTIME_DIR not set, defaulting to '/tmp/runtime-root'
[lifecycle_manager-9] [INFO] [1758387482.299790658] [lifecycle_manager_localization]: [34m[1mStarting managed nodes bringup...[0m[0m
[lifecycle_manager-9] [INFO] [1758387482.299876884] [lifecycle_manager_localization]: [34m[1mConfiguring map_server[0m[0m
[map_server-6] [INFO] [1758387482.300398918] [map_server]: Configuring
[map_server-6] [INFO] [1758387482.300495359] [map_io]: Loading yaml file: /root/ros_ws/install/turtlebot3_navigation2/share/turtlebot3_navigation2/map/map.yaml
[map_server-6] [INFO] [1758387482.300892376] [map_io]: resolution: 0.05
[map_server-6] [INFO] [1758387482.300933079] [map_io]: origin[0]: -10
[map_server-6] [INFO] [1758387482.300937213] [map_io]: origin[1]: -10
[map_server-6] [INFO] [1758387482.300939929] [map_io]: origin[2]: 0
[map_server-6] [INFO] [1758387482.300942907] [map_io]: free_thresh: 0.196
[map_server-6] [INFO] [1758387482.300945481] [map_io]: occupied_thresh: 0.65
[map_server-6] [INFO] [1758387482.300948643] [map_io]: mode: trinary
[map_server-6] [INFO] [1758387482.300951502] [map_io]: negate: 0
[map_server-6] [INFO] [1758387482.301137675] [map_io]: Loading image_file: /root/ros_ws/install/turtlebot3_navigation2/share/turtlebot3_navigation2/map/map.pgm
[map_server-6] [INFO] [1758387482.303813613] [map_io]: Read map /root/ros_ws/install/turtlebot3_navigation2/share/turtlebot3_navigation2/map/map.pgm: 384 X 384 map @ 0.05 m/cell
[lifecycle_manager-9] [INFO] [1758387482.312049810] [lifecycle_manager_localization]: [34m[1mActivating map_server[0m[0m
[map_server-6] [INFO] [1758387482.312406154] [map_server]: Activating
[map_server-6] [INFO] [1758387482.312626471] [map_server]: Creating bond (map_server) to lifecycle manager.
[lifecycle_manager-9] [INFO] [1758387482.417361705] [lifecycle_manager_localization]: Server map_server connected with bond.
[lifecycle_manager-9] [INFO] [1758387482.417492299] [lifecycle_manager_localization]: [34m[1mManaged nodes are active[0m[0m
[lifecycle_manager-9] [INFO] [1758387482.417502919] [lifecycle_manager_localization]: [34m[1mCreating bond timer...[0m[0m
[create-3] [INFO] [1758387482.568664960] [ros_gz_sim]: Entity creation successful.
[create-2] [INFO] [1758387482.569707658] [ros_gz_sim]: Entity creation successful.
[INFO] [create-2]: process has finished cleanly [pid 29151]
[INFO] [create-3]: process has finished cleanly [pid 29153]
[parameter_bridge-5] [INFO] [1758387482.764846025] [robot2.ros_gz_bridge2]: Creating GZ->ROS Bridge: [/robot2/odom (gz.msgs.Odometry) -> /robot2/odom (nav_msgs/msg/Odometry)] (Lazy 0)
[parameter_bridge-4] [INFO] [1758387482.767503221] [robot1.ros_gz_bridge1]: Creating GZ->ROS Bridge: [/robot1/odom (gz.msgs.Odometry) -> /robot1/odom (nav_msgs/msg/Odometry)] (Lazy 0)
[parameter_bridge-5] [INFO] [1758387482.770459875] [robot2.ros_gz_bridge2]: Creating ROS->GZ Bridge: [/robot2/odom (nav_msgs/msg/Odometry) -> /robot2/odom (gz.msgs.Odometry)] (Lazy 0)
[parameter_bridge-4] [INFO] [1758387482.770666485] [robot1.ros_gz_bridge1]: Creating ROS->GZ Bridge: [/robot1/odom (nav_msgs/msg/Odometry) -> /robot1/odom (gz.msgs.Odometry)] (Lazy 0)
[parameter_bridge-5] [INFO] [1758387482.771813705] [robot2.ros_gz_bridge2]: Creating GZ->ROS Bridge: [/robot2/scan (gz.msgs.LaserScan) -> /robot2/scan (sensor_msgs/msg/LaserScan)] (Lazy 0)
[parameter_bridge-4] [INFO] [1758387482.773734583] [robot1.ros_gz_bridge1]: Creating GZ->ROS Bridge: [/robot1/scan (gz.msgs.LaserScan) -> /robot1/scan (sensor_msgs/msg/LaserScan)] (Lazy 0)
[parameter_bridge-5] [INFO] [1758387482.773872256] [robot2.ros_gz_bridge2]: Creating ROS->GZ Bridge: [/robot2/scan (sensor_msgs/msg/LaserScan) -> /robot2/scan (gz.msgs.LaserScan)] (Lazy 0)
[parameter_bridge-5] [INFO] [1758387482.775183095] [robot2.ros_gz_bridge2]: Creating GZ->ROS Bridge: [/robot2/joint_states (gz.msgs.Model) -> /robot2/joint_states (sensor_msgs/msg/JointState)] (Lazy 0)
[parameter_bridge-5] [INFO] [1758387482.776218282] [robot2.ros_gz_bridge2]: Creating ROS->GZ Bridge: [/robot2/joint_states (sensor_msgs/msg/JointState) -> /robot2/joint_states (gz.msgs.Model)] (Lazy 0)
[parameter_bridge-5] [INFO] [1758387482.777545185] [robot2.ros_gz_bridge2]: Creating GZ->ROS Bridge: [/robot2/camera/image_raw (gz.msgs.Image) -> /robot2/camera/image_raw (sensor_msgs/msg/Image)] (Lazy 0)
[parameter_bridge-4] [INFO] [1758387482.778977337] [robot1.ros_gz_bridge1]: Creating ROS->GZ Bridge: [/robot1/scan (sensor_msgs/msg/LaserScan) -> /robot1/scan (gz.msgs.LaserScan)] (Lazy 0)
[parameter_bridge-5] [INFO] [1758387482.780149767] [robot2.ros_gz_bridge2]: Creating ROS->GZ Bridge: [/robot2/camera/image_raw (sensor_msgs/msg/Image) -> /robot2/camera/image_raw (gz.msgs.Image)] (Lazy 0)
[parameter_bridge-4] [INFO] [1758387482.781959419] [robot1.ros_gz_bridge1]: Creating GZ->ROS Bridge: [/robot1/joint_states (gz.msgs.Model) -> /robot1/joint_states (sensor_msgs/msg/JointState)] (Lazy 0)
[parameter_bridge-5] [INFO] [1758387482.783314402] [robot2.ros_gz_bridge2]: Creating GZ->ROS Bridge: [/robot2/cmd_vel (gz.msgs.Twist) -> /robot2/cmd_vel (geometry_msgs/msg/Twist)] (Lazy 0)
[parameter_bridge-4] [INFO] [1758387482.784483953] [robot1.ros_gz_bridge1]: Creating ROS->GZ Bridge: [/robot1/joint_states (sensor_msgs/msg/JointState) -> /robot1/joint_states (gz.msgs.Model)] (Lazy 0)
[parameter_bridge-5] [INFO] [1758387482.784585071] [robot2.ros_gz_bridge2]: Creating ROS->GZ Bridge: [/robot2/cmd_vel (geometry_msgs/msg/Twist) -> /robot2/cmd_vel (gz.msgs.Twist)] (Lazy 0)
[parameter_bridge-4] [INFO] [1758387482.785378862] [robot1.ros_gz_bridge1]: Creating GZ->ROS Bridge: [/robot1/camera/image_raw (gz.msgs.Image) -> /robot1/camera/image_raw (sensor_msgs/msg/Image)] (Lazy 0)
[parameter_bridge-5] [INFO] [1758387482.785559369] [robot2.ros_gz_bridge2]: Creating GZ->ROS Bridge: [/robot2/imu (gz.msgs.IMU) -> /robot2/imu (sensor_msgs/msg/Imu)] (Lazy 0)
[parameter_bridge-4] [INFO] [1758387482.786353927] [robot1.ros_gz_bridge1]: Creating ROS->GZ Bridge: [/robot1/camera/image_raw (sensor_msgs/msg/Image) -> /robot1/camera/image_raw (gz.msgs.Image)] (Lazy 0)
[parameter_bridge-5] [INFO] [1758387482.786656319] [robot2.ros_gz_bridge2]: Creating ROS->GZ Bridge: [/robot2/imu (sensor_msgs/msg/Imu) -> /robot2/imu (gz.msgs.IMU)] (Lazy 0)
[parameter_bridge-5] [INFO] [1758387482.787737652] [robot2.ros_gz_bridge2]: Creating GZ->ROS Bridge: [/robot2/initialpose (gz.msgs.PoseWithCovariance) -> /robot2/initialpose (geometry_msgs/msg/PoseWithCovarianceStamped)] (Lazy 0)
[parameter_bridge-4] [INFO] [1758387482.788005092] [robot1.ros_gz_bridge1]: Creating GZ->ROS Bridge: [/robot1/cmd_vel (gz.msgs.Twist) -> /robot1/cmd_vel (geometry_msgs/msg/Twist)] (Lazy 0)
[parameter_bridge-5] [INFO] [1758387482.788702115] [robot2.ros_gz_bridge2]: Creating ROS->GZ Bridge: [/robot2/initialpose (geometry_msgs/msg/PoseWithCovarianceStamped) -> /robot2/initialpose (gz.msgs.PoseWithCovariance)] (Lazy 0)
[parameter_bridge-4] [INFO] [1758387482.788983027] [robot1.ros_gz_bridge1]: Creating ROS->GZ Bridge: [/robot1/cmd_vel (geometry_msgs/msg/Twist) -> /robot1/cmd_vel (gz.msgs.Twist)] (Lazy 0)
[parameter_bridge-5] [INFO] [1758387482.789630052] [robot2.ros_gz_bridge2]: Creating GZ->ROS Bridge: [/robot2/goal_pose (gz.msgs.Pose) -> /robot2/goal_pose (geometry_msgs/msg/PoseStamped)] (Lazy 0)
[parameter_bridge-4] [INFO] [1758387482.790009426] [robot1.ros_gz_bridge1]: Creating GZ->ROS Bridge: [/robot1/imu (gz.msgs.IMU) -> /robot1/imu (sensor_msgs/msg/Imu)] (Lazy 0)
[parameter_bridge-5] [INFO] [1758387482.790508804] [robot2.ros_gz_bridge2]: Creating ROS->GZ Bridge: [/robot2/goal_pose (geometry_msgs/msg/PoseStamped) -> /robot2/goal_pose (gz.msgs.Pose)] (Lazy 0)
[parameter_bridge-4] [INFO] [1758387482.790912044] [robot1.ros_gz_bridge1]: Creating ROS->GZ Bridge: [/robot1/imu (sensor_msgs/msg/Imu) -> /robot1/imu (gz.msgs.IMU)] (Lazy 0)
[parameter_bridge-4] [INFO] [1758387482.792209319] [robot1.ros_gz_bridge1]: Creating GZ->ROS Bridge: [/tf (gz.msgs.Pose_V) -> /tf (tf2_msgs/msg/TFMessage)] (Lazy 0)
[parameter_bridge-4] [INFO] [1758387482.794278594] [robot1.ros_gz_bridge1]: Creating ROS->GZ Bridge: [/tf (tf2_msgs/msg/TFMessage) -> /tf (gz.msgs.Pose_V)] (Lazy 0)
[parameter_bridge-4] [INFO] [1758387482.795844435] [robot1.ros_gz_bridge1]: Creating GZ->ROS Bridge: [/tf_static (gz.msgs.Pose_V) -> /tf_static (tf2_msgs/msg/TFMessage)] (Lazy 0)
[parameter_bridge-4] [INFO] [1758387482.797343498] [robot1.ros_gz_bridge1]: Creating ROS->GZ Bridge: [/tf_static (tf2_msgs/msg/TFMessage) -> /tf_static (gz.msgs.Pose_V)] (Lazy 0)
[parameter_bridge-4] [INFO] [1758387482.798259755] [robot1.ros_gz_bridge1]: Creating GZ->ROS Bridge: [/robot1/initialpose (gz.msgs.PoseWithCovariance) -> /robot1/initialpose (geometry_msgs/msg/PoseWithCovarianceStamped)] (Lazy 0)
[parameter_bridge-4] [INFO] [1758387482.799905183] [robot1.ros_gz_bridge1]: Creating ROS->GZ Bridge: [/robot1/initialpose (geometry_msgs/msg/PoseWithCovarianceStamped) -> /robot1/initialpose (gz.msgs.PoseWithCovariance)] (Lazy 0)
[parameter_bridge-4] [INFO] [1758387482.801361586] [robot1.ros_gz_bridge1]: Creating GZ->ROS Bridge: [/robot1/goal_pose (gz.msgs.Pose) -> /robot1/goal_pose (geometry_msgs/msg/PoseStamped)] (Lazy 0)
[parameter_bridge-4] [INFO] [1758387482.803079841] [robot1.ros_gz_bridge1]: Creating ROS->GZ Bridge: [/robot1/goal_pose (geometry_msgs/msg/PoseStamped) -> /robot1/goal_pose (gz.msgs.Pose)] (Lazy 0)
[parameter_bridge-4] [INFO] [1758387482.804295815] [robot1.ros_gz_bridge1]: Creating GZ->ROS Bridge: [/clock (gz.msgs.Clock) -> /clock (rosgraph_msgs/msg/Clock)] (Lazy 0)
[INFO] [robot_state_publisher-10]: process started with pid [29456]
[INFO] [robot_state_publisher-11]: process started with pid [29473]
[INFO] [component_container_isolated-12]: process started with pid [29598]
[INFO] [component_container_isolated-13]: process started with pid [29618]
[INFO] [ros2-14]: process started with pid [29619]
[gazebo-1] [1;33mWarning [Utils.cc:132][0m [/sdf/model[@name="turtlebot3_waffle"]/link[@name="base_scan"]/sensor[@name="hls_lfcd_lds"]/gz_frame_id:/root/ros_ws/src/tb3_multi_nav/config/model_robot2.sdf:L141]: XML Element[gz_frame_id], child of element[sensor], not defined in SDF. Copying[gz_frame_id] as children of [sensor].
[gazebo-1] [1;33mWarning [Utils.cc:132][0m [/sdf/model[@name="turtlebot3_waffle"]/link[@name="camera_rgb_frame"]/sensor[@name="camera"]/gz_frame_id:/root/ros_ws/src/tb3_multi_nav/config/model_robot2.sdf:L379]: XML Element[gz_frame_id], child of element[sensor], not defined in SDF. Copying[gz_frame_id] as children of [sensor].
[INFO] [ros2-15]: process started with pid [29620]
[gazebo-1] [1;33mWarning [Utils.cc:132][0m [/sdf/model[@name="turtlebot3_waffle"]/link[@name="base_scan"]/sensor[@name="hls_lfcd_lds"]/gz_frame_id:/root/ros_ws/src/tb3_multi_nav/config/model_robot1.sdf:L141]: XML Element[gz_frame_id], child of element[sensor], not defined in SDF. Copying[gz_frame_id] as children of [sensor].
[gazebo-1] [1;33mWarning [Utils.cc:132][0m [/sdf/model[@name="turtlebot3_waffle"]/link[@name="camera_rgb_frame"]/sensor[@name="camera"]/gz_frame_id:/root/ros_ws/src/tb3_multi_nav/config/model_robot1.sdf:L379]: XML Element[gz_frame_id], child of element[sensor], not defined in SDF. Copying[gz_frame_id] as children of [sensor].
[gazebo-1] [1;33mWarning [Utils.cc:132][0m [/sdf/model[@name="turtlebot3_waffle"]/link[@name="base_scan"]/sensor[@name="hls_lfcd_lds"]/gz_frame_id:<data-string>:L163]: XML Element[gz_frame_id], child of element[sensor], not defined in SDF. Copying[gz_frame_id] as children of [sensor].
[gazebo-1] [1;33mWarning [Utils.cc:132][0m [/sdf/model[@name="turtlebot3_waffle"]/link[@name="camera_rgb_frame"]/sensor[@name="camera"]/gz_frame_id:<data-string>:L394]: XML Element[gz_frame_id], child of element[sensor], not defined in SDF. Copying[gz_frame_id] as children of [sensor].
[gazebo-1] [1;33mWarning [Utils.cc:132][0m [/sdf/model[@name="turtlebot3_waffle"]/link[@name="base_scan"]/sensor[@name="hls_lfcd_lds"]/gz_frame_id:<data-string>:L163]: XML Element[gz_frame_id], child of element[sensor], not defined in SDF. Copying[gz_frame_id] as children of [sensor].
[gazebo-1] [1;33mWarning [Utils.cc:132][0m [/sdf/model[@name="turtlebot3_waffle"]/link[@name="camera_rgb_frame"]/sensor[@name="camera"]/gz_frame_id:<data-string>:L394]: XML Element[gz_frame_id], child of element[sensor], not defined in SDF. Copying[gz_frame_id] as children of [sensor].
[gazebo-1] [1;33mWarning [Utils.cc:132][0m [/sdf/model[@name="turtlebot3_waffle"]/link[@name="base_scan"]/sensor[@name="hls_lfcd_lds"]/gz_frame_id:<data-string>:L163]: XML Element[gz_frame_id], child of element[sensor], not defined in SDF. Copying[gz_frame_id] as children of [sensor].
[INFO] [rviz2-16]: process started with pid [29623]
[robot_state_publisher-10] [INFO] [1758387483.868006145] [robot1.robot_state_publisher]: Robot initialized
[gazebo-1] [1;33mWarning [Utils.cc:132][0m [/sdf/model[@name="turtlebot3_waffle"]/link[@name="camera_rgb_frame"]/sensor[@name="camera"]/gz_frame_id:<data-string>:L394]: XML Element[gz_frame_id], child of element[sensor], not defined in SDF. Copying[gz_frame_id] as children of [sensor].
[gazebo-1] [1;33mWarning [Utils.cc:132][0m [/sdf/model[@name="turtlebot3_waffle"]/link[@name="base_scan"]/sensor[@name="hls_lfcd_lds"]/gz_frame_id:<data-string>:L163]: XML Element[gz_frame_id], child of element[sensor], not defined in SDF. Copying[gz_frame_id] as children of [sensor].
[gazebo-1] [1;33mWarning [Utils.cc:132][0m [/sdf/model[@name="turtlebot3_waffle"]/link[@name="camera_rgb_frame"]/sensor[@name="camera"]/gz_frame_id:<data-string>:L394]: XML Element[gz_frame_id], child of element[sensor], not defined in SDF. Copying[gz_frame_id] as children of [sensor].
[robot_state_publisher-11] [INFO] [1758387483.987667064] [robot2.robot_state_publisher]: Robot initialized
[component_container_isolated-12] [INFO] [1758387484.680436817] [robot1.nav2_container]: Load Library: /opt/ros/jazzy/lib/libcontroller_server_core.so
[component_container_isolated-12] [INFO] [1758387484.690518609] [robot1.nav2_container]: Found class: rclcpp_components::NodeFactoryTemplate<nav2_controller::ControllerServer>
[component_container_isolated-12] [INFO] [1758387484.690578062] [robot1.nav2_container]: Instantiate class: rclcpp_components::NodeFactoryTemplate<nav2_controller::ControllerServer>
[rviz2-16] QStandardPaths: XDG_RUNTIME_DIR not set, defaulting to '/tmp/runtime-root'
[component_container_isolated-12] [INFO] [1758387485.042022026] [robot1.controller_server]: 
[component_container_isolated-12] 	controller_server lifecycle node launched. 
[component_container_isolated-12] 	Waiting on external lifecycle transitions to activate
[component_container_isolated-12] 	See https://design.ros2.org/articles/node_lifecycle.html for more information.
[component_container_isolated-12] [INFO] [1758387485.045720450] [robot1.controller_server]: Creating controller server
[component_container_isolated-12] [INFO] [1758387485.060771943] [robot1.local_costmap.local_costmap]: 
[component_container_isolated-12] 	local_costmap lifecycle node launched. 
[component_container_isolated-12] 	Waiting on external lifecycle transitions to activate
[component_container_isolated-12] 	See https://design.ros2.org/articles/node_lifecycle.html for more information.
[component_container_isolated-12] [INFO] [1758387485.061378677] [robot1.local_costmap.local_costmap]: Creating Costmap
[INFO] [launch_ros.actions.load_composable_nodes]: Loaded node '/robot1/controller_server' in container 'robot1/nav2_container'
[component_container_isolated-12] [INFO] [1758387485.062452643] [robot1.nav2_container]: Load Library: /opt/ros/jazzy/lib/libmap_server_core.so
[component_container_isolated-12] [INFO] [1758387485.074241267] [robot1.nav2_container]: Found class: rclcpp_components::NodeFactoryTemplate<nav2_map_server::CostmapFilterInfoServer>
[component_container_isolated-12] [INFO] [1758387485.074362815] [robot1.nav2_container]: Found class: rclcpp_components::NodeFactoryTemplate<nav2_map_server::MapSaver>
[component_container_isolated-12] [INFO] [1758387485.074377032] [robot1.nav2_container]: Found class: rclcpp_components::NodeFactoryTemplate<nav2_map_server::MapServer>
[component_container_isolated-12] [INFO] [1758387485.074384912] [robot1.nav2_container]: Instantiate class: rclcpp_components::NodeFactoryTemplate<nav2_map_server::MapServer>
[component_container_isolated-12] [INFO] [1758387485.093854018] [robot1.map_server]: 
[component_container_isolated-12] 	map_server lifecycle node launched. 
[component_container_isolated-12] 	Waiting on external lifecycle transitions to activate
[component_container_isolated-12] 	See https://design.ros2.org/articles/node_lifecycle.html for more information.
[component_container_isolated-12] [INFO] [1758387485.093943931] [robot1.map_server]: Creating
[component_container_isolated-12] [INFO] [1758387485.094712300] [robot1.nav2_container]: Load Library: /opt/ros/jazzy/lib/libamcl_core.so
[WARNING] [robot1/nav2_container]: there are now at least 2 nodes with the name /robot1/map_server created within this launch context
[INFO] [launch_ros.actions.load_composable_nodes]: Loaded node '/robot1/map_server' in container 'robot1/nav2_container'
[component_container_isolated-12] [INFO] [1758387485.097479891] [robot1.nav2_container]: Found class: rclcpp_components::NodeFactoryTemplate<nav2_amcl::AmclNode>
[component_container_isolated-12] [INFO] [1758387485.097560872] [robot1.nav2_container]: Instantiate class: rclcpp_components::NodeFactoryTemplate<nav2_amcl::AmclNode>
[component_container_isolated-12] [INFO] [1758387485.123349234] [robot1.amcl]: 
[component_container_isolated-12] 	amcl lifecycle node launched. 
[component_container_isolated-12] 	Waiting on external lifecycle transitions to activate
[component_container_isolated-12] 	See https://design.ros2.org/articles/node_lifecycle.html for more information.
[component_container_isolated-12] [INFO] [1758387485.123994209] [robot1.amcl]: Creating
[component_container_isolated-12] [INFO] [1758387485.129177803] [robot1.nav2_container]: Load Library: /opt/ros/jazzy/lib/libsmoother_server_core.so
[INFO] [launch_ros.actions.load_composable_nodes]: Loaded node '/robot1/amcl' in container 'robot1/nav2_container'
[component_container_isolated-12] [INFO] [1758387485.131634515] [robot1.nav2_container]: Found class: rclcpp_components::NodeFactoryTemplate<nav2_smoother::SmootherServer>
[component_container_isolated-12] [INFO] [1758387485.131712991] [robot1.nav2_container]: Instantiate class: rclcpp_components::NodeFactoryTemplate<nav2_smoother::SmootherServer>
[rviz2-16] [INFO] [1758387485.148943747] [rviz2]: Stereo is NOT SUPPORTED
[rviz2-16] [INFO] [1758387485.149096595] [rviz2]: OpenGl version: 4.5 (GLSL 4.5)
[component_container_isolated-12] [INFO] [1758387485.153999281] [robot1.smoother_server]: 
[component_container_isolated-12] 	smoother_server lifecycle node launched. 
[component_container_isolated-12] 	Waiting on external lifecycle transitions to activate
[component_container_isolated-12] 	See https://design.ros2.org/articles/node_lifecycle.html for more information.
[component_container_isolated-12] [INFO] [1758387485.156534155] [robot1.smoother_server]: Creating smoother server
[INFO] [launch_ros.actions.load_composable_nodes]: Loaded node '/robot1/smoother_server' in container 'robot1/nav2_container'
[component_container_isolated-12] [INFO] [1758387485.157802939] [robot1.nav2_container]: Load Library: /opt/ros/jazzy/lib/libnav2_lifecycle_manager_core.so
[component_container_isolated-12] [INFO] [1758387485.159269585] [robot1.nav2_container]: Found class: rclcpp_components::NodeFactoryTemplate<nav2_lifecycle_manager::LifecycleManager>
[component_container_isolated-12] [INFO] [1758387485.159306327] [robot1.nav2_container]: Instantiate class: rclcpp_components::NodeFactoryTemplate<nav2_lifecycle_manager::LifecycleManager>
[component_container_isolated-12] [INFO] [1758387485.179162935] [robot1.lifecycle_manager_localization]: Creating
[component_container_isolated-12] [INFO] [1758387485.185870656] [robot1.lifecycle_manager_localization]: [34m[1mCreating and initializing lifecycle service clients[0m[0m
[component_container_isolated-12] [INFO] [1758387485.186119708] [robot1.nav2_container]: Load Library: /opt/ros/jazzy/lib/libplanner_server_core.so
[INFO] [launch_ros.actions.load_composable_nodes]: Loaded node '/robot1/lifecycle_manager_localization' in container 'robot1/nav2_container'
[component_container_isolated-12] [INFO] [1758387485.187446158] [robot1.nav2_container]: Found class: rclcpp_components::NodeFactoryTemplate<nav2_planner::PlannerServer>
[component_container_isolated-12] [INFO] [1758387485.187485643] [robot1.nav2_container]: Instantiate class: rclcpp_components::NodeFactoryTemplate<nav2_planner::PlannerServer>
[component_container_isolated-12] [INFO] [1758387485.193525550] [robot1.lifecycle_manager_localization]: [34m[1mStarting managed nodes bringup...[0m[0m
[component_container_isolated-12] [INFO] [1758387485.193618381] [robot1.lifecycle_manager_localization]: [34m[1mConfiguring map_server[0m[0m
[component_container_isolated-12] [INFO] [1758387485.193978423] [robot1.map_server]: Configuring
[component_container_isolated-12] [INFO] [1758387485.194082495] [map_io]: Loading yaml file: /root/ros_ws/install/nav2_bringup/share/nav2_bringup/maps/turtlebot3_world.yaml
[component_container_isolated-12] [INFO] [1758387485.194433645] [map_io]: resolution: 0.05
[component_container_isolated-12] [INFO] [1758387485.194450850] [map_io]: origin[0]: -10
[component_container_isolated-12] [INFO] [1758387485.194453951] [map_io]: origin[1]: -10
[component_container_isolated-12] [INFO] [1758387485.194456831] [map_io]: origin[2]: 0
[component_container_isolated-12] [INFO] [1758387485.194459694] [map_io]: free_thresh: 0.196
[component_container_isolated-12] [INFO] [1758387485.194462845] [map_io]: occupied_thresh: 0.65
[component_container_isolated-12] [INFO] [1758387485.194467586] [map_io]: mode: trinary
[component_container_isolated-12] [INFO] [1758387485.194471601] [map_io]: negate: 0
[component_container_isolated-12] [INFO] [1758387485.194802745] [map_io]: Loading image_file: /root/ros_ws/install/nav2_bringup/share/nav2_bringup/maps/turtlebot3_world.pgm
[component_container_isolated-12] [INFO] [1758387485.199473379] [map_io]: Read map /root/ros_ws/install/nav2_bringup/share/nav2_bringup/maps/turtlebot3_world.pgm: 384 X 384 map @ 0.05 m/cell
[component_container_isolated-12] [INFO] [1758387485.209218888] [robot1.lifecycle_manager_localization]: [34m[1mConfiguring amcl[0m[0m
[component_container_isolated-12] [INFO] [1758387485.209470099] [robot1.amcl]: Configuring
[component_container_isolated-12] [INFO] [1758387485.209577653] [robot1.amcl]: initTransforms
[rviz2-16] [INFO] [1758387485.210048154] [rviz2]: Stereo is NOT SUPPORTED
[component_container_isolated-12] [INFO] [1758387485.226792929] [robot1.planner_server]: 
[component_container_isolated-12] 	planner_server lifecycle node launched. 
[component_container_isolated-12] 	Waiting on external lifecycle transitions to activate
[component_container_isolated-12] 	See https://design.ros2.org/articles/node_lifecycle.html for more information.
[component_container_isolated-12] [INFO] [1758387485.228578911] [robot1.amcl]: initPubSub
[component_container_isolated-12] [INFO] [1758387485.229043496] [robot1.planner_server]: Creating
[component_container_isolated-12] [INFO] [1758387485.238814291] [robot1.amcl]: Subscribed to map topic.
[component_container_isolated-12] [INFO] [1758387485.246860053] [robot1.lifecycle_manager_localization]: [34m[1mActivating map_server[0m[0m
[component_container_isolated-12] [INFO] [1758387485.247201066] [robot1.map_server]: Activating
[component_container_isolated-12] [INFO] [1758387485.247590150] [robot1.map_server]: Creating bond (map_server) to lifecycle manager.
[component_container_isolated-12] [INFO] [1758387485.263456209] [robot1.global_costmap.global_costmap]: 
[component_container_isolated-12] 	global_costmap lifecycle node launched. 
[component_container_isolated-12] 	Waiting on external lifecycle transitions to activate
[component_container_isolated-12] 	See https://design.ros2.org/articles/node_lifecycle.html for more information.
[component_container_isolated-12] [INFO] [1758387485.264044860] [robot1.global_costmap.global_costmap]: Creating Costmap
[INFO] [launch_ros.actions.load_composable_nodes]: Loaded node '/robot1/planner_server' in container 'robot1/nav2_container'
[component_container_isolated-12] [INFO] [1758387485.269861375] [robot1.nav2_container]: Load Library: /opt/ros/jazzy/lib/libbehavior_server_core.so
[component_container_isolated-12] [INFO] [1758387485.270972599] [robot1.nav2_container]: Found class: rclcpp_components::NodeFactoryTemplate<behavior_server::BehaviorServer>
[component_container_isolated-12] [INFO] [1758387485.271006861] [robot1.nav2_container]: Instantiate class: rclcpp_components::NodeFactoryTemplate<behavior_server::BehaviorServer>
[component_container_isolated-12] [INFO] [1758387485.290649020] [robot1.behavior_server]: 
[component_container_isolated-12] 	behavior_server lifecycle node launched. 
[component_container_isolated-12] 	Waiting on external lifecycle transitions to activate
[component_container_isolated-12] 	See https://design.ros2.org/articles/node_lifecycle.html for more information.
[INFO] [launch_ros.actions.load_composable_nodes]: Loaded node '/robot1/behavior_server' in container 'robot1/nav2_container'
[component_container_isolated-12] [INFO] [1758387485.295353185] [robot1.nav2_container]: Load Library: /opt/ros/jazzy/lib/libbt_navigator_core.so
[component_container_isolated-12] [INFO] [1758387485.296238846] [robot1.nav2_container]: Found class: rclcpp_components::NodeFactoryTemplate<nav2_bt_navigator::BtNavigator>
[component_container_isolated-12] [INFO] [1758387485.296284885] [robot1.nav2_container]: Instantiate class: rclcpp_components::NodeFactoryTemplate<nav2_bt_navigator::BtNavigator>
[component_container_isolated-12] [INFO] [1758387485.319764984] [robot1.bt_navigator]: 
[component_container_isolated-12] 	bt_navigator lifecycle node launched. 
[component_container_isolated-12] 	Waiting on external lifecycle transitions to activate
[component_container_isolated-12] 	See https://design.ros2.org/articles/node_lifecycle.html for more information.
[component_container_isolated-12] [INFO] [1758387485.320972847] [robot1.bt_navigator]: Creating
[INFO] [launch_ros.actions.load_composable_nodes]: Loaded node '/robot1/bt_navigator' in container 'robot1/nav2_container'
[component_container_isolated-12] [INFO] [1758387485.323220557] [robot1.nav2_container]: Load Library: /opt/ros/jazzy/lib/libwaypoint_follower_core.so
[component_container_isolated-12] [INFO] [1758387485.324328788] [robot1.nav2_container]: Found class: rclcpp_components::NodeFactoryTemplate<nav2_waypoint_follower::WaypointFollower>
[component_container_isolated-12] [INFO] [1758387485.324374935] [robot1.nav2_container]: Instantiate class: rclcpp_components::NodeFactoryTemplate<nav2_waypoint_follower::WaypointFollower>
[component_container_isolated-12] [INFO] [1758387485.356535631] [robot1.lifecycle_manager_localization]: Server map_server connected with bond.
[component_container_isolated-12] [INFO] [1758387485.356656825] [robot1.lifecycle_manager_localization]: [34m[1mActivating amcl[0m[0m
[component_container_isolated-12] [INFO] [1758387485.356900511] [robot1.amcl]: Activating
[component_container_isolated-12] [INFO] [1758387485.356933105] [robot1.amcl]: initialPoseReceived
[component_container_isolated-12] [INFO] [1758387485.357029565] [robot1.amcl]: Setting pose (0.000000): -0.500 0.000 0.000
[component_container_isolated-12] [INFO] [1758387485.357486513] [robot1.amcl]: Creating bond (amcl) to lifecycle manager.
[component_container_isolated-12] [INFO] [1758387485.367798280] [robot1.waypoint_follower]: 
[component_container_isolated-12] 	waypoint_follower lifecycle node launched. 
[component_container_isolated-12] 	Waiting on external lifecycle transitions to activate
[component_container_isolated-12] 	See https://design.ros2.org/articles/node_lifecycle.html for more information.
[component_container_isolated-12] [INFO] [1758387485.368491534] [robot1.waypoint_follower]: Creating
[INFO] [launch_ros.actions.load_composable_nodes]: Loaded node '/robot1/waypoint_follower' in container 'robot1/nav2_container'
[component_container_isolated-12] [INFO] [1758387485.373993992] [robot1.nav2_container]: Load Library: /opt/ros/jazzy/lib/libvelocity_smoother_core.so
[component_container_isolated-12] [INFO] [1758387485.375152241] [robot1.nav2_container]: Found class: rclcpp_components::NodeFactoryTemplate<nav2_velocity_smoother::VelocitySmoother>
[component_container_isolated-12] [INFO] [1758387485.375220055] [robot1.nav2_container]: Instantiate class: rclcpp_components::NodeFactoryTemplate<nav2_velocity_smoother::VelocitySmoother>
[rviz2-16] [WARN] [1758387485.381144327] [transform_listener_impl_5f16d204dc40]: New publisher discovered on topic '/tf_static', offering incompatible QoS. No messages will be sent to it. Last incompatible policy: DURABILITY_QOS_POLICY
[parameter_bridge-4] [WARN] [1758387485.381399925] [robot1.ros_gz_bridge1]: New subscription discovered on topic '/tf_static', requesting incompatible QoS. No messages will be sent to it. Last incompatible policy: DURABILITY_QOS_POLICY
[component_container_isolated-12] [INFO] [1758387485.421945722] [robot1.velocity_smoother]: 
[component_container_isolated-12] 	velocity_smoother lifecycle node launched. 
[INFO] [launch_ros.actions.load_composable_nodes]: Loaded node '/robot1/velocity_smoother' in container 'robot1/nav2_container'
[component_container_isolated-12] 	Waiting on external lifecycle transitions to activate
[component_container_isolated-12] 	See https://design.ros2.org/articles/node_lifecycle.html for more information.
[component_container_isolated-12] [INFO] [1758387485.424588482] [robot1.nav2_container]: Found class: rclcpp_components::NodeFactoryTemplate<nav2_lifecycle_manager::LifecycleManager>
[component_container_isolated-12] [INFO] [1758387485.424624405] [robot1.nav2_container]: Instantiate class: rclcpp_components::NodeFactoryTemplate<nav2_lifecycle_manager::LifecycleManager>
[component_container_isolated-12] [INFO] [1758387485.445997510] [robot1.lifecycle_manager_navigation]: Creating
[rviz2-16] [INFO] [1758387485.448454515] [rviz]: Subscribing to: /mobile_base/sensors/bumper_pointcloud
[rviz2-16] 
[rviz2-16] [INFO] [1758387485.450119877] [rviz]: Subscribing to: /mobile_base/sensors/bumper_pointcloud
[rviz2-16] 
[component_container_isolated-12] [INFO] [1758387485.450975718] [robot1.lifecycle_manager_navigation]: [34m[1mCreating and initializing lifecycle service clients[0m[0m
[INFO] [launch_ros.actions.load_composable_nodes]: Loaded node '/robot1/lifecycle_manager_navigation' in container 'robot1/nav2_container'
[component_container_isolated-12] [INFO] [1758387485.456647328] [robot1.amcl]: Received a 384 X 384 map @ 0.050 m/pix
[component_container_isolated-12] [INFO] [1758387485.483583167] [robot1.lifecycle_manager_localization]: Server amcl connected with bond.
[component_container_isolated-12] [INFO] [1758387485.483639345] [robot1.lifecycle_manager_localization]: [34m[1mManaged nodes are active[0m[0m
[component_container_isolated-12] [INFO] [1758387485.483655091] [robot1.lifecycle_manager_localization]: [34m[1mCreating bond timer...[0m[0m
[rviz2-16] [INFO] [1758387485.535477831] [rviz]: Subscribing to: /global_costmap/voxel_marked_cloud
[rviz2-16] 
[component_container_isolated-12] [INFO] [1758387485.585531091] [robot1.lifecycle_manager_navigation]: [34m[1mStarting managed nodes bringup...[0m[0m
[component_container_isolated-12] [INFO] [1758387485.585642080] [robot1.lifecycle_manager_navigation]: [34m[1mConfiguring controller_server[0m[0m
[component_container_isolated-12] [INFO] [1758387485.585965995] [robot1.controller_server]: Configuring controller interface
[component_container_isolated-12] [INFO] [1758387485.586005776] [robot1.controller_server]: getting progress checker plugins..
[component_container_isolated-12] [INFO] [1758387485.586705680] [robot1.controller_server]: getting goal checker plugins..
[component_container_isolated-12] [INFO] [1758387485.587299430] [robot1.controller_server]: Controller frequency set to 10.0000Hz
[component_container_isolated-12] [INFO] [1758387485.587362469] [robot1.local_costmap.local_costmap]: Configuring
[component_container_isolated-12] [INFO] [1758387485.595752148] [robot1.local_costmap.local_costmap]: Using plugin "obstacle_layer"
[component_container_isolated-12] [INFO] [1758387485.601646205] [robot1.local_costmap.local_costmap]: Subscribed to Topics: scan
[component_container_isolated-12] [INFO] [1758387485.612127172] [robot1.local_costmap.local_costmap]: Initialized plugin "obstacle_layer"
[component_container_isolated-12] [INFO] [1758387485.612181355] [robot1.local_costmap.local_costmap]: Using plugin "voxel_layer"
[component_container_isolated-12] [INFO] [1758387485.615619617] [robot1.local_costmap.local_costmap]: Subscribed to Topics: scan
[component_container_isolated-12] [INFO] [1758387485.631473329] [robot1.local_costmap.local_costmap]: Initialized plugin "voxel_layer"
[component_container_isolated-12] [INFO] [1758387485.631514874] [robot1.local_costmap.local_costmap]: Using plugin "inflation_layer"
[component_container_isolated-12] [INFO] [1758387485.632184771] [robot1.local_costmap.local_costmap]: Initialized plugin "inflation_layer"
[rviz2-16] [INFO] [1758387485.889177706] [rviz]: Subscribing to: /local_costmap/voxel_marked_cloud
[rviz2-16] 
[rviz2-16] [WARN] [1758387485.904388569] [transform_listener_impl_5f16d1f40740]: New publisher discovered on topic '/tf_static', offering incompatible QoS. No messages will be sent to it. Last incompatible policy: DURABILITY_QOS_POLICY
[rviz2-16] [INFO] [1758387485.910299641] [rviz]: Subscribing to: /mobile_base/sensors/bumper_pointcloud
[rviz2-16] 
[rviz2-16] [INFO] [1758387485.920257010] [rviz]: Subscribing to: /global_costmap/voxel_marked_cloud
[rviz2-16] 
[rviz2-16] [INFO] [1758387485.930465499] [rviz]: Subscribing to: /local_costmap/voxel_marked_cloud
[rviz2-16] 
[ros2-15] publisher: beginning loop
[ros2-15] publishing #1: geometry_msgs.msg.PoseWithCovarianceStamped(header=std_msgs.msg.Header(stamp=builtin_interfaces.msg.Time(sec=0, nanosec=0), frame_id='map'), pose=geometry_msgs.msg.PoseWithCovariance(pose=geometry_msgs.msg.Pose(position=geometry_msgs.msg.Point(x=-0.5, y=1.0, z=0.01), orientation=geometry_msgs.msg.Quaternion(x=0.0, y=0.0, z=0.0, w=1.0)), covariance=array([0., 0., 0., 0., 0., 0., 0., 0., 0., 0., 0., 0., 0., 0., 0., 0., 0.,
[ros2-15]        0., 0., 0., 0., 0., 0., 0., 0., 0., 0., 0., 0., 0., 0., 0., 0., 0.,
[ros2-15]        0., 0.])))
[ros2-15] 
[parameter_bridge-5] [INFO] [1758387485.938530347] [robot2.ros_gz_bridge2]: Passing message from ROS geometry_msgs/msg/PoseWithCovarianceStamped to Gazebo gz.msgs.PoseWithCovariance (showing msg only once per type)
[rviz2-16] [WARN] [1758387485.979336072] [transform_listener_impl_5f16d27e43f0]: New publisher discovered on topic '/tf_static', offering incompatible QoS. No messages will be sent to it. Last incompatible policy: DURABILITY_QOS_POLICY
[ros2-14] publisher: beginning loop
[ros2-14] publishing #1: geometry_msgs.msg.PoseWithCovarianceStamped(header=std_msgs.msg.Header(stamp=builtin_interfaces.msg.Time(sec=0, nanosec=0), frame_id='map'), pose=geometry_msgs.msg.PoseWithCovariance(pose=geometry_msgs.msg.Pose(position=geometry_msgs.msg.Point(x=-0.5, y=0.0, z=0.01), orientation=geometry_msgs.msg.Quaternion(x=0.0, y=0.0, z=0.0, w=1.0)), covariance=array([0., 0., 0., 0., 0., 0., 0., 0., 0., 0., 0., 0., 0., 0., 0., 0., 0.,
[ros2-14]        0., 0., 0., 0., 0., 0., 0., 0., 0., 0., 0., 0., 0., 0., 0., 0., 0.,
[ros2-14]        0., 0.])))
[ros2-14] 
[parameter_bridge-4] [INFO] [1758387486.018022828] [robot1.ros_gz_bridge1]: Passing message from ROS geometry_msgs/msg/PoseWithCovarianceStamped to Gazebo gz.msgs.PoseWithCovariance (showing msg only once per type)
[parameter_bridge-4] [INFO] [1758387486.021377429] [robot1.ros_gz_bridge1]: Passing message from ROS tf2_msgs/msg/TFMessage to Gazebo gz.msgs.Pose_V (showing msg only once per type)
[component_container_isolated-12] [INFO] [1758387486.171603535] [robot1.controller_server]: Created progress_checker : progress_checker of type nav2_controller::SimpleProgressChecker
[component_container_isolated-12] [INFO] [1758387486.172578767] [robot1.controller_server]: Controller Server has progress_checker  progress checkers available.
[component_container_isolated-12] [INFO] [1758387486.173197639] [robot1.controller_server]: Created goal checker : goal_checker of type nav2_controller::SimpleGoalChecker
[component_container_isolated-12] [INFO] [1758387486.174427198] [robot1.controller_server]: Controller Server has goal_checker  goal checkers available.
[component_container_isolated-12] [INFO] [1758387486.178087330] [robot1.controller_server]: Created controller : FollowPath of type dwb_core::DWBLocalPlanner
[component_container_isolated-12] [INFO] [1758387486.196558046] [robot1.controller_server]: Setting transform_tolerance to 0.500000
[component_container_isolated-12] [INFO] [1758387486.228721310] [robot1.controller_server]: Using critic "RotateToGoal" (dwb_critics::RotateToGoalCritic)
[component_container_isolated-12] [INFO] [1758387486.232747066] [robot1.controller_server]: Critic plugin initialized
[component_container_isolated-12] [INFO] [1758387486.233222437] [robot1.controller_server]: Using critic "Oscillation" (dwb_critics::OscillationCritic)
[component_container_isolated-12] [INFO] [1758387486.235191317] [robot1.controller_server]: Critic plugin initialized
[component_container_isolated-12] [INFO] [1758387486.235682951] [robot1.controller_server]: Using critic "BaseObstacle" (dwb_critics::BaseObstacleCritic)
[component_container_isolated-12] [INFO] [1758387486.236588885] [robot1.controller_server]: Critic plugin initialized
[component_container_isolated-12] [INFO] [1758387486.237056018] [robot1.controller_server]: Using critic "GoalAlign" (dwb_critics::GoalAlignCritic)
[component_container_isolated-12] [INFO] [1758387486.239439694] [robot1.controller_server]: Critic plugin initialized
[component_container_isolated-12] [INFO] [1758387486.240161183] [robot1.controller_server]: Using critic "PathAlign" (dwb_critics::PathAlignCritic)
[component_container_isolated-12] [INFO] [1758387486.242562687] [robot1.controller_server]: Critic plugin initialized
[component_container_isolated-12] [INFO] [1758387486.243160994] [robot1.controller_server]: Using critic "PathDist" (dwb_critics::PathDistCritic)
[component_container_isolated-12] [INFO] [1758387486.244113374] [robot1.controller_server]: Critic plugin initialized
[component_container_isolated-12] [INFO] [1758387486.244745709] [robot1.controller_server]: Using critic "GoalDist" (dwb_critics::GoalDistCritic)
[component_container_isolated-12] [INFO] [1758387486.246246361] [robot1.controller_server]: Critic plugin initialized
[component_container_isolated-12] [INFO] [1758387486.246277065] [robot1.controller_server]: Controller Server has FollowPath  controllers available.
[INFO] [ros2-15]: process has finished cleanly [pid 29620]
[component_container_isolated-12] [INFO] [1758387486.275050731] [robot1.lifecycle_manager_navigation]: [34m[1mConfiguring smoother_server[0m[0m
[component_container_isolated-12] [INFO] [1758387486.275230947] [robot1.smoother_server]: Configuring smoother server
[component_container_isolated-12] [INFO] [1758387486.300308016] [robot1.smoother_server]: Created smoother : simple_smoother of type nav2_smoother::SimpleSmoother
[component_container_isolated-12] [INFO] [1758387486.306711837] [robot1.smoother_server]: Smoother Server has simple_smoother  smoothers available.
[component_container_isolated-12] [INFO] [1758387486.335493443] [robot1.lifecycle_manager_navigation]: [34m[1mConfiguring planner_server[0m[0m
[component_container_isolated-12] [INFO] [1758387486.335658865] [robot1.planner_server]: Configuring
[component_container_isolated-12] [INFO] [1758387486.335699386] [robot1.global_costmap.global_costmap]: Configuring
[INFO] [ros2-14]: process has finished cleanly [pid 29619]
[component_container_isolated-12] [INFO] [1758387486.347818860] [robot1.global_costmap.global_costmap]: Using plugin "static_layer"
[component_container_isolated-12] [INFO] [1758387486.350346155] [robot1.global_costmap.global_costmap]: Subscribing to the map topic (/robot1/map) with transient local durability
[component_container_isolated-12] [INFO] [1758387486.352969681] [robot1.global_costmap.global_costmap]: Initialized plugin "static_layer"
[component_container_isolated-12] [INFO] [1758387486.353036292] [robot1.global_costmap.global_costmap]: Using plugin "obstacle_layer"
[component_container_isolated-12] [INFO] [1758387486.355910583] [robot1.global_costmap.global_costmap]: Subscribed to Topics: scan
[component_container_isolated-12] [INFO] [1758387486.362969828] [robot1.global_costmap.global_costmap]: Initialized plugin "obstacle_layer"
[component_container_isolated-12] [INFO] [1758387486.363020007] [robot1.global_costmap.global_costmap]: Using plugin "voxel_layer"
[component_container_isolated-12] [INFO] [1758387486.365230109] [robot1.global_costmap.global_costmap]: Subscribed to Topics: scan
[component_container_isolated-12] [INFO] [1758387486.380069095] [robot1.global_costmap.global_costmap]: Initialized plugin "voxel_layer"
[component_container_isolated-12] [INFO] [1758387486.380132976] [robot1.global_costmap.global_costmap]: Using plugin "inflation_layer"
[component_container_isolated-12] [INFO] [1758387486.381470872] [robot1.global_costmap.global_costmap]: Initialized plugin "inflation_layer"
[component_container_isolated-12] [INFO] [1758387486.428337077] [robot1.global_costmap.global_costmap]: StaticLayer: Resizing costmap to 384 X 384 at 0.050000 m/pix
[component_container_isolated-12] [INFO] [1758387486.429191189] [robot1.planner_server]: Created global planner plugin GridBased of type nav2_navfn_planner::NavfnPlanner
[component_container_isolated-12] [INFO] [1758387486.429232738] [robot1.planner_server]: Configuring plugin GridBased of type NavfnPlanner
[component_container_isolated-12] [INFO] [1758387486.436050373] [robot1.planner_server]: Planner Server has GridBased  planners available.
[parameter_bridge-4] [WARN] [1758387486.441865128] [robot1.ros_gz_bridge1]: New subscription discovered on topic '/tf_static', requesting incompatible QoS. No messages will be sent to it. Last incompatible policy: DURABILITY_QOS_POLICY
[parameter_bridge-4] [WARN] [1758387486.449761690] [robot1.ros_gz_bridge1]: New subscription discovered on topic '/tf_static', requesting incompatible QoS. No messages will be sent to it. Last incompatible policy: DURABILITY_QOS_POLICY
[component_container_isolated-12] [INFO] [1758387486.469077070] [robot1.lifecycle_manager_navigation]: [34m[1mConfiguring behavior_server[0m[0m
[component_container_isolated-12] [INFO] [1758387486.469375776] [robot1.behavior_server]: Configuring
[component_container_isolated-12] [INFO] [1758387486.479499523] [robot1.behavior_server]: Creating behavior plugin spin of type nav2_behaviors::Spin
[component_container_isolated-12] [INFO] [1758387486.480820262] [robot1.behavior_server]: Creating behavior plugin backup of type nav2_behaviors::BackUp
[component_container_isolated-12] [INFO] [1758387486.481858137] [robot1.behavior_server]: Creating behavior plugin drive_on_heading of type nav2_behaviors::DriveOnHeading
[component_container_isolated-12] [INFO] [1758387486.484176400] [robot1.behavior_server]: Creating behavior plugin wait of type nav2_behaviors::Wait
[component_container_isolated-12] [INFO] [1758387486.485516677] [robot1.behavior_server]: Creating behavior plugin assisted_teleop of type nav2_behaviors::AssistedTeleop
[component_container_isolated-12] [INFO] [1758387486.490176582] [robot1.behavior_server]: Configuring spin
[component_container_isolated-12] [INFO] [1758387486.500461439] [robot1.behavior_server]: Configuring backup
[component_container_isolated-12] [INFO] [1758387486.513746484] [robot1.behavior_server]: Configuring drive_on_heading
[component_container_isolated-12] [INFO] [1758387486.526429997] [robot1.behavior_server]: Configuring wait
[component_container_isolated-12] [INFO] [1758387486.538801349] [robot1.behavior_server]: Configuring assisted_teleop
[component_container_isolated-12] [INFO] [1758387486.559644282] [robot1.lifecycle_manager_navigation]: [34m[1mConfiguring bt_navigator[0m[0m
[component_container_isolated-12] [INFO] [1758387486.559903609] [robot1.bt_navigator]: Configuring
[component_container_isolated-12] [INFO] [1758387486.570170906] [robot1.bt_navigator]: Creating navigator id navigate_to_pose of type nav2_bt_navigator::NavigateToPoseNavigator
[component_container_isolated-12] [WARN] [1758387486.578432133] [robot1.bt_navigator]: Error_code parameters were not set. Using default values of: follow_path_error_code compute_path_error_code
[component_container_isolated-12] Make sure these match your BT and there are not other sources of error codes youreported to your application
[component_container_isolated-12] [INFO] [1758387486.680274793] [robot1.bt_navigator]: Creating navigator id navigate_through_poses of type nav2_bt_navigator::NavigateThroughPosesNavigator
[component_container_isolated-12] [INFO] [1758387486.737047918] [robot1.lifecycle_manager_navigation]: [34m[1mConfiguring waypoint_follower[0m[0m
[component_container_isolated-12] [INFO] [1758387486.737345522] [robot1.waypoint_follower]: Configuring
[component_container_isolated-12] [INFO] [1758387486.768931885] [robot1.waypoint_follower]: Created waypoint_task_executor : wait_at_waypoint of type nav2_waypoint_follower::WaitAtWaypoint
[component_container_isolated-12] [INFO] [1758387486.770607583] [robot1.lifecycle_manager_navigation]: [34m[1mConfiguring velocity_smoother[0m[0m
[component_container_isolated-12] [INFO] [1758387486.770876140] [robot1.velocity_smoother]: Configuring velocity smoother
[component_container_isolated-12] [INFO] [1758387486.780804937] [robot1.lifecycle_manager_navigation]: [34m[1mActivating controller_server[0m[0m
[component_container_isolated-12] [INFO] [1758387486.781724536] [robot1.controller_server]: Activating
[component_container_isolated-12] [INFO] [1758387486.781848187] [robot1.local_costmap.local_costmap]: Activating
[component_container_isolated-12] [INFO] [1758387486.781910403] [robot1.local_costmap.local_costmap]: Checking transform
[component_container_isolated-12] [INFO] [1758387486.782014745] [robot1.local_costmap.local_costmap]: Timed out waiting for transform from robot1/base_link to robot1/odom to become available, tf error: Invalid frame ID "robot1/odom" passed to canTransform argument target_frame - frame does not exist
[component_container_isolated-13] [INFO] [1758387487.043047340] [robot2.nav2_container]: Load Library: /opt/ros/jazzy/lib/libmap_server_core.so
[component_container_isolated-13] [INFO] [1758387487.059075145] [robot2.nav2_container]: Found class: rclcpp_components::NodeFactoryTemplate<nav2_map_server::CostmapFilterInfoServer>
[component_container_isolated-13] [INFO] [1758387487.059136982] [robot2.nav2_container]: Found class: rclcpp_components::NodeFactoryTemplate<nav2_map_server::MapSaver>
[component_container_isolated-13] [INFO] [1758387487.059140550] [robot2.nav2_container]: Found class: rclcpp_components::NodeFactoryTemplate<nav2_map_server::MapServer>
