[component_container_isolated-13] [INFO] [1758387487.059142532] [robot2.nav2_container]: Instantiate class: rclcpp_components::NodeFactoryTemplate<nav2_map_server::MapServer>
[WARNING] [robot2/nav2_container]: there are now at least 2 nodes with the name /robot2/map_server created within this launch context
[component_container_isolated-13] [INFO] [1758387487.089842166] [robot2.map_server]: 
[component_container_isolated-13] 	map_server lifecycle node launched. 
[INFO] [launch_ros.actions.load_composable_nodes]: Loaded node '/robot2/map_server' in container 'robot2/nav2_container'
[component_container_isolated-13] 	Waiting on external lifecycle transitions to activate
[component_container_isolated-13] 	See https://design.ros2.org/articles/node_lifecycle.html for more information.
[component_container_isolated-13] [INFO] [1758387487.089897310] [robot2.map_server]: Creating
[component_container_isolated-13] [INFO] [1758387487.090505386] [robot2.nav2_container]: Load Library: /opt/ros/jazzy/lib/libcontroller_server_core.so
[component_container_isolated-13] [INFO] [1758387487.098340554] [robot2.nav2_container]: Found class: rclcpp_components::NodeFactoryTemplate<nav2_controller::ControllerServer>
[component_container_isolated-13] [INFO] [1758387487.098397581] [robot2.nav2_container]: Instantiate class: rclcpp_components::NodeFactoryTemplate<nav2_controller::ControllerServer>
[component_container_isolated-13] [INFO] [1758387487.124716665] [robot2.controller_server]: 
[component_container_isolated-13] 	controller_server lifecycle node launched. 
[component_container_isolated-13] 	Waiting on external lifecycle transitions to activate
[component_container_isolated-13] 	See https://design.ros2.org/articles/node_lifecycle.html for more information.
[component_container_isolated-13] [INFO] [1758387487.129756798] [robot2.controller_server]: Creating controller server
[component_container_isolated-13] [INFO] [1758387487.159946332] [robot2.local_costmap.local_costmap]: 
[component_container_isolated-13] 	local_costmap lifecycle node launched. 
[component_container_isolated-13] 	Waiting on external lifecycle transitions to activate
[component_container_isolated-13] 	See https://design.ros2.org/articles/node_lifecycle.html for more information.
[component_container_isolated-13] [INFO] [1758387487.160902796] [robot2.local_costmap.local_costmap]: Creating Costmap
[component_container_isolated-13] [INFO] [1758387487.164203557] [robot2.nav2_container]: Load Library: /opt/ros/jazzy/lib/libamcl_core.so
[INFO] [launch_ros.actions.load_composable_nodes]: Loaded node '/robot2/controller_server' in container 'robot2/nav2_container'
[component_container_isolated-13] [INFO] [1758387487.165997350] [robot2.nav2_container]: Found class: rclcpp_components::NodeFactoryTemplate<nav2_amcl::AmclNode>
[component_container_isolated-13] [INFO] [1758387487.166041661] [robot2.nav2_container]: Instantiate class: rclcpp_components::NodeFactoryTemplate<nav2_amcl::AmclNode>
[INFO] [launch_ros.actions.load_composable_nodes]: Loaded node '/robot2/amcl' in container 'robot2/nav2_container'
[component_container_isolated-13] [INFO] [1758387487.193710797] [robot2.amcl]: 
[component_container_isolated-13] 	amcl lifecycle node launched. 
[component_container_isolated-13] 	Waiting on external lifecycle transitions to activate
[component_container_isolated-13] 	See https://design.ros2.org/articles/node_lifecycle.html for more information.
[component_container_isolated-13] [INFO] [1758387487.194252215] [robot2.amcl]: Creating
[component_container_isolated-13] [INFO] [1758387487.198181968] [robot2.nav2_container]: Load Library: /opt/ros/jazzy/lib/libsmoother_server_core.so
[component_container_isolated-13] [INFO] [1758387487.200326641] [robot2.nav2_container]: Found class: rclcpp_components::NodeFactoryTemplate<nav2_smoother::SmootherServer>
[component_container_isolated-13] [INFO] [1758387487.200363240] [robot2.nav2_container]: Instantiate class: rclcpp_components::NodeFactoryTemplate<nav2_smoother::SmootherServer>
[component_container_isolated-13] [INFO] [1758387487.241038695] [robot2.smoother_server]: 
[component_container_isolated-13] 	smoother_server lifecycle node launched. 
[component_container_isolated-13] 	Waiting on external lifecycle transitions to activate
[component_container_isolated-13] 	See https://design.ros2.org/articles/node_lifecycle.html for more information.
[component_container_isolated-13] [INFO] [1758387487.242491105] [robot2.smoother_server]: Creating smoother server
[INFO] [launch_ros.actions.load_composable_nodes]: Loaded node '/robot2/smoother_server' in container 'robot2/nav2_container'
[component_container_isolated-13] [INFO] [1758387487.245283012] [robot2.nav2_container]: Load Library: /opt/ros/jazzy/lib/libnav2_lifecycle_manager_core.so
[component_container_isolated-13] [INFO] [1758387487.246240630] [robot2.nav2_container]: Found class: rclcpp_components::NodeFactoryTemplate<nav2_lifecycle_manager::LifecycleManager>
[component_container_isolated-13] [INFO] [1758387487.246260251] [robot2.nav2_container]: Instantiate class: rclcpp_components::NodeFactoryTemplate<nav2_lifecycle_manager::LifecycleManager>
[component_container_isolated-13] [INFO] [1758387487.269070500] [robot2.lifecycle_manager_localization]: Creating
[component_container_isolated-13] [INFO] [1758387487.274962807] [robot2.lifecycle_manager_localization]: [34m[1mCreating and initializing lifecycle service clients[0m[0m
[component_container_isolated-13] [INFO] [1758387487.275158028] [robot2.nav2_container]: Load Library: /opt/ros/jazzy/lib/libplanner_server_core.so
[component_container_isolated-13] [INFO] [1758387487.276378109] [robot2.nav2_container]: Found class: rclcpp_components::NodeFactoryTemplate<nav2_planner::PlannerServer>
[component_container_isolated-13] [INFO] [1758387487.276415506] [robot2.nav2_container]: Instantiate class: rclcpp_components::NodeFactoryTemplate<nav2_planner::PlannerServer>
[INFO] [launch_ros.actions.load_composable_nodes]: Loaded node '/robot2/lifecycle_manager_localization' in container 'robot2/nav2_container'
[component_container_isolated-12] [INFO] [1758387487.282047141] [robot1.local_costmap.local_costmap]: Timed out waiting for transform from robot1/base_link to robot1/odom to become available, tf error: Invalid frame ID "robot1/odom" passed to canTransform argument target_frame - frame does not exist
[rviz2-16] [INFO] [1758387487.287423183] [rviz2]: Trying to create a map of size 384 x 384 using 1 swatches
[rviz2-16] [ERROR] [1758387487.293140239] [rviz2]: rviz/glsl120/indexed_8bit_image.vert
[rviz2-16] rviz/glsl120/indexed_8bit_image.frag
[rviz2-16]  GLSL link result : 
[rviz2-16] active samplers with a different type refer to the same texture image unit
[component_container_isolated-13] [INFO] [1758387487.295085020] [robot2.lifecycle_manager_localization]: [34m[1mStarting managed nodes bringup...[0m[0m
[component_container_isolated-13] [INFO] [1758387487.295166149] [robot2.lifecycle_manager_localization]: [34m[1mConfiguring map_server[0m[0m
[component_container_isolated-13] [INFO] [1758387487.295775983] [robot2.map_server]: Configuring
[component_container_isolated-13] [INFO] [1758387487.295869601] [map_io]: Loading yaml file: /root/ros_ws/install/nav2_bringup/share/nav2_bringup/maps/turtlebot3_world.yaml
[component_container_isolated-13] [INFO] [1758387487.296238987] [map_io]: resolution: 0.05
[component_container_isolated-13] [INFO] [1758387487.296257611] [map_io]: origin[0]: -10
[component_container_isolated-13] [INFO] [1758387487.296261267] [map_io]: origin[1]: -10
[component_container_isolated-13] [INFO] [1758387487.296264213] [map_io]: origin[2]: 0
[component_container_isolated-13] [INFO] [1758387487.296267595] [map_io]: free_thresh: 0.196
[component_container_isolated-13] [INFO] [1758387487.296270416] [map_io]: occupied_thresh: 0.65
[component_container_isolated-13] [INFO] [1758387487.296274599] [map_io]: mode: trinary
[component_container_isolated-13] [INFO] [1758387487.296279107] [map_io]: negate: 0
[component_container_isolated-13] [INFO] [1758387487.296535372] [map_io]: Loading image_file: /root/ros_ws/install/nav2_bringup/share/nav2_bringup/maps/turtlebot3_world.pgm
[map_server-8] [INFO] [1758387487.296012558] [robot2.map_server]: Configuring
[map_server-8] [INFO] [1758387487.296272583] [map_io]: Loading yaml file: /root/ros_ws/install/turtlebot3_navigation2/share/turtlebot3_navigation2/map/map.yaml
[map_server-8] [INFO] [1758387487.296661140] [map_io]: resolution: 0.05
[map_server-8] [INFO] [1758387487.296681117] [map_io]: origin[0]: -10
[map_server-8] [INFO] [1758387487.296687988] [map_io]: origin[1]: -10
[map_server-8] [INFO] [1758387487.296693310] [map_io]: origin[2]: 0
[map_server-8] [INFO] [1758387487.296698784] [map_io]: free_thresh: 0.196
[map_server-8] [INFO] [1758387487.296704307] [map_io]: occupied_thresh: 0.65
[map_server-8] [INFO] [1758387487.296710629] [map_io]: mode: trinary
[map_server-8] [INFO] [1758387487.296715890] [map_io]: negate: 0
[map_server-8] [INFO] [1758387487.296961685] [map_io]: Loading image_file: /root/ros_ws/install/turtlebot3_navigation2/share/turtlebot3_navigation2/map/map.pgm
[component_container_isolated-13] [INFO] [1758387487.298898532] [map_io]: Read map /root/ros_ws/install/nav2_bringup/share/nav2_bringup/maps/turtlebot3_world.pgm: 384 X 384 map @ 0.05 m/cell
[map_server-8] [INFO] [1758387487.301273208] [map_io]: Read map /root/ros_ws/install/turtlebot3_navigation2/share/turtlebot3_navigation2/map/map.pgm: 384 X 384 map @ 0.05 m/cell
[component_container_isolated-13] [INFO] [1758387487.310528078] [robot2.lifecycle_manager_localization]: [34m[1mConfiguring amcl[0m[0m
[component_container_isolated-13] [INFO] [1758387487.310848500] [robot2.amcl]: Configuring
[component_container_isolated-13] [INFO] [1758387487.310970080] [robot2.amcl]: initTransforms
[component_container_isolated-13] [INFO] [1758387487.333729235] [robot2.planner_server]: 
[component_container_isolated-13] 	planner_server lifecycle node launched. 
[component_container_isolated-13] 	Waiting on external lifecycle transitions to activate
[component_container_isolated-13] 	See https://design.ros2.org/articles/node_lifecycle.html for more information.
[component_container_isolated-13] [INFO] [1758387487.339013679] [robot2.planner_server]: Creating
[component_container_isolated-13] [INFO] [1758387487.367342465] [robot2.amcl]: initPubSub
[component_container_isolated-13] [INFO] [1758387487.403983815] [robot2.amcl]: Subscribed to map topic.
[component_container_isolated-13] [INFO] [1758387487.421407263] [robot2.amcl]: Received a 384 X 384 map @ 0.050 m/pix
[component_container_isolated-13] [INFO] [1758387487.422416298] [robot2.lifecycle_manager_localization]: [34m[1mActivating map_server[0m[0m
[component_container_isolated-13] [INFO] [1758387487.423146114] [robot2.map_server]: Activating
[component_container_isolated-13] [INFO] [1758387487.423514940] [robot2.map_server]: Creating bond (map_server) to lifecycle manager.
[map_server-8] [INFO] [1758387487.423274549] [robot2.map_server]: Activating
[map_server-8] [INFO] [1758387487.423603388] [robot2.map_server]: Creating bond (map_server) to lifecycle manager.
[component_container_isolated-13] [INFO] [1758387487.434658678] [robot2.global_costmap.global_costmap]: 
[component_container_isolated-13] 	global_costmap lifecycle node launched. 
[component_container_isolated-13] 	Waiting on external lifecycle transitions to activate
[component_container_isolated-13] 	See https://design.ros2.org/articles/node_lifecycle.html for more information.
[component_container_isolated-13] [INFO] [1758387487.436477350] [robot2.global_costmap.global_costmap]: Creating Costmap
[INFO] [launch_ros.actions.load_composable_nodes]: Loaded node '/robot2/planner_server' in container 'robot2/nav2_container'
[component_container_isolated-13] [INFO] [1758387487.448501013] [robot2.nav2_container]: Load Library: /opt/ros/jazzy/lib/libbehavior_server_core.so
[component_container_isolated-13] [INFO] [1758387487.449627185] [robot2.nav2_container]: Found class: rclcpp_components::NodeFactoryTemplate<behavior_server::BehaviorServer>
[component_container_isolated-13] [INFO] [1758387487.449700909] [robot2.nav2_container]: Instantiate class: rclcpp_components::NodeFactoryTemplate<behavior_server::BehaviorServer>
[component_container_isolated-13] [INFO] [1758387487.488357415] [robot2.behavior_server]: 
[component_container_isolated-13] 	behavior_server lifecycle node launched. 
[component_container_isolated-13] 	Waiting on external lifecycle transitions to activate
[component_container_isolated-13] 	See https://design.ros2.org/articles/node_lifecycle.html for more information.
[INFO] [launch_ros.actions.load_composable_nodes]: Loaded node '/robot2/behavior_server' in container 'robot2/nav2_container'
[component_container_isolated-13] [INFO] [1758387487.499835676] [robot2.nav2_container]: Load Library: /opt/ros/jazzy/lib/libbt_navigator_core.so
[component_container_isolated-13] [INFO] [1758387487.501887356] [robot2.nav2_container]: Found class: rclcpp_components::NodeFactoryTemplate<nav2_bt_navigator::BtNavigator>
[component_container_isolated-13] [INFO] [1758387487.501927095] [robot2.nav2_container]: Instantiate class: rclcpp_components::NodeFactoryTemplate<nav2_bt_navigator::BtNavigator>
[component_container_isolated-13] [INFO] [1758387487.533354099] [robot2.lifecycle_manager_localization]: Server map_server connected with bond.
[component_container_isolated-13] [INFO] [1758387487.533419782] [robot2.lifecycle_manager_localization]: [34m[1mActivating amcl[0m[0m
[component_container_isolated-13] [INFO] [1758387487.533777667] [robot2.amcl]: Activating
[component_container_isolated-13] [INFO] [1758387487.533849648] [robot2.amcl]: initialPoseReceived
[component_container_isolated-13] [INFO] [1758387487.533998978] [robot2.amcl]: Setting pose (0.199000): -0.500 1.000 0.000
[component_container_isolated-13] [INFO] [1758387487.534515474] [robot2.amcl]: Creating bond (amcl) to lifecycle manager.
[component_container_isolated-13] [INFO] [1758387487.570546412] [robot2.bt_navigator]: 
[component_container_isolated-13] 	bt_navigator lifecycle node launched. 
[component_container_isolated-13] 	Waiting on external lifecycle transitions to activate
[component_container_isolated-13] 	See https://design.ros2.org/articles/node_lifecycle.html for more information.
[component_container_isolated-13] [INFO] [1758387487.572987638] [robot2.bt_navigator]: Creating
[INFO] [launch_ros.actions.load_composable_nodes]: Loaded node '/robot2/bt_navigator' in container 'robot2/nav2_container'
[component_container_isolated-13] [INFO] [1758387487.576960791] [robot2.nav2_container]: Load Library: /opt/ros/jazzy/lib/libwaypoint_follower_core.so
[component_container_isolated-13] [INFO] [1758387487.578963259] [robot2.nav2_container]: Found class: rclcpp_components::NodeFactoryTemplate<nav2_waypoint_follower::WaypointFollower>
[component_container_isolated-13] [INFO] [1758387487.579067554] [robot2.nav2_container]: Instantiate class: rclcpp_components::NodeFactoryTemplate<nav2_waypoint_follower::WaypointFollower>
[component_container_isolated-13] [INFO] [1758387487.620648253] [robot2.waypoint_follower]: 
[component_container_isolated-13] 	waypoint_follower lifecycle node launched. 
[component_container_isolated-13] 	Waiting on external lifecycle transitions to activate
[component_container_isolated-13] 	See https://design.ros2.org/articles/node_lifecycle.html for more information.
[component_container_isolated-13] [INFO] [1758387487.622084320] [robot2.waypoint_follower]: Creating
[INFO] [launch_ros.actions.load_composable_nodes]: Loaded node '/robot2/waypoint_follower' in container 'robot2/nav2_container'
[component_container_isolated-13] [INFO] [1758387487.626874502] [robot2.nav2_container]: Load Library: /opt/ros/jazzy/lib/libvelocity_smoother_core.so
[component_container_isolated-13] [INFO] [1758387487.627915167] [robot2.nav2_container]: Found class: rclcpp_components::NodeFactoryTemplate<nav2_velocity_smoother::VelocitySmoother>
[component_container_isolated-13] [INFO] [1758387487.627971171] [robot2.nav2_container]: Instantiate class: rclcpp_components::NodeFactoryTemplate<nav2_velocity_smoother::VelocitySmoother>
[component_container_isolated-13] [INFO] [1758387487.652459508] [robot2.lifecycle_manager_localization]: Server amcl connected with bond.
[component_container_isolated-13] [INFO] [1758387487.652581222] [robot2.lifecycle_manager_localization]: [34m[1mManaged nodes are active[0m[0m
[component_container_isolated-13] [INFO] [1758387487.652615391] [robot2.lifecycle_manager_localization]: [34m[1mCreating bond timer...[0m[0m
[component_container_isolated-13] [INFO] [1758387487.680738426] [robot2.velocity_smoother]: 
[component_container_isolated-13] 	velocity_smoother lifecycle node launched. 
[component_container_isolated-13] 	Waiting on external lifecycle transitions to activate
[component_container_isolated-13] 	See https://design.ros2.org/articles/node_lifecycle.html for more information.
[INFO] [launch_ros.actions.load_composable_nodes]: Loaded node '/robot2/velocity_smoother' in container 'robot2/nav2_container'
[component_container_isolated-13] [INFO] [1758387487.684748371] [robot2.nav2_container]: Found class: rclcpp_components::NodeFactoryTemplate<nav2_lifecycle_manager::LifecycleManager>
[component_container_isolated-13] [INFO] [1758387487.684788677] [robot2.nav2_container]: Instantiate class: rclcpp_components::NodeFactoryTemplate<nav2_lifecycle_manager::LifecycleManager>
[component_container_isolated-13] [INFO] [1758387487.733689467] [robot2.lifecycle_manager_navigation]: Creating
[component_container_isolated-13] [INFO] [1758387487.740587583] [robot2.lifecycle_manager_navigation]: [34m[1mCreating and initializing lifecycle service clients[0m[0m
[INFO] [launch_ros.actions.load_composable_nodes]: Loaded node '/robot2/lifecycle_manager_navigation' in container 'robot2/nav2_container'
[component_container_isolated-13] [INFO] [1758387487.772208490] [robot2.lifecycle_manager_navigation]: [34m[1mStarting managed nodes bringup...[0m[0m
[component_container_isolated-13] [INFO] [1758387487.772273446] [robot2.lifecycle_manager_navigation]: [34m[1mConfiguring controller_server[0m[0m
[component_container_isolated-13] [INFO] [1758387487.772755366] [robot2.controller_server]: Configuring controller interface
[component_container_isolated-13] [INFO] [1758387487.772799521] [robot2.controller_server]: getting progress checker plugins..
[component_container_isolated-13] [INFO] [1758387487.773735940] [robot2.controller_server]: getting goal checker plugins..
[component_container_isolated-13] [INFO] [1758387487.774327221] [robot2.controller_server]: Controller frequency set to 10.0000Hz
[component_container_isolated-13] [INFO] [1758387487.774417586] [robot2.local_costmap.local_costmap]: Configuring
[component_container_isolated-12] [INFO] [1758387487.782054669] [robot1.local_costmap.local_costmap]: Timed out waiting for transform from robot1/base_link to robot1/odom to become available, tf error: Invalid frame ID "robot1/odom" passed to canTransform argument target_frame - frame does not exist
[component_container_isolated-13] [INFO] [1758387487.785905810] [robot2.local_costmap.local_costmap]: Using plugin "obstacle_layer"
[component_container_isolated-13] [INFO] [1758387487.790251364] [robot2.local_costmap.local_costmap]: Subscribed to Topics: scan
[component_container_isolated-13] [INFO] [1758387487.799128057] [robot2.local_costmap.local_costmap]: Initialized plugin "obstacle_layer"
[component_container_isolated-13] [INFO] [1758387487.799222563] [robot2.local_costmap.local_costmap]: Using plugin "voxel_layer"
[component_container_isolated-13] [INFO] [1758387487.804000400] [robot2.local_costmap.local_costmap]: Subscribed to Topics: scan
[component_container_isolated-13] [INFO] [1758387487.819954923] [robot2.local_costmap.local_costmap]: Initialized plugin "voxel_layer"
[component_container_isolated-13] [INFO] [1758387487.820003860] [robot2.local_costmap.local_costmap]: Using plugin "inflation_layer"
[component_container_isolated-13] [INFO] [1758387487.822066590] [robot2.local_costmap.local_costmap]: Initialized plugin "inflation_layer"
[component_container_isolated-13] [INFO] [1758387487.901151783] [robot2.controller_server]: Created progress_checker : progress_checker of type nav2_controller::SimpleProgressChecker
[component_container_isolated-13] [INFO] [1758387487.902215865] [robot2.controller_server]: Controller Server has progress_checker  progress checkers available.
[component_container_isolated-13] [INFO] [1758387487.902864451] [robot2.controller_server]: Created goal checker : goal_checker of type nav2_controller::SimpleGoalChecker
[component_container_isolated-13] [INFO] [1758387487.903679177] [robot2.controller_server]: Controller Server has goal_checker  goal checkers available.
[component_container_isolated-13] [INFO] [1758387487.906995744] [robot2.controller_server]: Created controller : FollowPath of type dwb_core::DWBLocalPlanner
[component_container_isolated-13] [INFO] [1758387487.909864732] [robot2.controller_server]: Setting transform_tolerance to 0.500000
[component_container_isolated-13] [INFO] [1758387487.933441337] [robot2.controller_server]: Using critic "RotateToGoal" (dwb_critics::RotateToGoalCritic)
[component_container_isolated-13] [INFO] [1758387487.935420624] [robot2.controller_server]: Critic plugin initialized
[component_container_isolated-13] [INFO] [1758387487.935906976] [robot2.controller_server]: Using critic "Oscillation" (dwb_critics::OscillationCritic)
[component_container_isolated-13] [INFO] [1758387487.937805268] [robot2.controller_server]: Critic plugin initialized
[component_container_isolated-13] [INFO] [1758387487.938228230] [robot2.controller_server]: Using critic "BaseObstacle" (dwb_critics::BaseObstacleCritic)
[component_container_isolated-13] [INFO] [1758387487.938768716] [robot2.controller_server]: Critic plugin initialized
[component_container_isolated-13] [INFO] [1758387487.939069890] [robot2.controller_server]: Using critic "GoalAlign" (dwb_critics::GoalAlignCritic)
[component_container_isolated-13] [INFO] [1758387487.940091993] [robot2.controller_server]: Critic plugin initialized
[component_container_isolated-13] [INFO] [1758387487.940558958] [robot2.controller_server]: Using critic "PathAlign" (dwb_critics::PathAlignCritic)
[component_container_isolated-13] [INFO] [1758387487.941626827] [robot2.controller_server]: Critic plugin initialized
[component_container_isolated-13] [INFO] [1758387487.941999976] [robot2.controller_server]: Using critic "PathDist" (dwb_critics::PathDistCritic)
[component_container_isolated-13] [INFO] [1758387487.942735266] [robot2.controller_server]: Critic plugin initialized
[component_container_isolated-13] [INFO] [1758387487.943124497] [robot2.controller_server]: Using critic "GoalDist" (dwb_critics::GoalDistCritic)
[component_container_isolated-13] [INFO] [1758387487.943819497] [robot2.controller_server]: Critic plugin initialized
[component_container_isolated-13] [INFO] [1758387487.943862790] [robot2.controller_server]: Controller Server has FollowPath  controllers available.
[component_container_isolated-13] [INFO] [1758387487.965820428] [robot2.lifecycle_manager_navigation]: [34m[1mConfiguring smoother_server[0m[0m
[component_container_isolated-13] [INFO] [1758387487.966132328] [robot2.smoother_server]: Configuring smoother server
[component_container_isolated-13] [INFO] [1758387487.999404189] [robot2.smoother_server]: Created smoother : simple_smoother of type nav2_smoother::SimpleSmoother
[component_container_isolated-13] [INFO] [1758387488.001024342] [robot2.smoother_server]: Smoother Server has simple_smoother  smoothers available.
[component_container_isolated-13] [INFO] [1758387488.031811427] [robot2.lifecycle_manager_navigation]: [34m[1mConfiguring planner_server[0m[0m
[component_container_isolated-13] [INFO] [1758387488.032114989] [robot2.planner_server]: Configuring
[component_container_isolated-13] [INFO] [1758387488.032165933] [robot2.global_costmap.global_costmap]: Configuring
[component_container_isolated-13] [INFO] [1758387488.046379143] [robot2.global_costmap.global_costmap]: Using plugin "static_layer"
[component_container_isolated-13] [INFO] [1758387488.049299845] [robot2.global_costmap.global_costmap]: Subscribing to the map topic (/robot2/map) with transient local durability
[component_container_isolated-13] [INFO] [1758387488.051347194] [robot2.global_costmap.global_costmap]: Initialized plugin "static_layer"
[component_container_isolated-13] [INFO] [1758387488.051400848] [robot2.global_costmap.global_costmap]: Using plugin "obstacle_layer"
[component_container_isolated-13] [INFO] [1758387488.053617417] [robot2.global_costmap.global_costmap]: Subscribed to Topics: scan
[component_container_isolated-13] [INFO] [1758387488.064248887] [robot2.global_costmap.global_costmap]: Initialized plugin "obstacle_layer"
[component_container_isolated-13] [INFO] [1758387488.064297978] [robot2.global_costmap.global_costmap]: Using plugin "voxel_layer"
[component_container_isolated-13] [INFO] [1758387488.067516930] [robot2.global_costmap.global_costmap]: Subscribed to Topics: scan
[component_container_isolated-13] [INFO] [1758387488.087441086] [robot2.global_costmap.global_costmap]: Initialized plugin "voxel_layer"
[component_container_isolated-13] [INFO] [1758387488.087496805] [robot2.global_costmap.global_costmap]: Using plugin "inflation_layer"
[component_container_isolated-13] [INFO] [1758387488.091999280] [robot2.global_costmap.global_costmap]: Initialized plugin "inflation_layer"
[component_container_isolated-13] [INFO] [1758387488.133139264] [robot2.global_costmap.global_costmap]: StaticLayer: Resizing costmap to 384 X 384 at 0.050000 m/pix
[component_container_isolated-13] [INFO] [1758387488.133579546] [robot2.planner_server]: Created global planner plugin GridBased of type nav2_navfn_planner::NavfnPlanner
[component_container_isolated-13] [INFO] [1758387488.133607694] [robot2.planner_server]: Configuring plugin GridBased of type NavfnPlanner
[component_container_isolated-13] [INFO] [1758387488.135278124] [robot2.planner_server]: Planner Server has GridBased  planners available.
[component_container_isolated-13] [INFO] [1758387488.157077381] [robot2.lifecycle_manager_navigation]: [34m[1mConfiguring behavior_server[0m[0m
[component_container_isolated-13] [INFO] [1758387488.157331594] [robot2.behavior_server]: Configuring
[component_container_isolated-13] [INFO] [1758387488.167680364] [robot2.behavior_server]: Creating behavior plugin spin of type nav2_behaviors::Spin
[component_container_isolated-13] [INFO] [1758387488.169174056] [robot2.behavior_server]: Creating behavior plugin backup of type nav2_behaviors::BackUp
[component_container_isolated-13] [INFO] [1758387488.170402918] [robot2.behavior_server]: Creating behavior plugin drive_on_heading of type nav2_behaviors::DriveOnHeading
[component_container_isolated-13] [INFO] [1758387488.171710072] [robot2.behavior_server]: Creating behavior plugin wait of type nav2_behaviors::Wait
[component_container_isolated-13] [INFO] [1758387488.172801339] [robot2.behavior_server]: Creating behavior plugin assisted_teleop of type nav2_behaviors::AssistedTeleop
[component_container_isolated-13] [INFO] [1758387488.179047575] [robot2.behavior_server]: Configuring spin
[component_container_isolated-13] [INFO] [1758387488.198930793] [robot2.behavior_server]: Configuring backup
[component_container_isolated-13] [INFO] [1758387488.209029027] [robot2.behavior_server]: Configuring drive_on_heading
[component_container_isolated-13] [INFO] [1758387488.221022255] [robot2.behavior_server]: Configuring wait
[component_container_isolated-13] [INFO] [1758387488.229064667] [robot2.behavior_server]: Configuring assisted_teleop
[component_container_isolated-13] [INFO] [1758387488.246702458] [robot2.lifecycle_manager_navigation]: [34m[1mConfiguring bt_navigator[0m[0m
[component_container_isolated-13] [INFO] [1758387488.246937819] [robot2.bt_navigator]: Configuring
[component_container_isolated-13] [INFO] [1758387488.258517518] [robot2.bt_navigator]: Creating navigator id navigate_to_pose of type nav2_bt_navigator::NavigateToPoseNavigator
[component_container_isolated-13] [WARN] [1758387488.262411695] [robot2.bt_navigator]: Error_code parameters were not set. Using default values of: follow_path_error_code compute_path_error_code
[component_container_isolated-13] Make sure these match your BT and there are not other sources of error codes youreported to your application
[component_container_isolated-12] [INFO] [1758387488.282081788] [robot1.local_costmap.local_costmap]: Timed out waiting for transform from robot1/base_link to robot1/odom to become available, tf error: Invalid frame ID "robot1/odom" passed to canTransform argument target_frame - frame does not exist
[component_container_isolated-13] [INFO] [1758387488.363394377] [robot2.bt_navigator]: Creating navigator id navigate_through_poses of type nav2_bt_navigator::NavigateThroughPosesNavigator
[component_container_isolated-13] [INFO] [1758387488.433665705] [robot2.lifecycle_manager_navigation]: [34m[1mConfiguring waypoint_follower[0m[0m
[component_container_isolated-13] [INFO] [1758387488.433934660] [robot2.waypoint_follower]: Configuring
[component_container_isolated-13] [INFO] [1758387488.484120756] [robot2.waypoint_follower]: Created waypoint_task_executor : wait_at_waypoint of type nav2_waypoint_follower::WaitAtWaypoint
[component_container_isolated-13] [INFO] [1758387488.487044992] [robot2.lifecycle_manager_navigation]: [34m[1mConfiguring velocity_smoother[0m[0m
[component_container_isolated-13] [INFO] [1758387488.487523235] [robot2.velocity_smoother]: Configuring velocity smoother
[component_container_isolated-13] [INFO] [1758387488.500688637] [robot2.lifecycle_manager_navigation]: [34m[1mActivating controller_server[0m[0m
[component_container_isolated-13] [INFO] [1758387488.501142442] [robot2.controller_server]: Activating
[component_container_isolated-13] [INFO] [1758387488.501200204] [robot2.local_costmap.local_costmap]: Activating
[component_container_isolated-13] [INFO] [1758387488.501214887] [robot2.local_costmap.local_costmap]: Checking transform
[component_container_isolated-13] [INFO] [1758387488.501251428] [robot2.local_costmap.local_costmap]: Timed out waiting for transform from robot2/base_link to robot2/odom to become available, tf error: Invalid frame ID "robot2/odom" passed to canTransform argument target_frame - frame does not exist
[component_container_isolated-12] [INFO] [1758387488.782094906] [robot1.local_costmap.local_costmap]: Timed out waiting for transform from robot1/base_link to robot1/odom to become available, tf error: Invalid frame ID "robot1/odom" passed to canTransform argument target_frame - frame does not exist
[component_container_isolated-13] [INFO] [1758387489.001386338] [robot2.local_costmap.local_costmap]: Timed out waiting for transform from robot2/base_link to robot2/odom to become available, tf error: Invalid frame ID "robot2/odom" passed to canTransform argument target_frame - frame does not exist
[component_container_isolated-12] [INFO] [1758387489.282317508] [robot1.local_costmap.local_costmap]: Timed out waiting for transform from robot1/base_link to robot1/odom to become available, tf error: Invalid frame ID "robot1/odom" passed to canTransform argument target_frame - frame does not exist
[component_container_isolated-13] [INFO] [1758387489.501388027] [robot2.local_costmap.local_costmap]: Timed out waiting for transform from robot2/base_link to robot2/odom to become available, tf error: Invalid frame ID "robot2/odom" passed to canTransform argument target_frame - frame does not exist
[component_container_isolated-12] [INFO] [1758387489.782060852] [robot1.local_costmap.local_costmap]: Timed out waiting for transform from robot1/base_link to robot1/odom to become available, tf error: Invalid frame ID "robot1/odom" passed to canTransform argument target_frame - frame does not exist
[component_container_isolated-13] [INFO] [1758387490.001396526] [robot2.local_costmap.local_costmap]: Timed out waiting for transform from robot2/base_link to robot2/odom to become available, tf error: Invalid frame ID "robot2/odom" passed to canTransform argument target_frame - frame does not exist
[component_container_isolated-12] [INFO] [1758387490.282240887] [robot1.local_costmap.local_costmap]: Timed out waiting for transform from robot1/base_link to robot1/odom to become available, tf error: Invalid frame ID "robot1/odom" passed to canTransform argument target_frame - frame does not exist
[component_container_isolated-13] [INFO] [1758387490.501364843] [robot2.local_costmap.local_costmap]: Timed out waiting for transform from robot2/base_link to robot2/odom to become available, tf error: Invalid frame ID "robot2/odom" passed to canTransform argument target_frame - frame does not exist
[component_container_isolated-12] [INFO] [1758387490.783313571] [robot1.local_costmap.local_costmap]: Timed out waiting for transform from robot1/base_link to robot1/odom to become available, tf error: Invalid frame ID "robot1/odom" passed to canTransform argument target_frame - frame does not exist
[component_container_isolated-12] [INFO] [1758387490.817183363] [robot1.amcl]: Message Filter dropping message: frame 'robot1/base_scan' at time 0.100 for reason 'the timestamp on the message is earlier than all the data in the transform cache'
[component_container_isolated-13] [INFO] [1758387491.001378454] [robot2.local_costmap.local_costmap]: Timed out waiting for transform from robot2/base_link to robot2/odom to become available, tf error: Invalid frame ID "robot2/odom" passed to canTransform argument target_frame - frame does not exist
[component_container_isolated-12] [INFO] [1758387491.283982082] [robot1.local_costmap.local_costmap]: Timed out waiting for transform from robot1/base_link to robot1/odom to become available, tf error: Invalid frame ID "robot1/odom" passed to canTransform argument target_frame - frame does not exist
[component_container_isolated-13] [INFO] [1758387491.501426970] [robot2.local_costmap.local_costmap]: Timed out waiting for transform from robot2/base_link to robot2/odom to become available, tf error: Invalid frame ID "robot2/odom" passed to canTransform argument target_frame - frame does not exist
[component_container_isolated-12] [INFO] [1758387491.782903093] [robot1.local_costmap.local_costmap]: Timed out waiting for transform from robot1/base_link to robot1/odom to become available, tf error: Invalid frame ID "robot1/odom" passed to canTransform argument target_frame - frame does not exist
[component_container_isolated-13] [INFO] [1758387492.001439574] [robot2.local_costmap.local_costmap]: Timed out waiting for transform from robot2/base_link to robot2/odom to become available, tf error: Invalid frame ID "robot2/odom" passed to canTransform argument target_frame - frame does not exist
[component_container_isolated-12] [INFO] [1758387492.282213320] [robot1.local_costmap.local_costmap]: Timed out waiting for transform from robot1/base_link to robot1/odom to become available, tf error: Invalid frame ID "robot1/odom" passed to canTransform argument target_frame - frame does not exist
[component_container_isolated-13] [INFO] [1758387492.505633767] [robot2.local_costmap.local_costmap]: Timed out waiting for transform from robot2/base_link to robot2/odom to become available, tf error: Invalid frame ID "robot2/odom" passed to canTransform argument target_frame - frame does not exist
[component_container_isolated-12] [INFO] [1758387492.782087731] [robot1.local_costmap.local_costmap]: Timed out waiting for transform from robot1/base_link to robot1/odom to become available, tf error: Invalid frame ID "robot1/odom" passed to canTransform argument target_frame - frame does not exist
[component_container_isolated-13] [INFO] [1758387493.002726472] [robot2.local_costmap.local_costmap]: Timed out waiting for transform from robot2/base_link to robot2/odom to become available, tf error: Invalid frame ID "robot2/odom" passed to canTransform argument target_frame - frame does not exist
[component_container_isolated-13] [INFO] [1758387493.270597016] [robot2.amcl]: Message Filter dropping message: frame 'robot2/base_scan' at time 0.200 for reason 'the timestamp on the message is earlier than all the data in the transform cache'
[component_container_isolated-12] [INFO] [1758387493.270705005] [robot1.amcl]: Message Filter dropping message: frame 'robot1/base_scan' at time 0.200 for reason 'the timestamp on the message is earlier than all the data in the transform cache'
[component_container_isolated-12] [INFO] [1758387493.282053022] [robot1.local_costmap.local_costmap]: Timed out waiting for transform from robot1/base_link to robot1/odom to become available, tf error: Invalid frame ID "robot1/odom" passed to canTransform argument target_frame - frame does not exist
[component_container_isolated-13] [INFO] [1758387493.501359192] [robot2.local_costmap.local_costmap]: Timed out waiting for transform from robot2/base_link to robot2/odom to become available, tf error: Invalid frame ID "robot2/odom" passed to canTransform argument target_frame - frame does not exist
[component_container_isolated-12] [INFO] [1758387493.782076485] [robot1.local_costmap.local_costmap]: Timed out waiting for transform from robot1/base_link to robot1/odom to become available, tf error: Invalid frame ID "robot1/odom" passed to canTransform argument target_frame - frame does not exist
[component_container_isolated-13] [INFO] [1758387494.001364740] [robot2.local_costmap.local_costmap]: Timed out waiting for transform from robot2/base_link to robot2/odom to become available, tf error: Invalid frame ID "robot2/odom" passed to canTransform argument target_frame - frame does not exist
[component_container_isolated-13] [INFO] [1758387494.228083266] [robot2.amcl]: Message Filter dropping message: frame 'robot2/base_scan' at time 0.300 for reason 'the timestamp on the message is earlier than all the data in the transform cache'
[component_container_isolated-12] [INFO] [1758387494.228083196] [robot1.amcl]: Message Filter dropping message: frame 'robot1/base_scan' at time 0.300 for reason 'the timestamp on the message is earlier than all the data in the transform cache'
[component_container_isolated-12] [INFO] [1758387494.282106383] [robot1.local_costmap.local_costmap]: Timed out waiting for transform from robot1/base_link to robot1/odom to become available, tf error: Invalid frame ID "robot1/odom" passed to canTransform argument target_frame - frame does not exist
[component_container_isolated-13] [INFO] [1758387494.501360268] [robot2.local_costmap.local_costmap]: Timed out waiting for transform from robot2/base_link to robot2/odom to become available, tf error: Invalid frame ID "robot2/odom" passed to canTransform argument target_frame - frame does not exist
[component_container_isolated-12] [INFO] [1758387494.786736668] [robot1.local_costmap.local_costmap]: Timed out waiting for transform from robot1/base_link to robot1/odom to become available, tf error: Invalid frame ID "robot1/odom" passed to canTransform argument target_frame - frame does not exist
[component_container_isolated-13] [INFO] [1758387495.001338622] [robot2.local_costmap.local_costmap]: Timed out waiting for transform from robot2/base_link to robot2/odom to become available, tf error: Invalid frame ID "robot2/odom" passed to canTransform argument target_frame - frame does not exist
[component_container_isolated-12] [INFO] [1758387495.162249196] [robot1.amcl]: Message Filter dropping message: frame 'robot1/base_scan' at time 0.400 for reason 'the timestamp on the message is earlier than all the data in the transform cache'
[component_container_isolated-13] [INFO] [1758387495.162317748] [robot2.amcl]: Message Filter dropping message: frame 'robot2/base_scan' at time 0.400 for reason 'the timestamp on the message is earlier than all the data in the transform cache'
[component_container_isolated-12] [INFO] [1758387495.282079566] [robot1.local_costmap.local_costmap]: Timed out waiting for transform from robot1/base_link to robot1/odom to become available, tf error: Invalid frame ID "robot1/odom" passed to canTransform argument target_frame - frame does not exist
[component_container_isolated-13] [INFO] [1758387495.503995844] [robot2.local_costmap.local_costmap]: Timed out waiting for transform from robot2/base_link to robot2/odom to become available, tf error: Invalid frame ID "robot2/odom" passed to canTransform argument target_frame - frame does not exist
[component_container_isolated-12] [INFO] [1758387495.782132326] [robot1.local_costmap.local_costmap]: Timed out waiting for transform from robot1/base_link to robot1/odom to become available, tf error: Invalid frame ID "robot1/odom" passed to canTransform argument target_frame - frame does not exist
[component_container_isolated-13] [INFO] [1758387496.001372590] [robot2.local_costmap.local_costmap]: Timed out waiting for transform from robot2/base_link to robot2/odom to become available, tf error: Invalid frame ID "robot2/odom" passed to canTransform argument target_frame - frame does not exist
[component_container_isolated-12] [INFO] [1758387496.154289365] [robot1.amcl]: Message Filter dropping message: frame 'robot1/base_scan' at time 0.500 for reason 'the timestamp on the message is earlier than all the data in the transform cache'
[component_container_isolated-13] [INFO] [1758387496.154570673] [robot2.amcl]: Message Filter dropping message: frame 'robot2/base_scan' at time 0.500 for reason 'the timestamp on the message is earlier than all the data in the transform cache'
[component_container_isolated-12] [INFO] [1758387496.284407153] [robot1.local_costmap.local_costmap]: Timed out waiting for transform from robot1/base_link to robot1/odom to become available, tf error: Invalid frame ID "robot1/odom" passed to canTransform argument target_frame - frame does not exist
[component_container_isolated-13] [INFO] [1758387496.501474915] [robot2.local_costmap.local_costmap]: Timed out waiting for transform from robot2/base_link to robot2/odom to become available, tf error: Invalid frame ID "robot2/odom" passed to canTransform argument target_frame - frame does not exist
[component_container_isolated-12] [INFO] [1758387496.782085308] [robot1.local_costmap.local_costmap]: Timed out waiting for transform from robot1/base_link to robot1/odom to become available, tf error: Invalid frame ID "robot1/odom" passed to canTransform argument target_frame - frame does not exist
[component_container_isolated-13] [INFO] [1758387497.001440357] [robot2.local_costmap.local_costmap]: Timed out waiting for transform from robot2/base_link to robot2/odom to become available, tf error: Invalid frame ID "robot2/odom" passed to canTransform argument target_frame - frame does not exist
[component_container_isolated-13] [INFO] [1758387497.188634677] [robot2.amcl]: Message Filter dropping message: frame 'robot2/base_scan' at time 0.600 for reason 'the timestamp on the message is earlier than all the data in the transform cache'
[component_container_isolated-12] [INFO] [1758387497.188744630] [robot1.amcl]: Message Filter dropping message: frame 'robot1/base_scan' at time 0.600 for reason 'the timestamp on the message is earlier than all the data in the transform cache'
[component_container_isolated-12] [INFO] [1758387497.282061812] [robot1.local_costmap.local_costmap]: Timed out waiting for transform from robot1/base_link to robot1/odom to become available, tf error: Invalid frame ID "robot1/odom" passed to canTransform argument target_frame - frame does not exist
[component_container_isolated-13] [INFO] [1758387497.501643740] [robot2.local_costmap.local_costmap]: Timed out waiting for transform from robot2/base_link to robot2/odom to become available, tf error: Invalid frame ID "robot2/odom" passed to canTransform argument target_frame - frame does not exist
[component_container_isolated-12] [INFO] [1758387497.782078585] [robot1.local_costmap.local_costmap]: Timed out waiting for transform from robot1/base_link to robot1/odom to become available, tf error: Invalid frame ID "robot1/odom" passed to canTransform argument target_frame - frame does not exist
[component_container_isolated-13] [INFO] [1758387498.001733487] [robot2.local_costmap.local_costmap]: Timed out waiting for transform from robot2/base_link to robot2/odom to become available, tf error: Invalid frame ID "robot2/odom" passed to canTransform argument target_frame - frame does not exist
[component_container_isolated-12] [INFO] [1758387498.174006482] [robot1.amcl]: Message Filter dropping message: frame 'robot1/base_scan' at time 0.700 for reason 'the timestamp on the message is earlier than all the data in the transform cache'
[component_container_isolated-13] [INFO] [1758387498.174098154] [robot2.amcl]: Message Filter dropping message: frame 'robot2/base_scan' at time 0.700 for reason 'the timestamp on the message is earlier than all the data in the transform cache'
[component_container_isolated-12] [INFO] [1758387498.283186410] [robot1.local_costmap.local_costmap]: Timed out waiting for transform from robot1/base_link to robot1/odom to become available, tf error: Invalid frame ID "robot1/odom" passed to canTransform argument target_frame - frame does not exist
[component_container_isolated-13] [INFO] [1758387498.501388125] [robot2.local_costmap.local_costmap]: Timed out waiting for transform from robot2/base_link to robot2/odom to become available, tf error: Invalid frame ID "robot2/odom" passed to canTransform argument target_frame - frame does not exist
[component_container_isolated-12] [INFO] [1758387498.786735853] [robot1.local_costmap.local_costmap]: Timed out waiting for transform from robot1/base_link to robot1/odom to become available, tf error: Invalid frame ID "robot1/odom" passed to canTransform argument target_frame - frame does not exist
[component_container_isolated-13] [INFO] [1758387499.001649698] [robot2.local_costmap.local_costmap]: Timed out waiting for transform from robot2/base_link to robot2/odom to become available, tf error: Invalid frame ID "robot2/odom" passed to canTransform argument target_frame - frame does not exist
[component_container_isolated-12] [INFO] [1758387499.100917619] [robot1.amcl]: Message Filter dropping message: frame 'robot1/base_scan' at time 0.800 for reason 'the timestamp on the message is earlier than all the data in the transform cache'
[component_container_isolated-13] [INFO] [1758387499.100989806] [robot2.amcl]: Message Filter dropping message: frame 'robot2/base_scan' at time 0.800 for reason 'the timestamp on the message is earlier than all the data in the transform cache'
[component_container_isolated-12] [INFO] [1758387499.281981185] [robot1.local_costmap.local_costmap]: Timed out waiting for transform from robot1/base_link to robot1/odom to become available, tf error: Invalid frame ID "robot1/odom" passed to canTransform argument target_frame - frame does not exist
[component_container_isolated-13] [INFO] [1758387499.501351703] [robot2.local_costmap.local_costmap]: Timed out waiting for transform from robot2/base_link to robot2/odom to become available, tf error: Invalid frame ID "robot2/odom" passed to canTransform argument target_frame - frame does not exist
[component_container_isolated-12] [INFO] [1758387499.781987779] [robot1.local_costmap.local_costmap]: Timed out waiting for transform from robot1/base_link to robot1/odom to become available, tf error: Invalid frame ID "robot1/odom" passed to canTransform argument target_frame - frame does not exist
[component_container_isolated-13] [INFO] [1758387500.001308409] [robot2.local_costmap.local_costmap]: Timed out waiting for transform from robot2/base_link to robot2/odom to become available, tf error: Invalid frame ID "robot2/odom" passed to canTransform argument target_frame - frame does not exist
[component_container_isolated-12] [INFO] [1758387500.074645688] [robot1.amcl]: Message Filter dropping message: frame 'robot1/base_scan' at time 0.900 for reason 'the timestamp on the message is earlier than all the data in the transform cache'
[component_container_isolated-13] [INFO] [1758387500.074677361] [robot2.amcl]: Message Filter dropping message: frame 'robot2/base_scan' at time 0.900 for reason 'the timestamp on the message is earlier than all the data in the transform cache'
[component_container_isolated-12] [INFO] [1758387500.282045140] [robot1.local_costmap.local_costmap]: Timed out waiting for transform from robot1/base_link to robot1/odom to become available, tf error: Invalid frame ID "robot1/odom" passed to canTransform argument target_frame - frame does not exist
[component_container_isolated-13] [INFO] [1758387500.502775724] [robot2.local_costmap.local_costmap]: Timed out waiting for transform from robot2/base_link to robot2/odom to become available, tf error: Invalid frame ID "robot2/odom" passed to canTransform argument target_frame - frame does not exist
[component_container_isolated-12] [INFO] [1758387500.783697714] [robot1.local_costmap.local_costmap]: Timed out waiting for transform from robot1/base_link to robot1/odom to become available, tf error: Invalid frame ID "robot1/odom" passed to canTransform argument target_frame - frame does not exist
[component_container_isolated-13] [INFO] [1758387501.001679147] [robot2.local_costmap.local_costmap]: Timed out waiting for transform from robot2/base_link to robot2/odom to become available, tf error: Invalid frame ID "robot2/odom" passed to canTransform argument target_frame - frame does not exist
