[0.955s] Invoking command in '/root/ros_ws/src/turtlebot3-jazzy/turtlebot3_teleop': PYTHONPATH=/root/ros_ws/build/turtlebot3_teleop/prefix_override:/usr/lib/python3/dist-packages/colcon_core/task/python/colcon_distutils_commands:/root/ros_ws/install/turtlebot3_teleop/lib/python3.12/site-packages:${PYTHONPATH} /usr/bin/python3 -W ignore:setup.py install is deprecated -W ignore:easy_install command is deprecated setup.py egg_info --egg-base ../../../build/turtlebot3_teleop build --build-base /root/ros_ws/build/turtlebot3_teleop/build install --record /root/ros_ws/build/turtlebot3_teleop/install.log --single-version-externally-managed install_data
[1.125s] running egg_info
[1.125s] creating ../../../build/turtlebot3_teleop/turtlebot3_teleop.egg-info
[1.134s] writing ../../../build/turtlebot3_teleop/turtlebot3_teleop.egg-info/PKG-INFO
[1.134s] writing dependency_links to ../../../build/turtlebot3_teleop/turtlebot3_teleop.egg-info/dependency_links.txt
[1.134s] writing entry points to ../../../build/turtlebot3_teleop/turtlebot3_teleop.egg-info/entry_points.txt
[1.134s] writing requirements to ../../../build/turtlebot3_teleop/turtlebot3_teleop.egg-info/requires.txt
[1.134s] writing top-level names to ../../../build/turtlebot3_teleop/turtlebot3_teleop.egg-info/top_level.txt
[1.135s] writing manifest file '../../../build/turtlebot3_teleop/turtlebot3_teleop.egg-info/SOURCES.txt'
[1.157s] reading manifest file '../../../build/turtlebot3_teleop/turtlebot3_teleop.egg-info/SOURCES.txt'
[1.158s] writing manifest file '../../../build/turtlebot3_teleop/turtlebot3_teleop.egg-info/SOURCES.txt'
[1.158s] running build
[1.158s] running build_py
[1.158s] creating /root/ros_ws/build/turtlebot3_teleop/build
[1.158s] creating /root/ros_ws/build/turtlebot3_teleop/build/lib
[1.159s] creating /root/ros_ws/build/turtlebot3_teleop/build/lib/turtlebot3_teleop
[1.159s] copying turtlebot3_teleop/__init__.py -> /root/ros_ws/build/turtlebot3_teleop/build/lib/turtlebot3_teleop
[1.159s] creating /root/ros_ws/build/turtlebot3_teleop/build/lib/turtlebot3_teleop/script
[1.159s] copying turtlebot3_teleop/script/teleop_keyboard.py -> /root/ros_ws/build/turtlebot3_teleop/build/lib/turtlebot3_teleop/script
[1.160s] copying turtlebot3_teleop/script/__init__.py -> /root/ros_ws/build/turtlebot3_teleop/build/lib/turtlebot3_teleop/script
[1.160s] running install
[1.165s] running install_lib
[1.174s] creating /root/ros_ws/install/turtlebot3_teleop/lib/python3.12/site-packages/turtlebot3_teleop
[1.174s] copying /root/ros_ws/build/turtlebot3_teleop/build/lib/turtlebot3_teleop/__init__.py -> /root/ros_ws/install/turtlebot3_teleop/lib/python3.12/site-packages/turtlebot3_teleop
[1.174s] creating /root/ros_ws/install/turtlebot3_teleop/lib/python3.12/site-packages/turtlebot3_teleop/script
[1.174s] copying /root/ros_ws/build/turtlebot3_teleop/build/lib/turtlebot3_teleop/script/teleop_keyboard.py -> /root/ros_ws/install/turtlebot3_teleop/lib/python3.12/site-packages/turtlebot3_teleop/script
[1.175s] copying /root/ros_ws/build/turtlebot3_teleop/build/lib/turtlebot3_teleop/script/__init__.py -> /root/ros_ws/install/turtlebot3_teleop/lib/python3.12/site-packages/turtlebot3_teleop/script
[1.175s] byte-compiling /root/ros_ws/install/turtlebot3_teleop/lib/python3.12/site-packages/turtlebot3_teleop/__init__.py to __init__.cpython-312.pyc
[1.175s] byte-compiling /root/ros_ws/install/turtlebot3_teleop/lib/python3.12/site-packages/turtlebot3_teleop/script/teleop_keyboard.py to teleop_keyboard.cpython-312.pyc
[1.177s] byte-compiling /root/ros_ws/install/turtlebot3_teleop/lib/python3.12/site-packages/turtlebot3_teleop/script/__init__.py to __init__.cpython-312.pyc
[1.177s] running install_data
[1.177s] creating /root/ros_ws/install/turtlebot3_teleop/share/ament_index
[1.177s] creating /root/ros_ws/install/turtlebot3_teleop/share/ament_index/resource_index
[1.177s] creating /root/ros_ws/install/turtlebot3_teleop/share/ament_index/resource_index/packages
[1.178s] copying resource/turtlebot3_teleop -> /root/ros_ws/install/turtlebot3_teleop/share/ament_index/resource_index/packages
[1.179s] copying package.xml -> /root/ros_ws/install/turtlebot3_teleop/share/turtlebot3_teleop
[1.179s] running install_egg_info
[1.188s] Copying ../../../build/turtlebot3_teleop/turtlebot3_teleop.egg-info to /root/ros_ws/install/turtlebot3_teleop/lib/python3.12/site-packages/turtlebot3_teleop-2.3.3-py3.12.egg-info
[1.188s] running install_scripts
[1.267s] Installing teleop_keyboard script to /root/ros_ws/install/turtlebot3_teleop/lib/turtlebot3_teleop
[1.268s] writing list of installed files to '/root/ros_ws/build/turtlebot3_teleop/install.log'
[1.299s] Invoked command in '/root/ros_ws/src/turtlebot3-jazzy/turtlebot3_teleop' returned '0': PYTHONPATH=/root/ros_ws/build/turtlebot3_teleop/prefix_override:/usr/lib/python3/dist-packages/colcon_core/task/python/colcon_distutils_commands:/root/ros_ws/install/turtlebot3_teleop/lib/python3.12/site-packages:${PYTHONPATH} /usr/bin/python3 -W ignore:setup.py install is deprecated -W ignore:easy_install command is deprecated setup.py egg_info --egg-base ../../../build/turtlebot3_teleop build --build-base /root/ros_ws/build/turtlebot3_teleop/build install --record /root/ros_ws/build/turtlebot3_teleop/install.log --single-version-externally-managed install_data
