[0.035s] Invoking command in '/root/ros_ws/build/turtlebot3_cartographer': CMAKE_PREFIX_PATH=${CMAKE_PREFIX_PATH}:/root/ros_ws/install/turtlebot3_teleop:/root/ros_ws/install/turtlebot3_example:/root/ros_ws/install/tb3_multi_nav:/opt/ros/jazzy /usr/bin/cmake --build /root/ros_ws/build/turtlebot3_cartographer -- -j16 -l16
[0.432s] Invoked command in '/root/ros_ws/build/turtlebot3_cartographer' returned '0': CMAKE_PREFIX_PATH=${CMAKE_PREFIX_PATH}:/root/ros_ws/install/turtlebot3_teleop:/root/ros_ws/install/turtlebot3_example:/root/ros_ws/install/tb3_multi_nav:/opt/ros/jazzy /usr/bin/cmake --build /root/ros_ws/build/turtlebot3_cartographer -- -j16 -l16
[0.433s] Invoking command in '/root/ros_ws/build/turtlebot3_cartographer': CMAKE_PREFIX_PATH=${CMAKE_PREFIX_PATH}:/root/ros_ws/install/turtlebot3_teleop:/root/ros_ws/install/turtlebot3_example:/root/ros_ws/install/tb3_multi_nav:/opt/ros/jazzy /usr/bin/cmake --install /root/ros_ws/build/turtlebot3_cartographer
[0.447s] -- Install configuration: ""
[0.447s] -- Up-to-date: /root/ros_ws/install/turtlebot3_cartographer/share/turtlebot3_cartographer/config
[0.447s] -- Up-to-date: /root/ros_ws/install/turtlebot3_cartographer/share/turtlebot3_cartographer/config/turtlebot3_lds_2d.lua
[0.448s] -- Up-to-date: /root/ros_ws/install/turtlebot3_cartographer/share/turtlebot3_cartographer/launch
[0.448s] -- Up-to-date: /root/ros_ws/install/turtlebot3_cartographer/share/turtlebot3_cartographer/launch/cartographer.launch.py
[0.448s] -- Up-to-date: /root/ros_ws/install/turtlebot3_cartographer/share/turtlebot3_cartographer/launch/occupancy_grid.launch.py
[0.448s] -- Up-to-date: /root/ros_ws/install/turtlebot3_cartographer/share/turtlebot3_cartographer/rviz
[0.448s] -- Up-to-date: /root/ros_ws/install/turtlebot3_cartographer/share/turtlebot3_cartographer/rviz/tb3_cartographer.rviz:Zone.Identifier
[0.448s] -- Up-to-date: /root/ros_ws/install/turtlebot3_cartographer/share/turtlebot3_cartographer/rviz/tb3_cartographer.rviz
[0.448s] -- Up-to-date: /root/ros_ws/install/turtlebot3_cartographer/share/ament_index/resource_index/package_run_dependencies/turtlebot3_cartographer
[0.448s] -- Up-to-date: /root/ros_ws/install/turtlebot3_cartographer/share/ament_index/resource_index/parent_prefix_path/turtlebot3_cartographer
[0.448s] -- Up-to-date: /root/ros_ws/install/turtlebot3_cartographer/share/turtlebot3_cartographer/environment/ament_prefix_path.sh
[0.448s] -- Up-to-date: /root/ros_ws/install/turtlebot3_cartographer/share/turtlebot3_cartographer/environment/ament_prefix_path.dsv
[0.448s] -- Up-to-date: /root/ros_ws/install/turtlebot3_cartographer/share/turtlebot3_cartographer/environment/path.sh
[0.448s] -- Up-to-date: /root/ros_ws/install/turtlebot3_cartographer/share/turtlebot3_cartographer/environment/path.dsv
[0.448s] -- Up-to-date: /root/ros_ws/install/turtlebot3_cartographer/share/turtlebot3_cartographer/local_setup.bash
[0.448s] -- Up-to-date: /root/ros_ws/install/turtlebot3_cartographer/share/turtlebot3_cartographer/local_setup.sh
[0.449s] -- Up-to-date: /root/ros_ws/install/turtlebot3_cartographer/share/turtlebot3_cartographer/local_setup.zsh
[0.449s] -- Up-to-date: /root/ros_ws/install/turtlebot3_cartographer/share/turtlebot3_cartographer/local_setup.dsv
[0.449s] -- Installing: /root/ros_ws/install/turtlebot3_cartographer/share/turtlebot3_cartographer/package.dsv
[0.450s] -- Up-to-date: /root/ros_ws/install/turtlebot3_cartographer/share/ament_index/resource_index/packages/turtlebot3_cartographer
[0.451s] -- Up-to-date: /root/ros_ws/install/turtlebot3_cartographer/share/turtlebot3_cartographer/cmake/turtlebot3_cartographerConfig.cmake
[0.451s] -- Up-to-date: /root/ros_ws/install/turtlebot3_cartographer/share/turtlebot3_cartographer/cmake/turtlebot3_cartographerConfig-version.cmake
[0.451s] -- Up-to-date: /root/ros_ws/install/turtlebot3_cartographer/share/turtlebot3_cartographer/package.xml
[0.461s] Invoked command in '/root/ros_ws/build/turtlebot3_cartographer' returned '0': CMAKE_PREFIX_PATH=${CMAKE_PREFIX_PATH}:/root/ros_ws/install/turtlebot3_teleop:/root/ros_ws/install/turtlebot3_example:/root/ros_ws/install/tb3_multi_nav:/opt/ros/jazzy /usr/bin/cmake --install /root/ros_ws/build/turtlebot3_cartographer
