[0.039s] Invoking command in '/root/ros_ws/build/turtlebot3_description': CMAKE_PREFIX_PATH=${CMAKE_PREFIX_PATH}:/root/ros_ws/install/turtlebot3_teleop:/root/ros_ws/install/turtlebot3_example:/root/ros_ws/install/tb3_multi_nav:/opt/ros/jazzy /usr/bin/cmake /root/ros_ws/src/turtlebot3-jazzy/turtlebot3_description -DCMAKE_INSTALL_PREFIX=/root/ros_ws/install/turtlebot3_description
[0.499s] -- The C compiler identification is GNU 13.3.0
[0.499s] -- The CXX compiler identification is GNU 13.3.0
[0.499s] -- Detecting C compiler ABI info
[0.499s] -- Detecting C compiler ABI info - done
[0.499s] -- Check for working C compiler: /usr/bin/cc - skipped
[0.499s] -- Detecting C compile features
[0.499s] -- Detecting C compile features - done
[0.499s] -- Detecting CXX compiler ABI info
[0.499s] -- Detecting CXX compiler ABI info - done
[0.501s] -- Check for working CXX compiler: /usr/bin/c++ - skipped
[0.501s] -- Detecting CXX compile features
[0.501s] -- Detecting CXX compile features - done
[0.501s] -- Found ament_cmake: 2.5.4 (/opt/ros/jazzy/share/ament_cmake/cmake)
[0.501s] -- Found Python3: /usr/bin/python3 (found version "3.12.3") found components: Interpreter 
[0.633s] -- Found urdf: 2.10.0 (/opt/ros/jazzy/share/urdf/cmake)
[0.705s] -- Found TinyXML2 via Config file: /usr/lib/x86_64-linux-gnu/cmake/tinyxml2
[0.808s] -- Configuring done (0.8s)
[0.811s] -- Generating done (0.0s)
[0.812s] -- Build files have been written to: /root/ros_ws/build/turtlebot3_description
[0.819s] Invoked command in '/root/ros_ws/build/turtlebot3_description' returned '0': CMAKE_PREFIX_PATH=${CMAKE_PREFIX_PATH}:/root/ros_ws/install/turtlebot3_teleop:/root/ros_ws/install/turtlebot3_example:/root/ros_ws/install/tb3_multi_nav:/opt/ros/jazzy /usr/bin/cmake /root/ros_ws/src/turtlebot3-jazzy/turtlebot3_description -DCMAKE_INSTALL_PREFIX=/root/ros_ws/install/turtlebot3_description
[0.820s] Invoking command in '/root/ros_ws/build/turtlebot3_description': CMAKE_PREFIX_PATH=${CMAKE_PREFIX_PATH}:/root/ros_ws/install/turtlebot3_teleop:/root/ros_ws/install/turtlebot3_example:/root/ros_ws/install/tb3_multi_nav:/opt/ros/jazzy /usr/bin/cmake --build /root/ros_ws/build/turtlebot3_description -- -j16 -l16
[0.859s] Invoked command in '/root/ros_ws/build/turtlebot3_description' returned '0': CMAKE_PREFIX_PATH=${CMAKE_PREFIX_PATH}:/root/ros_ws/install/turtlebot3_teleop:/root/ros_ws/install/turtlebot3_example:/root/ros_ws/install/tb3_multi_nav:/opt/ros/jazzy /usr/bin/cmake --build /root/ros_ws/build/turtlebot3_description -- -j16 -l16
[0.859s] Invoking command in '/root/ros_ws/build/turtlebot3_description': CMAKE_PREFIX_PATH=${CMAKE_PREFIX_PATH}:/root/ros_ws/install/turtlebot3_teleop:/root/ros_ws/install/turtlebot3_example:/root/ros_ws/install/tb3_multi_nav:/opt/ros/jazzy /usr/bin/cmake --install /root/ros_ws/build/turtlebot3_description
[0.868s] -- Install configuration: ""
[0.868s] -- Installing: /root/ros_ws/install/turtlebot3_description/share/turtlebot3_description/meshes
[0.868s] -- Installing: /root/ros_ws/install/turtlebot3_description/share/turtlebot3_description/meshes/bases
[0.868s] -- Installing: /root/ros_ws/install/turtlebot3_description/share/turtlebot3_description/meshes/bases/waffle_base.stl:Zone.Identifier
[0.869s] -- Installing: /root/ros_ws/install/turtlebot3_description/share/turtlebot3_description/meshes/bases/waffle_pi_base.stl
[0.884s] -- Installing: /root/ros_ws/install/turtlebot3_description/share/turtlebot3_description/meshes/bases/waffle_pi_base.stl:Zone.Identifier
[0.884s] -- Installing: /root/ros_ws/install/turtlebot3_description/share/turtlebot3_description/meshes/bases/burger_base.stl:Zone.Identifier
[0.885s] -- Installing: /root/ros_ws/install/turtlebot3_description/share/turtlebot3_description/meshes/bases/waffle_base.stl
[0.917s] -- Installing: /root/ros_ws/install/turtlebot3_description/share/turtlebot3_description/meshes/bases/burger_base.stl
[0.930s] -- Installing: /root/ros_ws/install/turtlebot3_description/share/turtlebot3_description/meshes/sensors
[0.930s] -- Installing: /root/ros_ws/install/turtlebot3_description/share/turtlebot3_description/meshes/sensors/r200.jpg
[0.931s] -- Installing: /root/ros_ws/install/turtlebot3_description/share/turtlebot3_description/meshes/sensors/astra.jpg:Zone.Identifier
[0.932s] -- Installing: /root/ros_ws/install/turtlebot3_description/share/turtlebot3_description/meshes/sensors/r200.dae:Zone.Identifier
[0.932s] -- Installing: /root/ros_ws/install/turtlebot3_description/share/turtlebot3_description/meshes/sensors/lds.stl:Zone.Identifier
[0.932s] -- Installing: /root/ros_ws/install/turtlebot3_description/share/turtlebot3_description/meshes/sensors/r200.dae
[0.933s] -- Installing: /root/ros_ws/install/turtlebot3_description/share/turtlebot3_description/meshes/sensors/lds.stl
[0.935s] -- Installing: /root/ros_ws/install/turtlebot3_description/share/turtlebot3_description/meshes/sensors/astra.dae:Zone.Identifier
[0.935s] -- Installing: /root/ros_ws/install/turtlebot3_description/share/turtlebot3_description/meshes/sensors/astra.jpg
[0.936s] -- Installing: /root/ros_ws/install/turtlebot3_description/share/turtlebot3_description/meshes/sensors/r200.jpg:Zone.Identifier
[0.936s] -- Installing: /root/ros_ws/install/turtlebot3_description/share/turtlebot3_description/meshes/sensors/astra.dae
[0.955s] -- Installing: /root/ros_ws/install/turtlebot3_description/share/turtlebot3_description/meshes/wheels
[0.956s] -- Installing: /root/ros_ws/install/turtlebot3_description/share/turtlebot3_description/meshes/wheels/right_tire.stl:Zone.Identifier
[0.956s] -- Installing: /root/ros_ws/install/turtlebot3_description/share/turtlebot3_description/meshes/wheels/right_tire.stl
[0.960s] -- Installing: /root/ros_ws/install/turtlebot3_description/share/turtlebot3_description/meshes/wheels/left_tire.stl
[0.962s] -- Installing: /root/ros_ws/install/turtlebot3_description/share/turtlebot3_description/meshes/wheels/left_tire.stl:Zone.Identifier
[0.962s] -- Installing: /root/ros_ws/install/turtlebot3_description/share/turtlebot3_description/rviz
[0.963s] -- Installing: /root/ros_ws/install/turtlebot3_description/share/turtlebot3_description/rviz/model.rviz
[0.964s] -- Installing: /root/ros_ws/install/turtlebot3_description/share/turtlebot3_description/rviz/model.rviz:Zone.Identifier
[0.965s] -- Installing: /root/ros_ws/install/turtlebot3_description/share/turtlebot3_description/urdf
[0.965s] -- Installing: /root/ros_ws/install/turtlebot3_description/share/turtlebot3_description/urdf/common_properties.urdf:Zone.Identifier
[0.965s] -- Installing: /root/ros_ws/install/turtlebot3_description/share/turtlebot3_description/urdf/turtlebot3_waffle.urdf
[0.966s] -- Installing: /root/ros_ws/install/turtlebot3_description/share/turtlebot3_description/urdf/turtlebot3_waffle_pi.urdf:Zone.Identifier
[0.966s] -- Installing: /root/ros_ws/install/turtlebot3_description/share/turtlebot3_description/urdf/turtlebot3_burger.urdf
[0.966s] -- Installing: /root/ros_ws/install/turtlebot3_description/share/turtlebot3_description/urdf/turtlebot3_waffle_pi.urdf
[0.967s] -- Installing: /root/ros_ws/install/turtlebot3_description/share/turtlebot3_description/urdf/turtlebot3_waffle.urdf:Zone.Identifier
[0.967s] -- Installing: /root/ros_ws/install/turtlebot3_description/share/turtlebot3_description/urdf/common_properties.urdf
[0.968s] -- Installing: /root/ros_ws/install/turtlebot3_description/share/turtlebot3_description/urdf/turtlebot3_burger.urdf:Zone.Identifier
[0.969s] -- Installing: /root/ros_ws/install/turtlebot3_description/share/ament_index/resource_index/package_run_dependencies/turtlebot3_description
[0.969s] -- Installing: /root/ros_ws/install/turtlebot3_description/share/ament_index/resource_index/parent_prefix_path/turtlebot3_description
[0.970s] -- Installing: /root/ros_ws/install/turtlebot3_description/share/turtlebot3_description/environment/ament_prefix_path.sh
[0.970s] -- Installing: /root/ros_ws/install/turtlebot3_description/share/turtlebot3_description/environment/ament_prefix_path.dsv
[0.970s] -- Installing: /root/ros_ws/install/turtlebot3_description/share/turtlebot3_description/environment/path.sh
[0.970s] -- Installing: /root/ros_ws/install/turtlebot3_description/share/turtlebot3_description/environment/path.dsv
[0.971s] -- Installing: /root/ros_ws/install/turtlebot3_description/share/turtlebot3_description/local_setup.bash
[0.971s] -- Installing: /root/ros_ws/install/turtlebot3_description/share/turtlebot3_description/local_setup.sh
[0.971s] -- Installing: /root/ros_ws/install/turtlebot3_description/share/turtlebot3_description/local_setup.zsh
[0.972s] -- Installing: /root/ros_ws/install/turtlebot3_description/share/turtlebot3_description/local_setup.dsv
[0.972s] -- Installing: /root/ros_ws/install/turtlebot3_description/share/turtlebot3_description/package.dsv
[0.972s] -- Installing: /root/ros_ws/install/turtlebot3_description/share/ament_index/resource_index/packages/turtlebot3_description
[0.972s] -- Installing: /root/ros_ws/install/turtlebot3_description/share/turtlebot3_description/cmake/turtlebot3_descriptionConfig.cmake
[0.972s] -- Installing: /root/ros_ws/install/turtlebot3_description/share/turtlebot3_description/cmake/turtlebot3_descriptionConfig-version.cmake
[0.972s] -- Installing: /root/ros_ws/install/turtlebot3_description/share/turtlebot3_description/package.xml
[0.978s] Invoked command in '/root/ros_ws/build/turtlebot3_description' returned '0': CMAKE_PREFIX_PATH=${CMAKE_PREFIX_PATH}:/root/ros_ws/install/turtlebot3_teleop:/root/ros_ws/install/turtlebot3_example:/root/ros_ws/install/tb3_multi_nav:/opt/ros/jazzy /usr/bin/cmake --install /root/ros_ws/build/turtlebot3_description
