[0.019s] Invoking command in '/root/ros_ws/build/turtlebot3_bringup': CMAKE_PREFIX_PATH=/root/ros_ws/install/turtlebot3_node:/root/ros_ws/install/turtlebot3_description:/root/ros_ws/install/turtlebot3:/root/ros_ws/install/turtlebot3_bringup:/root/ros_ws/install/turtlebot3_navigation2:/root/ros_ws/install/turtlebot3_gazebo:/root/ros_ws/install/turtlebot3_cartographer:/opt/ros/jazzy/opt/gz_sim_vendor:/opt/ros/jazzy/opt/gz_sensors_vendor:/opt/ros/jazzy/opt/gz_physics_vendor:/opt/ros/jazzy/opt/sdformat_vendor:/opt/ros/jazzy/opt/gz_gui_vendor:/opt/ros/jazzy/opt/gz_transport_vendor:/opt/ros/jazzy/opt/gz_rendering_vendor:/opt/ros/jazzy/opt/gz_plugin_vendor:/opt/ros/jazzy/opt/gz_fuel_tools_vendor:/opt/ros/jazzy/opt/gz_msgs_vendor:/opt/ros/jazzy/opt/gz_common_vendor:/opt/ros/jazzy/opt/gz_math_vendor:/opt/ros/jazzy/opt/gz_utils_vendor:/opt/ros/jazzy/opt/gz_tools_vendor:/opt/ros/jazzy/opt/gz_ogre_next_vendor:/opt/ros/jazzy/opt/gz_dartsim_vendor:/opt/ros/jazzy/opt/gz_cmake_vendor:/root/ros_ws/install/turtlebot3_teleop:/root/ros_ws/install/turtlebot3_example:/root/ros_ws/install/tb3_multi_nav:/opt/ros/jazzy /usr/bin/cmake /root/ros_ws/src/turtlebot3-jazzy/turtlebot3_bringup -DCMAKE_INSTALL_PREFIX=/root/ros_ws/install/turtlebot3_bringup
[0.077s] -- The C compiler identification is GNU 13.3.0
[0.117s] -- The CXX compiler identification is GNU 13.3.0
[0.129s] -- Detecting C compiler ABI info
[0.201s] -- Detecting C compiler ABI info - done
[0.208s] -- Check for working C compiler: /usr/bin/cc - skipped
[0.208s] -- Detecting C compile features
[0.209s] -- Detecting C compile features - done
[0.215s] -- Detecting CXX compiler ABI info
[0.292s] -- Detecting CXX compiler ABI info - done
[0.298s] -- Check for working CXX compiler: /usr/bin/c++ - skipped
[0.298s] -- Detecting CXX compile features
[0.299s] -- Detecting CXX compile features - done
[0.303s] -- Found ament_cmake: 2.5.4 (/opt/ros/jazzy/share/ament_cmake/cmake)
[0.427s] -- Found Python3: /usr/bin/python3 (found version "3.12.3") found components: Interpreter 
[0.586s] -- Configuring done (0.6s)
[0.589s] -- Generating done (0.0s)
[0.590s] -- Build files have been written to: /root/ros_ws/build/turtlebot3_bringup
[0.593s] Invoked command in '/root/ros_ws/build/turtlebot3_bringup' returned '0': CMAKE_PREFIX_PATH=/root/ros_ws/install/turtlebot3_node:/root/ros_ws/install/turtlebot3_description:/root/ros_ws/install/turtlebot3:/root/ros_ws/install/turtlebot3_bringup:/root/ros_ws/install/turtlebot3_navigation2:/root/ros_ws/install/turtlebot3_gazebo:/root/ros_ws/install/turtlebot3_cartographer:/opt/ros/jazzy/opt/gz_sim_vendor:/opt/ros/jazzy/opt/gz_sensors_vendor:/opt/ros/jazzy/opt/gz_physics_vendor:/opt/ros/jazzy/opt/sdformat_vendor:/opt/ros/jazzy/opt/gz_gui_vendor:/opt/ros/jazzy/opt/gz_transport_vendor:/opt/ros/jazzy/opt/gz_rendering_vendor:/opt/ros/jazzy/opt/gz_plugin_vendor:/opt/ros/jazzy/opt/gz_fuel_tools_vendor:/opt/ros/jazzy/opt/gz_msgs_vendor:/opt/ros/jazzy/opt/gz_common_vendor:/opt/ros/jazzy/opt/gz_math_vendor:/opt/ros/jazzy/opt/gz_utils_vendor:/opt/ros/jazzy/opt/gz_tools_vendor:/opt/ros/jazzy/opt/gz_ogre_next_vendor:/opt/ros/jazzy/opt/gz_dartsim_vendor:/opt/ros/jazzy/opt/gz_cmake_vendor:/root/ros_ws/install/turtlebot3_teleop:/root/ros_ws/install/turtlebot3_example:/root/ros_ws/install/tb3_multi_nav:/opt/ros/jazzy /usr/bin/cmake /root/ros_ws/src/turtlebot3-jazzy/turtlebot3_bringup -DCMAKE_INSTALL_PREFIX=/root/ros_ws/install/turtlebot3_bringup
[0.594s] Invoking command in '/root/ros_ws/build/turtlebot3_bringup': CMAKE_PREFIX_PATH=/root/ros_ws/install/turtlebot3_node:/root/ros_ws/install/turtlebot3_description:/root/ros_ws/install/turtlebot3:/root/ros_ws/install/turtlebot3_bringup:/root/ros_ws/install/turtlebot3_navigation2:/root/ros_ws/install/turtlebot3_gazebo:/root/ros_ws/install/turtlebot3_cartographer:/opt/ros/jazzy/opt/gz_sim_vendor:/opt/ros/jazzy/opt/gz_sensors_vendor:/opt/ros/jazzy/opt/gz_physics_vendor:/opt/ros/jazzy/opt/sdformat_vendor:/opt/ros/jazzy/opt/gz_gui_vendor:/opt/ros/jazzy/opt/gz_transport_vendor:/opt/ros/jazzy/opt/gz_rendering_vendor:/opt/ros/jazzy/opt/gz_plugin_vendor:/opt/ros/jazzy/opt/gz_fuel_tools_vendor:/opt/ros/jazzy/opt/gz_msgs_vendor:/opt/ros/jazzy/opt/gz_common_vendor:/opt/ros/jazzy/opt/gz_math_vendor:/opt/ros/jazzy/opt/gz_utils_vendor:/opt/ros/jazzy/opt/gz_tools_vendor:/opt/ros/jazzy/opt/gz_ogre_next_vendor:/opt/ros/jazzy/opt/gz_dartsim_vendor:/opt/ros/jazzy/opt/gz_cmake_vendor:/root/ros_ws/install/turtlebot3_teleop:/root/ros_ws/install/turtlebot3_example:/root/ros_ws/install/tb3_multi_nav:/opt/ros/jazzy /usr/bin/cmake --build /root/ros_ws/build/turtlebot3_bringup -- -j16 -l16
[0.625s] Invoked command in '/root/ros_ws/build/turtlebot3_bringup' returned '0': CMAKE_PREFIX_PATH=/root/ros_ws/install/turtlebot3_node:/root/ros_ws/install/turtlebot3_description:/root/ros_ws/install/turtlebot3:/root/ros_ws/install/turtlebot3_bringup:/root/ros_ws/install/turtlebot3_navigation2:/root/ros_ws/install/turtlebot3_gazebo:/root/ros_ws/install/turtlebot3_cartographer:/opt/ros/jazzy/opt/gz_sim_vendor:/opt/ros/jazzy/opt/gz_sensors_vendor:/opt/ros/jazzy/opt/gz_physics_vendor:/opt/ros/jazzy/opt/sdformat_vendor:/opt/ros/jazzy/opt/gz_gui_vendor:/opt/ros/jazzy/opt/gz_transport_vendor:/opt/ros/jazzy/opt/gz_rendering_vendor:/opt/ros/jazzy/opt/gz_plugin_vendor:/opt/ros/jazzy/opt/gz_fuel_tools_vendor:/opt/ros/jazzy/opt/gz_msgs_vendor:/opt/ros/jazzy/opt/gz_common_vendor:/opt/ros/jazzy/opt/gz_math_vendor:/opt/ros/jazzy/opt/gz_utils_vendor:/opt/ros/jazzy/opt/gz_tools_vendor:/opt/ros/jazzy/opt/gz_ogre_next_vendor:/opt/ros/jazzy/opt/gz_dartsim_vendor:/opt/ros/jazzy/opt/gz_cmake_vendor:/root/ros_ws/install/turtlebot3_teleop:/root/ros_ws/install/turtlebot3_example:/root/ros_ws/install/tb3_multi_nav:/opt/ros/jazzy /usr/bin/cmake --build /root/ros_ws/build/turtlebot3_bringup -- -j16 -l16
[0.625s] Invoking command in '/root/ros_ws/build/turtlebot3_bringup': CMAKE_PREFIX_PATH=/root/ros_ws/install/turtlebot3_node:/root/ros_ws/install/turtlebot3_description:/root/ros_ws/install/turtlebot3:/root/ros_ws/install/turtlebot3_bringup:/root/ros_ws/install/turtlebot3_navigation2:/root/ros_ws/install/turtlebot3_gazebo:/root/ros_ws/install/turtlebot3_cartographer:/opt/ros/jazzy/opt/gz_sim_vendor:/opt/ros/jazzy/opt/gz_sensors_vendor:/opt/ros/jazzy/opt/gz_physics_vendor:/opt/ros/jazzy/opt/sdformat_vendor:/opt/ros/jazzy/opt/gz_gui_vendor:/opt/ros/jazzy/opt/gz_transport_vendor:/opt/ros/jazzy/opt/gz_rendering_vendor:/opt/ros/jazzy/opt/gz_plugin_vendor:/opt/ros/jazzy/opt/gz_fuel_tools_vendor:/opt/ros/jazzy/opt/gz_msgs_vendor:/opt/ros/jazzy/opt/gz_common_vendor:/opt/ros/jazzy/opt/gz_math_vendor:/opt/ros/jazzy/opt/gz_utils_vendor:/opt/ros/jazzy/opt/gz_tools_vendor:/opt/ros/jazzy/opt/gz_ogre_next_vendor:/opt/ros/jazzy/opt/gz_dartsim_vendor:/opt/ros/jazzy/opt/gz_cmake_vendor:/root/ros_ws/install/turtlebot3_teleop:/root/ros_ws/install/turtlebot3_example:/root/ros_ws/install/tb3_multi_nav:/opt/ros/jazzy /usr/bin/cmake --install /root/ros_ws/build/turtlebot3_bringup
[0.631s] -- Install configuration: ""
[0.631s] -- Installing: /root/ros_ws/install/turtlebot3_bringup/share/turtlebot3_bringup/launch
[0.631s] -- Installing: /root/ros_ws/install/turtlebot3_bringup/share/turtlebot3_bringup/launch/robot.launch.py
[0.632s] -- Installing: /root/ros_ws/install/turtlebot3_bringup/share/turtlebot3_bringup/launch/turtlebot3_state_publisher.launch.py
[0.632s] -- Installing: /root/ros_ws/install/turtlebot3_bringup/share/turtlebot3_bringup/launch/camera.launch.py:Zone.Identifier
[0.632s] -- Installing: /root/ros_ws/install/turtlebot3_bringup/share/turtlebot3_bringup/launch/camera.launch.py
[0.633s] -- Installing: /root/ros_ws/install/turtlebot3_bringup/share/turtlebot3_bringup/launch/turtlebot3_state_publisher.launch.py:Zone.Identifier
[0.633s] -- Installing: /root/ros_ws/install/turtlebot3_bringup/share/turtlebot3_bringup/launch/robot.launch.py:Zone.Identifier
[0.633s] -- Installing: /root/ros_ws/install/turtlebot3_bringup/share/turtlebot3_bringup/launch/rviz2.launch.py
[0.633s] -- Installing: /root/ros_ws/install/turtlebot3_bringup/share/turtlebot3_bringup/launch/rviz2.launch.py:Zone.Identifier
[0.634s] -- Installing: /root/ros_ws/install/turtlebot3_bringup/share/turtlebot3_bringup/param
[0.634s] -- Installing: /root/ros_ws/install/turtlebot3_bringup/share/turtlebot3_bringup/param/waffle_pi.yaml
[0.634s] -- Installing: /root/ros_ws/install/turtlebot3_bringup/share/turtlebot3_bringup/param/waffle.yaml
[0.634s] -- Installing: /root/ros_ws/install/turtlebot3_bringup/share/turtlebot3_bringup/param/waffle_pi.yaml:Zone.Identifier
[0.635s] -- Installing: /root/ros_ws/install/turtlebot3_bringup/share/turtlebot3_bringup/param/burger.yaml
[0.635s] -- Installing: /root/ros_ws/install/turtlebot3_bringup/share/turtlebot3_bringup/param/humble
[0.635s] -- Installing: /root/ros_ws/install/turtlebot3_bringup/share/turtlebot3_bringup/param/humble/waffle_pi.yaml
[0.635s] -- Installing: /root/ros_ws/install/turtlebot3_bringup/share/turtlebot3_bringup/param/humble/waffle.yaml
[0.635s] -- Installing: /root/ros_ws/install/turtlebot3_bringup/share/turtlebot3_bringup/param/humble/waffle_pi.yaml:Zone.Identifier
[0.636s] -- Installing: /root/ros_ws/install/turtlebot3_bringup/share/turtlebot3_bringup/param/humble/burger.yaml
[0.636s] -- Installing: /root/ros_ws/install/turtlebot3_bringup/share/turtlebot3_bringup/param/humble/waffle.yaml:Zone.Identifier
[0.636s] -- Installing: /root/ros_ws/install/turtlebot3_bringup/share/turtlebot3_bringup/param/humble/burger.yaml:Zone.Identifier
[0.637s] -- Installing: /root/ros_ws/install/turtlebot3_bringup/share/turtlebot3_bringup/param/waffle.yaml:Zone.Identifier
[0.637s] -- Installing: /root/ros_ws/install/turtlebot3_bringup/share/turtlebot3_bringup/param/burger.yaml:Zone.Identifier
[0.637s] -- Installing: /root/ros_ws/install/turtlebot3_bringup/share/turtlebot3_bringup/script
[0.638s] -- Installing: /root/ros_ws/install/turtlebot3_bringup/share/turtlebot3_bringup/script/create_udev_rules
[0.638s] -- Installing: /root/ros_ws/install/turtlebot3_bringup/share/turtlebot3_bringup/script/create_udev_rules:Zone.Identifier
[0.638s] -- Installing: /root/ros_ws/install/turtlebot3_bringup/share/turtlebot3_bringup/script/99-turtlebot3-cdc.rules:Zone.Identifier
[0.638s] -- Installing: /root/ros_ws/install/turtlebot3_bringup/share/turtlebot3_bringup/script/99-turtlebot3-cdc.rules
[0.638s] -- Installing: /root/ros_ws/install/turtlebot3_bringup/share/ament_index/resource_index/package_run_dependencies/turtlebot3_bringup
[0.639s] -- Installing: /root/ros_ws/install/turtlebot3_bringup/share/ament_index/resource_index/parent_prefix_path/turtlebot3_bringup
[0.639s] -- Installing: /root/ros_ws/install/turtlebot3_bringup/share/turtlebot3_bringup/environment/ament_prefix_path.sh
[0.639s] -- Installing: /root/ros_ws/install/turtlebot3_bringup/share/turtlebot3_bringup/environment/ament_prefix_path.dsv
[0.639s] -- Installing: /root/ros_ws/install/turtlebot3_bringup/share/turtlebot3_bringup/environment/path.sh
[0.639s] -- Installing: /root/ros_ws/install/turtlebot3_bringup/share/turtlebot3_bringup/environment/path.dsv
[0.639s] -- Installing: /root/ros_ws/install/turtlebot3_bringup/share/turtlebot3_bringup/local_setup.bash
[0.639s] -- Installing: /root/ros_ws/install/turtlebot3_bringup/share/turtlebot3_bringup/local_setup.sh
[0.640s] -- Installing: /root/ros_ws/install/turtlebot3_bringup/share/turtlebot3_bringup/local_setup.zsh
[0.640s] -- Installing: /root/ros_ws/install/turtlebot3_bringup/share/turtlebot3_bringup/local_setup.dsv
[0.640s] -- Installing: /root/ros_ws/install/turtlebot3_bringup/share/turtlebot3_bringup/package.dsv
[0.640s] -- Installing: /root/ros_ws/install/turtlebot3_bringup/share/ament_index/resource_index/packages/turtlebot3_bringup
[0.640s] -- Installing: /root/ros_ws/install/turtlebot3_bringup/share/turtlebot3_bringup/cmake/turtlebot3_bringupConfig.cmake
[0.640s] -- Installing: /root/ros_ws/install/turtlebot3_bringup/share/turtlebot3_bringup/cmake/turtlebot3_bringupConfig-version.cmake
[0.640s] -- Installing: /root/ros_ws/install/turtlebot3_bringup/share/turtlebot3_bringup/package.xml
[0.642s] Invoked command in '/root/ros_ws/build/turtlebot3_bringup' returned '0': CMAKE_PREFIX_PATH=/root/ros_ws/install/turtlebot3_node:/root/ros_ws/install/turtlebot3_description:/root/ros_ws/install/turtlebot3:/root/ros_ws/install/turtlebot3_bringup:/root/ros_ws/install/turtlebot3_navigation2:/root/ros_ws/install/turtlebot3_gazebo:/root/ros_ws/install/turtlebot3_cartographer:/opt/ros/jazzy/opt/gz_sim_vendor:/opt/ros/jazzy/opt/gz_sensors_vendor:/opt/ros/jazzy/opt/gz_physics_vendor:/opt/ros/jazzy/opt/sdformat_vendor:/opt/ros/jazzy/opt/gz_gui_vendor:/opt/ros/jazzy/opt/gz_transport_vendor:/opt/ros/jazzy/opt/gz_rendering_vendor:/opt/ros/jazzy/opt/gz_plugin_vendor:/opt/ros/jazzy/opt/gz_fuel_tools_vendor:/opt/ros/jazzy/opt/gz_msgs_vendor:/opt/ros/jazzy/opt/gz_common_vendor:/opt/ros/jazzy/opt/gz_math_vendor:/opt/ros/jazzy/opt/gz_utils_vendor:/opt/ros/jazzy/opt/gz_tools_vendor:/opt/ros/jazzy/opt/gz_ogre_next_vendor:/opt/ros/jazzy/opt/gz_dartsim_vendor:/opt/ros/jazzy/opt/gz_cmake_vendor:/root/ros_ws/install/turtlebot3_teleop:/root/ros_ws/install/turtlebot3_example:/root/ros_ws/install/tb3_multi_nav:/opt/ros/jazzy /usr/bin/cmake --install /root/ros_ws/build/turtlebot3_bringup
